Downloading https://www.cs.toronto.edu/~kriz/cifar-10-python.tar.gz to ./data/cifar-10-python.tar.gz
Extracting ./data/cifar-10-python.tar.gz to ./data
Files already downloaded and verified
Files already downloaded and verified
Start time: 2026-04-22 23:55:36

=== Round 1/100 (MWM_AccDiff) ===
  kd-train: teacher 4 (13.66) -> student 3 (9.94)
  kd-train: teacher 5 (10.62) -> student 1 (9.56)
  kd-train: teacher 2 (11.10) -> student 9 (7.42)
  oracle-train: oracle -> student 6 : 10.10
  oracle-gain in this round: 17.86
  kd-train: teacher 8 (10.58) -> student 7 (10.00)

=== Round 2/100 (MWM_AccDiff) ===
  oracle-train: oracle -> student 7 : 11.00
  oracle-gain in this round: 30.46
  kd-train: teacher 2 (11.10) -> student 1 (10.64)
  kd-train: teacher 6 (27.96) -> student 8 (10.58)
  kd-train: teacher 3 (13.68) -> student 5 (10.62)
  kd-train: teacher 4 (13.66) -> student 9 (9.42)

=== Round 3/100 (MWM_AccDiff) ===
  kd-train: teacher 6 (27.96) -> student 4 (13.66)
  kd-train: teacher 8 (22.40) -> student 1 (9.42)
  kd-train: teacher 7 (41.46) -> student 3 (13.68)
  kd-train: teacher 9 (15.26) -> student 2 (11.10)
  oracle-train: oracle -> student 5 : 13.80
  oracle-gain in this round: 24.84

=== Round 4/100 (MWM_AccDiff) ===
  oracle-train: oracle -> student 1 : 23.02
  oracle-gain in this round: 26.16
  kd-train: teacher 3 (38.86) -> student 8 (22.40)
  kd-train: teacher 7 (41.46) -> student 9 (15.26)
  kd-train: teacher 5 (38.64) -> student 4 (22.42)
  kd-train: teacher 6 (27.96) -> student 2 (15.06)

=== Round 5/100 (MWM_AccDiff) ===
  kd-train: teacher 1 (49.18) -> student 4 (37.54)
  kd-train: teacher 3 (38.86) -> student 2 (26.36)
  kd-train: teacher 7 (41.46) -> student 6 (27.96)
  kd-train: teacher 8 (39.72) -> student 9 (38.24)
  oracle-train: oracle -> student 5 : 38.64
  oracle-gain in this round: 6.22

=== Round 6/100 (MWM_AccDiff) ===
  kd-train: teacher 7 (41.46) -> student 2 (35.12)
  kd-train: teacher 5 (44.86) -> student 8 (39.72)
  kd-train: teacher 4 (43.06) -> student 6 (39.88)
  oracle-train: oracle -> student 3 : 38.86
  oracle-gain in this round: 9.74
  kd-train: teacher 1 (49.18) -> student 9 (39.42)

=== Round 7/100 (MWM_AccDiff) ===
  kd-train: teacher 1 (49.18) -> student 7 (41.46)
  kd-train: teacher 5 (44.86) -> student 2 (39.40)
  oracle-train: oracle -> student 8 : 40.12
  oracle-gain in this round: 10.52
  kd-train: teacher 3 (48.60) -> student 6 (38.22)
  kd-train: teacher 9 (46.74) -> student 4 (43.06)

=== Round 8/100 (MWM_AccDiff) ===
  kd-train: teacher 3 (48.60) -> student 4 (41.70)
  kd-train: teacher 8 (50.64) -> student 6 (30.80)
  kd-train: teacher 9 (46.74) -> student 2 (41.26)
  kd-train: teacher 1 (49.18) -> student 7 (45.54)
  oracle-train: oracle -> student 5 : 44.86
  oracle-gain in this round: 12.84

=== Round 9/100 (MWM_AccDiff) ===
  oracle-train: oracle -> student 4 : 43.56
  oracle-gain in this round: 12.00
  kd-train: teacher 5 (57.70) -> student 7 (45.72)
  kd-train: teacher 3 (48.60) -> student 2 (45.30)
  kd-train: teacher 8 (50.64) -> student 6 (46.28)
  kd-train: teacher 1 (49.18) -> student 9 (46.74)

=== Round 10/100 (MWM_AccDiff) ===
  kd-train: teacher 7 (52.82) -> student 2 (47.18)
  kd-train: teacher 8 (50.64) -> student 1 (49.18)
  oracle-train: oracle -> student 3 : 48.60
  oracle-gain in this round: 8.10
  kd-train: teacher 4 (55.56) -> student 6 (44.96)
  kd-train: teacher 5 (57.70) -> student 9 (47.04)

=== Round 11/100 (MWM_AccDiff) ===
  kd-train: teacher 3 (56.70) -> student 8 (50.64)
  kd-train: teacher 4 (55.56) -> student 9 (51.46)
  oracle-train: oracle -> student 6 : 48.18
  oracle-gain in this round: -24.54
  kd-train: teacher 7 (52.82) -> student 1 (49.06)
  kd-train: teacher 5 (57.70) -> student 2 (47.98)

=== Round 12/100 (MWM_AccDiff) ===
  kd-train: teacher 4 (55.56) -> student 1 (52.24)
  kd-train: teacher 5 (57.70) -> student 7 (52.82)
  kd-train: teacher 2 (56.10) -> student 9 (54.26)
  kd-train: teacher 3 (56.70) -> student 8 (48.34)
  oracle-train: oracle -> student 6 : 23.64
  oracle-gain in this round: 32.20

=== Round 13/100 (MWM_AccDiff) ===
  kd-train: teacher 7 (56.50) -> student 8 (54.86)
  kd-train: teacher 5 (57.70) -> student 4 (55.56)
  oracle-train: oracle -> student 6 : 55.84
  oracle-gain in this round: -4.12
  kd-train: teacher 3 (56.70) -> student 2 (56.10)
  kd-train: teacher 9 (56.18) -> student 1 (51.06)

=== Round 14/100 (MWM_AccDiff) ===
  oracle-train: oracle -> student 4 : 55.52
  oracle-gain in this round: -0.34
  kd-train: teacher 5 (57.70) -> student 6 (51.72)
  kd-train: teacher 7 (56.50) -> student 8 (53.74)
  kd-train: teacher 2 (57.00) -> student 9 (56.18)
  kd-train: teacher 3 (56.70) -> student 1 (55.28)

=== Round 15/100 (MWM_AccDiff) ===
  kd-train: teacher 2 (57.00) -> student 7 (56.50)
  kd-train: teacher 6 (59.60) -> student 4 (55.18)
  kd-train: teacher 5 (57.70) -> student 9 (56.54)
  oracle-train: oracle -> student 8 : 55.18
  oracle-gain in this round: 3.76
  kd-train: teacher 3 (56.70) -> student 1 (53.50)

=== Round 16/100 (MWM_AccDiff) ===
  kd-train: teacher 6 (59.60) -> student 2 (57.00)
  kd-train: teacher 4 (58.84) -> student 3 (56.70)
  kd-train: teacher 5 (57.70) -> student 1 (53.98)
  oracle-train: oracle -> student 9 : 56.88
  oracle-gain in this round: -3.10
  kd-train: teacher 8 (58.94) -> student 7 (54.46)

=== Round 17/100 (MWM_AccDiff) ===
  oracle-train: oracle -> student 7 : 57.00
  oracle-gain in this round: 5.44
  kd-train: teacher 5 (57.70) -> student 1 (57.68)
  kd-train: teacher 4 (58.84) -> student 9 (53.78)
  kd-train: teacher 6 (59.60) -> student 3 (56.84)
  kd-train: teacher 8 (58.94) -> student 2 (56.64)

=== Round 18/100 (MWM_AccDiff) ===
  kd-train: teacher 6 (59.60) -> student 2 (58.22)
  oracle-train: oracle -> student 4 : 58.84
  oracle-gain in this round: 4.20
  kd-train: teacher 8 (58.94) -> student 5 (57.70)
  kd-train: teacher 7 (62.44) -> student 3 (56.58)
  kd-train: teacher 9 (58.98) -> student 1 (58.00)

=== Round 19/100 (MWM_AccDiff) ===
  kd-train: teacher 7 (62.44) -> student 5 (55.66)
  oracle-train: oracle -> student 2 : 57.92
  oracle-gain in this round: 2.10
  kd-train: teacher 3 (59.80) -> student 9 (58.98)
  kd-train: teacher 4 (63.04) -> student 8 (58.94)
  kd-train: teacher 6 (59.60) -> student 1 (57.26)

=== Round 20/100 (MWM_AccDiff) ===
  kd-train: teacher 2 (60.02) -> student 9 (59.66)
  kd-train: teacher 4 (63.04) -> student 5 (58.46)
  kd-train: teacher 7 (62.44) -> student 6 (59.60)
  oracle-train: oracle -> student 8 : 58.44
  oracle-gain in this round: 2.50
  kd-train: teacher 3 (59.80) -> student 1 (57.62)

=== Round 21/100 (MWM_AccDiff) ===
  kd-train: teacher 4 (63.04) -> student 3 (59.80)
  kd-train: teacher 5 (60.26) -> student 1 (59.06)
  kd-train: teacher 7 (62.44) -> student 9 (59.80)
  oracle-train: oracle -> student 6 : 58.70
  oracle-gain in this round: -5.54
  kd-train: teacher 8 (60.94) -> student 2 (60.02)

=== Round 22/100 (MWM_AccDiff) ===
  kd-train: teacher 7 (62.44) -> student 2 (59.84)
  kd-train: teacher 4 (63.04) -> student 3 (60.86)
  kd-train: teacher 8 (60.94) -> student 1 (59.14)
  oracle-train: oracle -> student 5 : 60.26
  oracle-gain in this round: 4.54
  kd-train: teacher 9 (62.60) -> student 6 (53.16)

=== Round 23/100 (MWM_AccDiff) ===
  oracle-train: oracle -> student 7 : 62.44
  oracle-gain in this round: 1.98
  kd-train: teacher 4 (63.04) -> student 3 (60.86)
  kd-train: teacher 5 (64.80) -> student 8 (60.94)
  kd-train: teacher 6 (64.04) -> student 2 (58.76)
  kd-train: teacher 9 (62.60) -> student 1 (62.54)

=== Round 24/100 (MWM_AccDiff) ===
  oracle-train: oracle -> student 4 : 63.04
  oracle-gain in this round: 3.08
  kd-train: teacher 7 (64.42) -> student 1 (60.64)
  kd-train: teacher 6 (64.04) -> student 2 (63.38)
  kd-train: teacher 8 (64.68) -> student 9 (62.60)
  kd-train: teacher 5 (64.80) -> student 3 (63.98)

=== Round 25/100 (MWM_AccDiff) ===
  kd-train: teacher 4 (66.12) -> student 6 (64.04)
  oracle-train: oracle -> student 2 : 63.94
  oracle-gain in this round: 0.86
  kd-train: teacher 7 (64.42) -> student 1 (61.34)
  kd-train: teacher 8 (64.68) -> student 9 (63.10)
  kd-train: teacher 5 (64.80) -> student 3 (56.84)

=== Round 26/100 (MWM_AccDiff) ===
  oracle-train: oracle -> student 7 : 64.42
  oracle-gain in this round: -0.16
  kd-train: teacher 5 (64.80) -> student 1 (63.82)
  kd-train: teacher 4 (66.12) -> student 6 (54.24)
  kd-train: teacher 2 (64.80) -> student 3 (64.20)
  kd-train: teacher 8 (64.68) -> student 9 (62.48)

=== Round 27/100 (MWM_AccDiff) ===
  kd-train: teacher 2 (64.80) -> student 7 (64.26)
  kd-train: teacher 4 (66.12) -> student 9 (63.38)
  kd-train: teacher 8 (64.68) -> student 1 (63.46)
  oracle-train: oracle -> student 6 : 60.34
  oracle-gain in this round: -3.14
  kd-train: teacher 5 (64.80) -> student 3 (62.26)

=== Round 28/100 (MWM_AccDiff) ===
  kd-train: teacher 5 (64.80) -> student 9 (63.96)
  oracle-train: oracle -> student 6 : 57.20
  oracle-gain in this round: 7.82
  kd-train: teacher 3 (65.18) -> student 1 (63.10)
  kd-train: teacher 4 (66.12) -> student 7 (63.40)
  kd-train: teacher 2 (64.80) -> student 8 (64.68)

=== Round 29/100 (MWM_AccDiff) ===
  kd-train: teacher 4 (66.12) -> student 6 (65.02)
  oracle-train: oracle -> student 2 : 64.80
  oracle-gain in this round: 2.32
  kd-train: teacher 9 (66.18) -> student 8 (62.30)
  kd-train: teacher 7 (67.12) -> student 5 (64.80)
  kd-train: teacher 3 (65.18) -> student 1 (62.70)

=== Round 30/100 (MWM_AccDiff) ===
  kd-train: teacher 7 (67.12) -> student 3 (65.18)
  kd-train: teacher 4 (66.12) -> student 1 (64.24)
  kd-train: teacher 9 (66.18) -> student 5 (65.56)
  kd-train: teacher 2 (67.12) -> student 6 (65.54)
  oracle-train: oracle -> student 8 : 65.24
  oracle-gain in this round: 2.40

=== Round 31/100 (MWM_AccDiff) ===
  kd-train: teacher 8 (67.64) -> student 3 (62.24)
  oracle-train: oracle -> student 4 : 66.12
  oracle-gain in this round: 0.90
  kd-train: teacher 7 (67.12) -> student 6 (63.60)
  kd-train: teacher 2 (67.12) -> student 5 (65.28)
  kd-train: teacher 9 (66.18) -> student 1 (65.08)

=== Round 32/100 (MWM_AccDiff) ===
  kd-train: teacher 2 (67.12) -> student 1 (66.04)
  kd-train: teacher 8 (67.64) -> student 6 (10.18)
  oracle-train: oracle -> student 3 : 66.08
  oracle-gain in this round: 0.38
  kd-train: teacher 7 (67.12) -> student 5 (61.82)
  kd-train: teacher 4 (67.02) -> student 9 (66.18)

=== Round 33/100 (MWM_AccDiff) ===
  kd-train: teacher 4 (67.02) -> student 5 (64.74)
  kd-train: teacher 8 (67.64) -> student 1 (62.68)
  oracle-train: oracle -> student 3 : 66.46
  oracle-gain in this round: 4.20
  kd-train: teacher 7 (67.12) -> student 6 (63.60)
  kd-train: teacher 2 (67.12) -> student 9 (65.18)

=== Round 34/100 (MWM_AccDiff) ===
  kd-train: teacher 2 (67.12) -> student 1 (65.96)
  oracle-train: oracle -> student 4 : 67.02
  oracle-gain in this round: 1.30
  kd-train: teacher 8 (67.64) -> student 5 (62.62)
  kd-train: teacher 3 (70.66) -> student 6 (64.78)
  kd-train: teacher 7 (67.12) -> student 9 (63.20)

=== Round 35/100 (MWM_AccDiff) ===
  kd-train: teacher 3 (70.66) -> student 7 (67.12)
  kd-train: teacher 4 (68.32) -> student 2 (67.12)
  kd-train: teacher 8 (67.64) -> student 9 (66.02)
  oracle-train: oracle -> student 5 : 67.34
  oracle-gain in this round: 0.92
  kd-train: teacher 6 (67.84) -> student 1 (64.84)

=== Round 36/100 (MWM_AccDiff) ===
  kd-train: teacher 3 (70.66) -> student 8 (67.64)
  kd-train: teacher 4 (68.32) -> student 1 (64.90)
  oracle-train: oracle -> student 6 : 67.84
  oracle-gain in this round: -1.64
  kd-train: teacher 5 (68.26) -> student 2 (67.14)
  kd-train: teacher 7 (69.36) -> student 9 (64.44)

=== Round 37/100 (MWM_AccDiff) ===
  kd-train: teacher 4 (68.32) -> student 1 (67.44)
  oracle-train: oracle -> student 2 : 68.08
  oracle-gain in this round: 1.54
  kd-train: teacher 8 (69.28) -> student 9 (67.14)
  kd-train: teacher 7 (69.36) -> student 5 (68.26)
  kd-train: teacher 3 (70.66) -> student 6 (66.20)

=== Round 38/100 (MWM_AccDiff) ===
  kd-train: teacher 2 (69.62) -> student 1 (63.58)
  kd-train: teacher 6 (69.62) -> student 4 (68.32)
  oracle-train: oracle -> student 8 : 69.28
  oracle-gain in this round: -0.88
  kd-train: teacher 7 (69.36) -> student 9 (68.90)
  kd-train: teacher 3 (70.66) -> student 5 (68.38)

=== Round 39/100 (MWM_AccDiff) ===
  kd-train: teacher 3 (70.66) -> student 8 (68.40)
  kd-train: teacher 4 (70.18) -> student 1 (66.66)
  kd-train: teacher 5 (69.64) -> student 9 (68.10)
  oracle-train: oracle -> student 2 : 69.62
  oracle-gain in this round: -0.24
  kd-train: teacher 6 (69.62) -> student 7 (69.36)

=== Round 40/100 (MWM_AccDiff) ===
  kd-train: teacher 5 (69.64) -> student 1 (69.12)
  kd-train: teacher 4 (70.18) -> student 6 (69.62)
  kd-train: teacher 3 (70.66) -> student 7 (66.62)
  oracle-train: oracle -> student 2 : 69.38
  oracle-gain in this round: 3.38
  kd-train: teacher 8 (70.64) -> student 9 (67.78)

=== Round 41/100 (MWM_AccDiff) ===
  kd-train: teacher 2 (72.76) -> student 6 (46.38)
  oracle-train: oracle -> student 9 : 69.60
  oracle-gain in this round: -4.76
  kd-train: teacher 4 (70.18) -> student 1 (69.18)
  kd-train: teacher 8 (70.64) -> student 7 (68.34)
  kd-train: teacher 3 (70.66) -> student 5 (69.64)

=== Round 42/100 (MWM_AccDiff) ===
  kd-train: teacher 2 (72.76) -> student 6 (53.74)
  kd-train: teacher 3 (70.66) -> student 9 (64.84)
  kd-train: teacher 4 (70.18) -> student 1 (69.18)
  oracle-train: oracle -> student 5 : 69.80
  oracle-gain in this round: -3.82
  kd-train: teacher 8 (70.64) -> student 7 (68.30)

=== Round 43/100 (MWM_AccDiff) ===
  oracle-train: oracle -> student 4 : 70.18
  oracle-gain in this round: -1.36
  kd-train: teacher 3 (70.66) -> student 6 (67.22)
  kd-train: teacher 9 (70.68) -> student 1 (69.26)
  kd-train: teacher 8 (70.64) -> student 7 (69.48)
  kd-train: teacher 2 (72.76) -> student 5 (65.98)

=== Round 44/100 (MWM_AccDiff) ===
  kd-train: teacher 2 (72.76) -> student 4 (68.82)
  kd-train: teacher 9 (70.68) -> student 7 (69.48)
  kd-train: teacher 3 (70.66) -> student 5 (69.86)
  kd-train: teacher 6 (70.82) -> student 1 (69.68)
  oracle-train: oracle -> student 8 : 70.64
  oracle-gain in this round: 0.50

=== Round 45/100 (MWM_AccDiff) ===
  kd-train: teacher 2 (72.76) -> student 7 (70.62)
  oracle-train: oracle -> student 9 : 70.68
  oracle-gain in this round: -0.02
  kd-train: teacher 5 (70.80) -> student 4 (69.84)
  kd-train: teacher 8 (71.14) -> student 3 (70.66)
  kd-train: teacher 6 (70.82) -> student 1 (70.12)

=== Round 46/100 (MWM_AccDiff) ===
  kd-train: teacher 2 (72.76) -> student 4 (69.50)
  oracle-train: oracle -> student 9 : 70.66
  oracle-gain in this round: 1.56
  kd-train: teacher 3 (71.08) -> student 7 (68.34)
  kd-train: teacher 6 (70.82) -> student 1 (68.98)
  kd-train: teacher 8 (71.14) -> student 5 (70.80)

=== Round 47/100 (MWM_AccDiff) ===
  kd-train: teacher 2 (72.76) -> student 7 (69.28)
  kd-train: teacher 3 (71.08) -> student 4 (69.20)
  kd-train: teacher 8 (71.14) -> student 1 (68.70)
  oracle-train: oracle -> student 6 : 70.82
  oracle-gain in this round: 1.36
  kd-train: teacher 9 (72.22) -> student 5 (69.94)

=== Round 48/100 (MWM_AccDiff) ===
  kd-train: teacher 6 (72.18) -> student 8 (71.14)
  oracle-train: oracle -> student 3 : 71.08
  oracle-gain in this round: 0.16
  kd-train: teacher 4 (71.26) -> student 1 (70.98)
  kd-train: teacher 9 (72.22) -> student 7 (69.94)
  kd-train: teacher 2 (72.76) -> student 5 (67.46)

=== Round 49/100 (MWM_AccDiff) ===
  kd-train: teacher 8 (71.50) -> student 1 (68.78)
  oracle-train: oracle -> student 3 : 71.24
  oracle-gain in this round: -0.74
  kd-train: teacher 2 (72.76) -> student 5 (67.40)
  kd-train: teacher 6 (72.18) -> student 7 (68.30)
  kd-train: teacher 9 (72.22) -> student 4 (71.26)

=== Round 50/100 (MWM_AccDiff) ===
  kd-train: teacher 2 (72.76) -> student 1 (69.20)
  kd-train: teacher 9 (72.22) -> student 4 (69.00)
  kd-train: teacher 7 (71.64) -> student 3 (70.50)
  kd-train: teacher 6 (72.18) -> student 5 (69.78)
  oracle-train: oracle -> student 8 : 71.50
  oracle-gain in this round: 1.44

=== Round 51/100 (MWM_AccDiff) ===
  oracle-train: oracle -> student 7 : 71.64
  oracle-gain in this round: -2.86
  kd-train: teacher 8 (72.94) -> student 4 (69.28)
  kd-train: teacher 6 (72.18) -> student 3 (71.18)
  kd-train: teacher 9 (72.22) -> student 1 (69.48)
  kd-train: teacher 2 (72.76) -> student 5 (69.22)

=== Round 52/100 (MWM_AccDiff) ===
  oracle-train: oracle -> student 4 : 71.70
  oracle-gain in this round: 0.00
  kd-train: teacher 8 (72.94) -> student 1 (70.48)
  kd-train: teacher 9 (72.22) -> student 3 (70.74)
  kd-train: teacher 6 (72.18) -> student 5 (71.40)
  kd-train: teacher 2 (72.76) -> student 7 (68.78)

=== Round 53/100 (MWM_AccDiff) ===
  kd-train: teacher 1 (72.36) -> student 3 (71.30)
  kd-train: teacher 9 (72.22) -> student 4 (71.70)
  kd-train: teacher 8 (72.94) -> student 7 (71.84)
  oracle-train: oracle -> student 6 : 72.18
  oracle-gain in this round: -0.84
  kd-train: teacher 2 (72.76) -> student 5 (68.66)

=== Round 54/100 (MWM_AccDiff) ===
  oracle-train: oracle -> student 7 : 72.20
  oracle-gain in this round: -1.02
  kd-train: teacher 2 (72.76) -> student 6 (71.34)
  kd-train: teacher 1 (72.36) -> student 3 (71.78)
  kd-train: teacher 8 (72.94) -> student 4 (71.10)
  kd-train: teacher 9 (72.22) -> student 5 (72.00)

=== Round 55/100 (MWM_AccDiff) ===
  kd-train: teacher 4 (72.42) -> student 7 (71.18)
  kd-train: teacher 2 (72.76) -> student 6 (63.88)
  kd-train: teacher 8 (72.94) -> student 5 (67.22)
  kd-train: teacher 1 (72.36) -> student 3 (71.84)
  oracle-train: oracle -> student 9 : 72.22
  oracle-gain in this round: -0.56

=== Round 56/100 (MWM_AccDiff) ===
  kd-train: teacher 8 (72.94) -> student 6 (68.48)
  oracle-train: oracle -> student 3 : 71.94
  oracle-gain in this round: -3.52
  kd-train: teacher 4 (72.42) -> student 5 (71.52)
  kd-train: teacher 2 (72.76) -> student 7 (71.30)
  kd-train: teacher 1 (72.36) -> student 9 (71.66)

=== Round 57/100 (MWM_AccDiff) ===
  kd-train: teacher 2 (72.76) -> student 6 (66.00)
  kd-train: teacher 8 (72.94) -> student 3 (68.42)
  kd-train: teacher 1 (72.36) -> student 7 (71.60)
  kd-train: teacher 4 (72.42) -> student 5 (69.28)
  oracle-train: oracle -> student 9 : 71.94
  oracle-gain in this round: 1.40

=== Round 58/100 (MWM_AccDiff) ===
  kd-train: teacher 3 (72.78) -> student 4 (72.42)
  kd-train: teacher 8 (72.94) -> student 1 (72.36)
  kd-train: teacher 7 (73.32) -> student 6 (65.08)
  oracle-train: oracle -> student 2 : 72.76
  oracle-gain in this round: 1.34
  kd-train: teacher 9 (73.34) -> student 5 (70.84)

=== Round 59/100 (MWM_AccDiff) ===
  kd-train: teacher 2 (74.10) -> student 1 (70.88)
  oracle-train: oracle -> student 3 : 72.78
  oracle-gain in this round: 0.44
  kd-train: teacher 7 (73.32) -> student 5 (71.92)
  kd-train: teacher 8 (72.94) -> student 4 (72.14)
  kd-train: teacher 9 (73.34) -> student 6 (68.40)

=== Round 60/100 (MWM_AccDiff) ===
  kd-train: teacher 9 (73.34) -> student 4 (71.52)
  kd-train: teacher 7 (73.32) -> student 6 (71.08)
  oracle-train: oracle -> student 8 : 72.94
  oracle-gain in this round: 0.08
  kd-train: teacher 3 (73.22) -> student 1 (71.60)
  kd-train: teacher 2 (74.10) -> student 5 (70.66)

=== Round 61/100 (MWM_AccDiff) ===
  kd-train: teacher 3 (73.22) -> student 4 (72.38)
  kd-train: teacher 7 (73.32) -> student 6 (69.40)
  oracle-train: oracle -> student 8 : 73.02
  oracle-gain in this round: -0.52
  kd-train: teacher 2 (74.10) -> student 5 (71.78)
  kd-train: teacher 9 (73.34) -> student 1 (71.98)

=== Round 62/100 (MWM_AccDiff) ===
  kd-train: teacher 5 (73.24) -> student 6 (72.60)
  kd-train: teacher 7 (73.32) -> student 8 (72.50)
  oracle-train: oracle -> student 3 : 73.22
  oracle-gain in this round: 1.94
  kd-train: teacher 2 (74.10) -> student 4 (70.20)
  kd-train: teacher 9 (73.34) -> student 1 (72.52)

=== Round 63/100 (MWM_AccDiff) ===
  kd-train: teacher 2 (74.10) -> student 7 (73.32)
  kd-train: teacher 4 (73.62) -> student 9 (73.34)
  kd-train: teacher 8 (73.42) -> student 1 (73.08)
  oracle-train: oracle -> student 5 : 73.24
  oracle-gain in this round: -0.80
  kd-train: teacher 3 (75.16) -> student 6 (44.40)

=== Round 64/100 (MWM_AccDiff) ===
  kd-train: teacher 7 (73.88) -> student 5 (72.44)
  kd-train: teacher 4 (73.62) -> student 1 (71.34)
  kd-train: teacher 2 (74.10) -> student 9 (73.48)
  oracle-train: oracle -> student 8 : 73.42
  oracle-gain in this round: 1.22
  kd-train: teacher 3 (75.16) -> student 6 (10.08)

=== Round 65/100 (MWM_AccDiff) ===
  kd-train: teacher 2 (74.10) -> student 4 (73.62)
  kd-train: teacher 7 (73.88) -> student 1 (72.70)
  kd-train: teacher 8 (74.64) -> student 9 (72.14)
  oracle-train: oracle -> student 5 : 73.48
  oracle-gain in this round: -1.08
  kd-train: teacher 3 (75.16) -> student 6 (71.92)

=== Round 66/100 (MWM_AccDiff) ===
  kd-train: teacher 2 (74.10) -> student 1 (73.06)
  oracle-train: oracle -> student 6 : 73.58
  oracle-gain in this round: -3.86
  kd-train: teacher 8 (74.64) -> student 4 (72.84)
  kd-train: teacher 7 (73.88) -> student 9 (72.24)
  kd-train: teacher 3 (75.16) -> student 5 (72.40)

=== Round 67/100 (MWM_AccDiff) ===
  oracle-train: oracle -> student 7 : 73.88
  oracle-gain in this round: -0.30
  kd-train: teacher 2 (74.10) -> student 1 (73.40)
  kd-train: teacher 5 (75.44) -> student 4 (71.78)
  kd-train: teacher 8 (74.64) -> student 9 (72.10)
  kd-train: teacher 3 (75.16) -> student 6 (69.72)

=== Round 68/100 (MWM_AccDiff) ===
  oracle-train: oracle -> student 7 : 73.58
  oracle-gain in this round: 0.80
  kd-train: teacher 2 (74.10) -> student 1 (73.62)
  kd-train: teacher 5 (75.44) -> student 4 (72.36)
  kd-train: teacher 3 (75.16) -> student 9 (73.62)
  kd-train: teacher 8 (74.64) -> student 6 (73.92)

=== Round 69/100 (MWM_AccDiff) ===
  oracle-train: oracle -> student 7 : 74.38
  oracle-gain in this round: -1.76
  kd-train: teacher 8 (74.64) -> student 4 (73.94)
  kd-train: teacher 3 (75.16) -> student 6 (72.22)
  kd-train: teacher 9 (74.86) -> student 1 (73.52)
  kd-train: teacher 5 (75.44) -> student 2 (74.10)

=== Round 70/100 (MWM_AccDiff) ===
  kd-train: teacher 2 (76.12) -> student 4 (72.78)
  kd-train: teacher 3 (75.16) -> student 6 (74.78)
  kd-train: teacher 5 (75.44) -> student 7 (72.62)
  kd-train: teacher 9 (74.86) -> student 1 (74.56)
  oracle-train: oracle -> student 8 : 74.64
  oracle-gain in this round: -0.48

=== Round 71/100 (MWM_AccDiff) ===
  kd-train: teacher 2 (76.12) -> student 6 (58.80)
  kd-train: teacher 7 (75.28) -> student 8 (74.16)
  oracle-train: oracle -> student 9 : 74.86
  oracle-gain in this round: -3.40
  kd-train: teacher 5 (75.44) -> student 4 (74.32)
  kd-train: teacher 3 (75.16) -> student 1 (74.62)

=== Round 72/100 (MWM_AccDiff) ===
  kd-train: teacher 5 (75.44) -> student 1 (74.34)
  kd-train: teacher 6 (75.20) -> student 4 (74.96)
  oracle-train: oracle -> student 3 : 75.16
  oracle-gain in this round: -2.06
  kd-train: teacher 7 (75.28) -> student 9 (71.46)
  kd-train: teacher 2 (76.12) -> student 8 (73.84)

=== Round 73/100 (MWM_AccDiff) ===
  oracle-train: oracle -> student 1 : 75.16
  oracle-gain in this round: 4.50
  kd-train: teacher 2 (76.12) -> student 4 (74.06)
  kd-train: teacher 6 (75.20) -> student 8 (74.96)
  kd-train: teacher 7 (75.28) -> student 9 (73.82)
  kd-train: teacher 5 (75.44) -> student 3 (73.10)

=== Round 74/100 (MWM_AccDiff) ===
  kd-train: teacher 1 (79.66) -> student 4 (73.78)
  oracle-train: oracle -> student 6 : 75.20
  oracle-gain in this round: -10.16
  kd-train: teacher 7 (75.28) -> student 9 (73.56)
  kd-train: teacher 5 (75.44) -> student 3 (73.92)
  kd-train: teacher 2 (76.12) -> student 8 (73.92)

=== Round 75/100 (MWM_AccDiff) ===
  kd-train: teacher 1 (79.66) -> student 6 (65.04)
  kd-train: teacher 2 (76.12) -> student 9 (73.80)
  oracle-train: oracle -> student 8 : 75.20
  oracle-gain in this round: -3.00
  kd-train: teacher 4 (76.16) -> student 7 (75.28)
  kd-train: teacher 5 (75.44) -> student 3 (74.52)

=== Round 76/100 (MWM_AccDiff) ===
  oracle-train: oracle -> student 7 : 76.02
  oracle-gain in this round: -1.08
  kd-train: teacher 1 (79.66) -> student 8 (72.20)
  kd-train: teacher 4 (76.16) -> student 9 (74.30)
  kd-train: teacher 6 (76.62) -> student 3 (74.44)
  kd-train: teacher 2 (76.12) -> student 5 (75.44)

=== Round 77/100 (MWM_AccDiff) ===
  kd-train: teacher 8 (77.72) -> student 5 (73.96)
  oracle-train: oracle -> student 2 : 76.12
  oracle-gain in this round: -3.20
  kd-train: teacher 1 (79.66) -> student 7 (74.94)
  kd-train: teacher 6 (76.62) -> student 3 (75.08)
  kd-train: teacher 4 (76.16) -> student 9 (74.02)

=== Round 78/100 (MWM_AccDiff) ===
  kd-train: teacher 1 (79.66) -> student 4 (76.16)
  kd-train: teacher 8 (77.72) -> student 3 (76.20)
  kd-train: teacher 6 (76.62) -> student 2 (72.92)
  oracle-train: oracle -> student 5 : 76.00
  oracle-gain in this round: -3.34
  kd-train: teacher 7 (79.46) -> student 9 (75.48)

=== Round 79/100 (MWM_AccDiff) ===
  kd-train: teacher 4 (77.26) -> student 5 (72.66)
  oracle-train: oracle -> student 6 : 76.62
  oracle-gain in this round: -3.52
  kd-train: teacher 7 (79.46) -> student 9 (75.94)
  kd-train: teacher 1 (79.66) -> student 3 (75.04)
  kd-train: teacher 8 (77.72) -> student 2 (75.06)

=== Round 80/100 (MWM_AccDiff) ===
  oracle-train: oracle -> student 4 : 77.26
  oracle-gain in this round: -5.14
  kd-train: teacher 1 (79.66) -> student 5 (77.42)
  kd-train: teacher 7 (79.46) -> student 6 (73.10)
  kd-train: teacher 3 (78.02) -> student 9 (77.44)
  kd-train: teacher 8 (77.72) -> student 2 (76.72)

=== Round 81/100 (MWM_AccDiff) ===
  kd-train: teacher 1 (79.66) -> student 4 (72.12)
  kd-train: teacher 3 (78.02) -> student 2 (77.08)
  kd-train: teacher 7 (79.46) -> student 6 (66.58)
  kd-train: teacher 5 (78.78) -> student 9 (75.60)
  oracle-train: oracle -> student 8 : 77.72
  oracle-gain in this round: -4.54

=== Round 82/100 (MWM_AccDiff) ===
  kd-train: teacher 3 (78.02) -> student 4 (76.24)
  kd-train: teacher 7 (79.46) -> student 8 (73.18)
  kd-train: teacher 1 (79.66) -> student 6 (53.80)
  oracle-train: oracle -> student 9 : 77.10
  oracle-gain in this round: -5.08
  kd-train: teacher 5 (78.78) -> student 2 (75.12)

=== Round 83/100 (MWM_AccDiff) ===
  kd-train: teacher 6 (79.82) -> student 4 (74.44)
  oracle-train: oracle -> student 3 : 78.02
  oracle-gain in this round: -4.16
  kd-train: teacher 5 (78.78) -> student 2 (77.78)
  kd-train: teacher 1 (79.66) -> student 9 (72.02)
  kd-train: teacher 7 (79.46) -> student 8 (78.12)

=== Round 84/100 (MWM_AccDiff) ===
  kd-train: teacher 7 (79.46) -> student 2 (78.12)
  kd-train: teacher 9 (79.38) -> student 8 (78.22)
  oracle-train: oracle -> student 5 : 78.78
  oracle-gain in this round: -4.56
  kd-train: teacher 6 (79.82) -> student 3 (73.86)
  kd-train: teacher 1 (79.66) -> student 4 (77.66)

=== Round 85/100 (MWM_AccDiff) ===
  kd-train: teacher 7 (79.46) -> student 2 (76.94)
  kd-train: teacher 6 (79.82) -> student 4 (76.54)
  oracle-train: oracle -> student 3 : 78.12
  oracle-gain in this round: -2.00
  kd-train: teacher 1 (79.66) -> student 5 (74.22)
  kd-train: teacher 9 (79.38) -> student 8 (77.20)

=== Round 86/100 (MWM_AccDiff) ===
  kd-train: teacher 7 (79.46) -> student 3 (76.12)
  kd-train: teacher 6 (79.82) -> student 8 (78.02)
  oracle-train: oracle -> student 2 : 78.22
  oracle-gain in this round: -6.90
  kd-train: teacher 9 (79.38) -> student 5 (77.88)
  kd-train: teacher 1 (79.66) -> student 4 (77.54)

=== Round 87/100 (MWM_AccDiff) ===
  kd-train: teacher 7 (79.46) -> student 2 (71.32)
  kd-train: teacher 1 (79.66) -> student 8 (76.48)
  kd-train: teacher 6 (79.82) -> student 4 (78.34)
  kd-train: teacher 9 (79.38) -> student 3 (78.42)
  oracle-train: oracle -> student 5 : 78.20
  oracle-gain in this round: -4.80

=== Round 88/100 (MWM_AccDiff) ===
  kd-train: teacher 7 (79.46) -> student 2 (78.08)
  kd-train: teacher 1 (79.66) -> student 8 (76.78)
  kd-train: teacher 9 (79.38) -> student 4 (77.88)
  oracle-train: oracle -> student 3 : 78.98
  oracle-gain in this round: -4.84
  kd-train: teacher 6 (79.82) -> student 5 (73.40)

=== Round 89/100 (MWM_AccDiff) ===
  kd-train: teacher 1 (79.66) -> student 5 (78.44)
  kd-train: teacher 7 (79.46) -> student 3 (74.14)
  kd-train: teacher 6 (79.82) -> student 4 (78.32)
  oracle-train: oracle -> student 2 : 78.70
  oracle-gain in this round: -4.24
  kd-train: teacher 9 (79.38) -> student 8 (78.20)

=== Round 90/100 (MWM_AccDiff) ===
  kd-train: teacher 1 (79.66) -> student 8 (77.38)
  kd-train: teacher 9 (79.38) -> student 3 (78.50)
  kd-train: teacher 6 (79.82) -> student 2 (74.46)
  oracle-train: oracle -> student 5 : 78.86
  oracle-gain in this round: -8.00
  kd-train: teacher 7 (79.46) -> student 4 (77.90)

=== Round 91/100 (MWM_AccDiff) ===
  kd-train: teacher 7 (79.46) -> student 2 (78.24)
  kd-train: teacher 6 (79.82) -> student 4 (77.36)
  oracle-train: oracle -> student 3 : 78.62
  oracle-gain in this round: -3.60
  kd-train: teacher 1 (79.66) -> student 5 (70.86)
  kd-train: teacher 9 (79.38) -> student 8 (78.52)

=== Round 92/100 (MWM_AccDiff) ===
  kd-train: teacher 7 (79.46) -> student 2 (77.28)
  kd-train: teacher 1 (79.66) -> student 8 (76.90)
  kd-train: teacher 9 (79.38) -> student 4 (77.30)
  oracle-train: oracle -> student 5 : 78.66
  oracle-gain in this round: -7.00
  kd-train: teacher 6 (79.82) -> student 3 (75.02)

=== Round 93/100 (MWM_AccDiff) ===
  kd-train: teacher 7 (79.46) -> student 2 (77.60)
  kd-train: teacher 1 (79.66) -> student 8 (76.90)
  kd-train: teacher 9 (79.38) -> student 4 (77.78)
  oracle-train: oracle -> student 3 : 78.68
  oracle-gain in this round: -4.40
  kd-train: teacher 6 (79.82) -> student 5 (71.66)

=== Round 94/100 (MWM_AccDiff) ===
  kd-train: teacher 7 (79.46) -> student 2 (79.30)
  kd-train: teacher 5 (80.10) -> student 8 (77.40)
  oracle-train: oracle -> student 9 : 79.38
  oracle-gain in this round: 1.30
  kd-train: teacher 6 (79.82) -> student 3 (74.28)
  kd-train: teacher 1 (79.66) -> student 4 (77.28)

=== Round 95/100 (MWM_AccDiff) ===
  oracle-train: oracle -> student 1 : 79.66
  oracle-gain in this round: 0.50
  kd-train: teacher 3 (79.76) -> student 4 (79.30)
  kd-train: teacher 6 (79.82) -> student 2 (76.80)
  kd-train: teacher 9 (80.68) -> student 7 (79.46)
  kd-train: teacher 5 (80.10) -> student 8 (77.20)

=== Round 96/100 (MWM_AccDiff) ===
  kd-train: teacher 1 (80.16) -> student 8 (77.40)
  oracle-train: oracle -> student 3 : 79.76
  oracle-gain in this round: -1.84
  kd-train: teacher 9 (80.68) -> student 2 (77.14)
  kd-train: teacher 5 (80.10) -> student 4 (78.02)
  kd-train: teacher 6 (79.82) -> student 7 (78.54)

=== Round 97/100 (MWM_AccDiff) ===
  oracle-train: oracle -> student 7 : 78.78
  oracle-gain in this round: -4.84
  kd-train: teacher 1 (80.16) -> student 4 (78.88)
  kd-train: teacher 6 (79.82) -> student 2 (77.54)
  kd-train: teacher 9 (80.68) -> student 8 (78.02)
  kd-train: teacher 5 (80.10) -> student 3 (77.92)

=== Round 98/100 (MWM_AccDiff) ===
  oracle-train: oracle -> student 3 : 79.48
  oracle-gain in this round: -4.48
  kd-train: teacher 1 (80.16) -> student 4 (79.58)
  kd-train: teacher 9 (80.68) -> student 7 (73.94)
  kd-train: teacher 6 (79.82) -> student 2 (77.54)
  kd-train: teacher 5 (80.10) -> student 8 (77.52)

=== Round 99/100 (MWM_AccDiff) ===
  oracle-train: oracle -> student 7 : 79.28
  oracle-gain in this round: -3.54
  kd-train: teacher 1 (80.16) -> student 8 (76.24)
  kd-train: teacher 5 (80.10) -> student 4 (79.32)
  kd-train: teacher 9 (80.68) -> student 3 (75.00)
  kd-train: teacher 6 (79.82) -> student 2 (77.74)

=== Round 100/100 (MWM_AccDiff) ===
  kd-train: teacher 1 (80.16) -> student 2 (77.30)
  kd-train: teacher 3 (80.00) -> student 4 (79.12)
  oracle-train: oracle -> student 6 : 79.82
  oracle-gain in this round: 1.08
  kd-train: teacher 9 (80.68) -> student 7 (75.74)
  kd-train: teacher 5 (80.10) -> student 8 (76.80)
M0: oracle_total_gain=0.00, non_oracle_total_gain=0.00
M1: oracle_total_gain=31.16, non_oracle_total_gain=39.44
M2: oracle_total_gain=-3.04, non_oracle_total_gain=69.98
M3: oracle_total_gain=-6.68, non_oracle_total_gain=76.74
M4: oracle_total_gain=14.64, non_oracle_total_gain=50.42
M5: oracle_total_gain=15.96, non_oracle_total_gain=53.52
M6: oracle_total_gain=2.96, non_oracle_total_gain=67.84
M7: oracle_total_gain=23.12, non_oracle_total_gain=46.84
M8: oracle_total_gain=13.00, non_oracle_total_gain=53.96
M9: oracle_total_gain=-12.66, non_oracle_total_gain=85.92
End time: 2026-04-23 01:33:39
Duration: 1:38:02.829734
avg_ens_acc = 81.5
avg_learner_acc = 79.39
avg_ens_conf = 0.79
Mean pairwise 0/1 disagreement: 0.128
M1_acc= 79.19
M2_acc= 77.35
M3_acc= 79.64
M4_acc= 79.14
M5_acc= 80.12
M6_acc= 80.43
M7_acc= 80.12
M8_acc= 77.68
M9_acc= 80.83
std_dev= 1.13
acc_var= 1.27

