Files already downloaded and verified
Files already downloaded and verified
Files already downloaded and verified
Start time: 2026-04-23 07:06:30

=== Round 1/300 (MWM_AccDiff) ===
  kd-train: teacher 4 (13.66) -> student 3 (9.94)
  kd-train: teacher 5 (10.62) -> student 1 (9.56)
  kd-train: teacher 2 (11.10) -> student 9 (7.42)
  oracle-train: oracle -> student 6 : 10.10
  oracle-gain in this round: 0.50
  kd-train: teacher 8 (10.58) -> student 7 (10.00)

=== Round 2/300 (MWM_AccDiff) ===
  oracle-train: oracle -> student 1 : 10.64
  oracle-gain in this round: 0.00
  kd-train: teacher 3 (13.68) -> student 9 (9.42)
  kd-train: teacher 4 (13.66) -> student 6 (10.60)
  kd-train: teacher 7 (11.00) -> student 5 (10.62)
  kd-train: teacher 2 (11.10) -> student 8 (10.58)

=== Round 3/300 (MWM_AccDiff) ===
  kd-train: teacher 3 (13.68) -> student 7 (11.00)
  kd-train: teacher 4 (13.66) -> student 5 (10.00)
  oracle-train: oracle -> student 2 : 11.10
  oracle-gain in this round: -2.98
  kd-train: teacher 9 (14.22) -> student 8 (9.68)
  kd-train: teacher 6 (12.50) -> student 1 (10.64)

=== Round 4/300 (MWM_AccDiff) ===
  kd-train: teacher 3 (13.68) -> student 4 (13.66)
  kd-train: teacher 7 (14.04) -> student 2 (8.12)
  kd-train: teacher 9 (14.22) -> student 6 (12.50)
  kd-train: teacher 8 (13.80) -> student 1 (10.28)
  oracle-train: oracle -> student 5 : 10.28
  oracle-gain in this round: 0.00

=== Round 5/300 (MWM_AccDiff) ===
  oracle-train: oracle -> student 1 : 13.88
  oracle-gain in this round: 24.30
  kd-train: teacher 6 (14.06) -> student 4 (13.70)
  kd-train: teacher 7 (14.04) -> student 5 (10.28)
  kd-train: teacher 9 (14.22) -> student 3 (13.68)
  kd-train: teacher 2 (14.08) -> student 8 (13.80)

=== Round 6/300 (MWM_AccDiff) ===
  oracle-train: oracle -> student 7 : 14.04
  oracle-gain in this round: 0.32
  kd-train: teacher 4 (14.46) -> student 3 (13.90)
  kd-train: teacher 5 (14.28) -> student 6 (14.06)
  kd-train: teacher 1 (38.18) -> student 8 (14.18)
  kd-train: teacher 9 (14.22) -> student 2 (14.08)

=== Round 7/300 (MWM_AccDiff) ===
  kd-train: teacher 1 (38.18) -> student 2 (13.84)
  kd-train: teacher 3 (14.48) -> student 4 (14.46)
  kd-train: teacher 8 (36.76) -> student 7 (14.36)
  oracle-train: oracle -> student 9 : 14.22
  oracle-gain in this round: -0.16
  kd-train: teacher 6 (14.56) -> student 5 (14.28)

=== Round 8/300 (MWM_AccDiff) ===
  oracle-train: oracle -> student 9 : 14.06
  oracle-gain in this round: 0.12
  kd-train: teacher 8 (36.76) -> student 4 (14.52)
  kd-train: teacher 1 (38.18) -> student 5 (14.08)
  kd-train: teacher 7 (34.72) -> student 6 (14.56)
  kd-train: teacher 2 (32.14) -> student 3 (14.48)

=== Round 9/300 (MWM_AccDiff) ===
  kd-train: teacher 4 (35.70) -> student 7 (34.72)
  oracle-train: oracle -> student 5 : 35.26
  oracle-gain in this round: 0.66
  kd-train: teacher 6 (35.86) -> student 3 (30.94)
  kd-train: teacher 1 (38.18) -> student 9 (14.18)
  kd-train: teacher 8 (36.76) -> student 2 (32.14)

=== Round 10/300 (MWM_AccDiff) ===
  oracle-train: oracle -> student 3 : 34.82
  oracle-gain in this round: 0.18
  kd-train: teacher 1 (38.18) -> student 7 (35.56)
  kd-train: teacher 8 (36.76) -> student 6 (35.86)
  kd-train: teacher 5 (35.92) -> student 2 (34.96)
  kd-train: teacher 9 (37.72) -> student 4 (35.70)

=== Round 11/300 (MWM_AccDiff) ===
  kd-train: teacher 1 (38.18) -> student 8 (36.76)
  oracle-train: oracle -> student 2 : 34.48
  oracle-gain in this round: 0.56
  kd-train: teacher 9 (37.72) -> student 3 (35.00)
  kd-train: teacher 6 (37.16) -> student 5 (35.92)
  kd-train: teacher 7 (37.66) -> student 4 (35.80)

=== Round 12/300 (MWM_AccDiff) ===
  kd-train: teacher 9 (37.72) -> student 2 (35.04)
  kd-train: teacher 1 (38.18) -> student 6 (37.16)
  oracle-train: oracle -> student 8 : 35.26
  oracle-gain in this round: 0.26
  kd-train: teacher 7 (37.66) -> student 4 (36.22)
  kd-train: teacher 3 (38.32) -> student 5 (36.24)

=== Round 13/300 (MWM_AccDiff) ===
  oracle-train: oracle -> student 4 : 37.66
  oracle-gain in this round: -0.26
  kd-train: teacher 1 (38.18) -> student 5 (37.52)
  kd-train: teacher 9 (37.72) -> student 2 (37.00)
  kd-train: teacher 3 (38.32) -> student 8 (35.52)
  kd-train: teacher 7 (37.66) -> student 6 (37.46)

=== Round 14/300 (MWM_AccDiff) ===
  oracle-train: oracle -> student 7 : 37.66
  oracle-gain in this round: -0.10
  kd-train: teacher 1 (38.18) -> student 2 (37.58)
  kd-train: teacher 6 (38.38) -> student 4 (37.40)
  kd-train: teacher 8 (38.26) -> student 9 (37.72)
  kd-train: teacher 3 (38.32) -> student 5 (36.86)

=== Round 15/300 (MWM_AccDiff) ===
  oracle-train: oracle -> student 1 : 38.18
  oracle-gain in this round: 1.14
  kd-train: teacher 8 (38.26) -> student 5 (37.78)
  kd-train: teacher 3 (38.32) -> student 4 (37.36)
  kd-train: teacher 6 (38.38) -> student 2 (36.78)
  kd-train: teacher 9 (38.66) -> student 7 (37.56)

=== Round 16/300 (MWM_AccDiff) ===
  kd-train: teacher 9 (38.66) -> student 4 (37.82)
  kd-train: teacher 1 (39.32) -> student 8 (38.26)
  kd-train: teacher 7 (38.72) -> student 3 (38.32)
  kd-train: teacher 6 (38.38) -> student 2 (36.08)
  oracle-train: oracle -> student 5 : 37.44
  oracle-gain in this round: -0.30

=== Round 17/300 (MWM_AccDiff) ===
  kd-train: teacher 8 (39.88) -> student 4 (37.94)
  kd-train: teacher 7 (38.72) -> student 2 (34.80)
  kd-train: teacher 1 (39.32) -> student 5 (37.14)
  oracle-train: oracle -> student 6 : 38.38
  oracle-gain in this round: 0.40
  kd-train: teacher 9 (38.66) -> student 3 (37.92)

=== Round 18/300 (MWM_AccDiff) ===
  kd-train: teacher 8 (39.88) -> student 7 (38.72)
  oracle-train: oracle -> student 9 : 38.66
  oracle-gain in this round: -1.02
  kd-train: teacher 6 (38.78) -> student 2 (37.86)
  kd-train: teacher 1 (39.32) -> student 4 (38.42)
  kd-train: teacher 5 (39.38) -> student 3 (36.82)

=== Round 19/300 (MWM_AccDiff) ===
  oracle-train: oracle -> student 1 : 39.32
  oracle-gain in this round: -0.18
  kd-train: teacher 5 (39.38) -> student 6 (38.78)
  kd-train: teacher 3 (39.38) -> student 4 (39.06)
  kd-train: teacher 7 (39.54) -> student 9 (37.64)
  kd-train: teacher 8 (39.88) -> student 2 (37.62)

=== Round 20/300 (MWM_AccDiff) ===
  kd-train: teacher 7 (39.54) -> student 2 (39.00)
  kd-train: teacher 5 (39.38) -> student 1 (39.14)
  kd-train: teacher 6 (39.52) -> student 9 (35.70)
  oracle-train: oracle -> student 3 : 39.38
  oracle-gain in this round: 0.32
  kd-train: teacher 8 (39.88) -> student 4 (38.72)

=== Round 21/300 (MWM_AccDiff) ===
  kd-train: teacher 2 (40.26) -> student 4 (38.58)
  oracle-train: oracle -> student 6 : 39.52
  oracle-gain in this round: -0.02
  kd-train: teacher 7 (39.54) -> student 1 (39.22)
  kd-train: teacher 8 (39.88) -> student 9 (38.48)
  kd-train: teacher 3 (39.70) -> student 5 (39.38)

=== Round 22/300 (MWM_AccDiff) ===
  kd-train: teacher 3 (39.70) -> student 4 (39.42)
  oracle-train: oracle -> student 6 : 39.50
  oracle-gain in this round: 0.02
  kd-train: teacher 1 (39.82) -> student 7 (39.54)
  kd-train: teacher 8 (39.88) -> student 9 (38.82)
  kd-train: teacher 2 (40.26) -> student 5 (38.62)

=== Round 23/300 (MWM_AccDiff) ===
  kd-train: teacher 3 (39.70) -> student 4 (37.40)
  kd-train: teacher 8 (39.88) -> student 7 (39.62)
  kd-train: teacher 1 (39.82) -> student 5 (39.00)
  oracle-train: oracle -> student 6 : 39.52
  oracle-gain in this round: -0.06
  kd-train: teacher 2 (40.26) -> student 9 (39.14)

=== Round 24/300 (MWM_AccDiff) ===
  oracle-train: oracle -> student 9 : 39.84
  oracle-gain in this round: 8.96
  kd-train: teacher 4 (39.92) -> student 1 (39.82)
  kd-train: teacher 7 (39.92) -> student 6 (39.46)
  kd-train: teacher 5 (39.92) -> student 3 (39.70)
  kd-train: teacher 2 (40.26) -> student 8 (39.88)

=== Round 25/300 (MWM_AccDiff) ===
  kd-train: teacher 7 (39.92) -> student 3 (38.12)
  kd-train: teacher 4 (39.92) -> student 1 (39.18)
  oracle-train: oracle -> student 8 : 39.04
  oracle-gain in this round: 0.44
  kd-train: teacher 2 (40.26) -> student 5 (39.92)
  kd-train: teacher 9 (48.80) -> student 6 (14.90)

=== Round 26/300 (MWM_AccDiff) ===
  oracle-train: oracle -> student 4 : 39.92
  oracle-gain in this round: -0.60
  kd-train: teacher 7 (39.92) -> student 3 (38.38)
  kd-train: teacher 9 (48.80) -> student 8 (39.48)
  kd-train: teacher 6 (39.94) -> student 1 (38.92)
  kd-train: teacher 2 (40.26) -> student 5 (39.62)

=== Round 27/300 (MWM_AccDiff) ===
  oracle-train: oracle -> student 4 : 39.32
  oracle-gain in this round: 0.42
  kd-train: teacher 2 (40.26) -> student 7 (39.92)
  kd-train: teacher 9 (48.80) -> student 3 (38.98)
  kd-train: teacher 6 (39.94) -> student 1 (38.44)
  kd-train: teacher 8 (46.04) -> student 5 (39.56)

=== Round 28/300 (MWM_AccDiff) ===
  kd-train: teacher 8 (46.04) -> student 1 (38.46)
  kd-train: teacher 3 (46.48) -> student 7 (39.58)
  oracle-train: oracle -> student 6 : 39.94
  oracle-gain in this round: 1.24
  kd-train: teacher 5 (46.54) -> student 2 (40.26)
  kd-train: teacher 9 (48.80) -> student 4 (39.74)

=== Round 29/300 (MWM_AccDiff) ===
  kd-train: teacher 5 (46.54) -> student 1 (45.04)
  kd-train: teacher 4 (49.08) -> student 6 (41.18)
  kd-train: teacher 9 (48.80) -> student 7 (42.32)
  kd-train: teacher 3 (46.48) -> student 2 (45.42)
  oracle-train: oracle -> student 8 : 46.04
  oracle-gain in this round: 0.66

=== Round 30/300 (MWM_AccDiff) ===
  kd-train: teacher 4 (49.08) -> student 3 (46.48)
  kd-train: teacher 9 (48.80) -> student 5 (46.54)
  oracle-train: oracle -> student 2 : 44.90
  oracle-gain in this round: 0.18
  kd-train: teacher 6 (47.04) -> student 1 (44.50)
  kd-train: teacher 7 (47.76) -> student 8 (46.70)

=== Round 31/300 (MWM_AccDiff) ===
  oracle-train: oracle -> student 7 : 47.76
  oracle-gain in this round: 0.68
  kd-train: teacher 4 (49.08) -> student 6 (47.04)
  kd-train: teacher 9 (48.80) -> student 5 (46.94)
  kd-train: teacher 3 (47.88) -> student 1 (47.40)
  kd-train: teacher 8 (48.28) -> student 2 (45.08)

=== Round 32/300 (MWM_AccDiff) ===
  kd-train: teacher 5 (48.78) -> student 7 (48.44)
  kd-train: teacher 4 (49.08) -> student 2 (48.46)
  kd-train: teacher 6 (48.84) -> student 3 (47.88)
  oracle-train: oracle -> student 8 : 48.28
  oracle-gain in this round: -0.24
  kd-train: teacher 9 (48.80) -> student 1 (46.62)

=== Round 33/300 (MWM_AccDiff) ===
  kd-train: teacher 9 (48.80) -> student 1 (47.34)
  oracle-train: oracle -> student 3 : 48.62
  oracle-gain in this round: 0.00
  kd-train: teacher 5 (48.78) -> student 8 (48.04)
  kd-train: teacher 6 (48.84) -> student 2 (47.34)
  kd-train: teacher 4 (49.08) -> student 7 (48.42)

=== Round 34/300 (MWM_AccDiff) ===
  kd-train: teacher 4 (49.08) -> student 2 (48.22)
  kd-train: teacher 7 (49.64) -> student 3 (48.62)
  kd-train: teacher 9 (48.80) -> student 8 (47.60)
  oracle-train: oracle -> student 5 : 48.78
  oracle-gain in this round: 0.46
  kd-train: teacher 6 (48.84) -> student 1 (48.72)

=== Round 35/300 (MWM_AccDiff) ===
  oracle-train: oracle -> student 4 : 49.08
  oracle-gain in this round: -1.14
  kd-train: teacher 7 (49.64) -> student 2 (47.90)
  kd-train: teacher 5 (49.24) -> student 1 (49.22)
  kd-train: teacher 8 (49.46) -> student 9 (48.80)
  kd-train: teacher 3 (50.34) -> student 6 (48.84)

=== Round 36/300 (MWM_AccDiff) ===
  kd-train: teacher 3 (50.34) -> student 4 (47.94)
  kd-train: teacher 7 (49.64) -> student 2 (48.48)
  kd-train: teacher 5 (49.24) -> student 1 (49.18)
  kd-train: teacher 8 (49.46) -> student 6 (47.82)
  oracle-train: oracle -> student 9 : 49.00
  oracle-gain in this round: -0.14

=== Round 37/300 (MWM_AccDiff) ===
  oracle-train: oracle -> student 4 : 49.16
  oracle-gain in this round: 0.06
  kd-train: teacher 8 (49.46) -> student 1 (48.50)
  kd-train: teacher 7 (49.64) -> student 6 (48.46)
  kd-train: teacher 3 (50.34) -> student 9 (48.86)
  kd-train: teacher 2 (49.70) -> student 5 (49.24)

=== Round 38/300 (MWM_AccDiff) ===
  kd-train: teacher 7 (49.64) -> student 4 (49.22)
  kd-train: teacher 2 (49.70) -> student 6 (48.72)
  kd-train: teacher 8 (49.46) -> student 1 (49.04)
  oracle-train: oracle -> student 9 : 49.10
  oracle-gain in this round: -0.08
  kd-train: teacher 3 (50.34) -> student 5 (48.12)

=== Round 39/300 (MWM_AccDiff) ===
  kd-train: teacher 3 (50.34) -> student 4 (48.00)
  kd-train: teacher 1 (49.62) -> student 5 (48.90)
  kd-train: teacher 7 (49.64) -> student 6 (47.58)
  kd-train: teacher 2 (49.70) -> student 9 (49.02)
  oracle-train: oracle -> student 8 : 49.46
  oracle-gain in this round: -0.14

=== Round 40/300 (MWM_AccDiff) ===
  oracle-train: oracle -> student 1 : 49.62
  oracle-gain in this round: -0.80
  kd-train: teacher 7 (49.64) -> student 8 (49.32)
  kd-train: teacher 2 (49.70) -> student 9 (48.76)
  kd-train: teacher 4 (49.88) -> student 5 (48.98)
  kd-train: teacher 3 (50.34) -> student 6 (47.76)

=== Round 41/300 (MWM_AccDiff) ===
  oracle-train: oracle -> student 9 : 48.24
  oracle-gain in this round: 0.34
  kd-train: teacher 4 (49.88) -> student 1 (48.82)
  kd-train: teacher 7 (49.64) -> student 6 (49.10)
  kd-train: teacher 3 (50.34) -> student 5 (48.90)
  kd-train: teacher 2 (49.70) -> student 8 (49.58)

=== Round 42/300 (MWM_AccDiff) ===
  kd-train: teacher 4 (49.88) -> student 8 (46.10)
  kd-train: teacher 2 (49.70) -> student 1 (49.32)
  kd-train: teacher 7 (49.64) -> student 6 (47.54)
  kd-train: teacher 3 (50.34) -> student 9 (48.58)
  oracle-train: oracle -> student 5 : 48.54
  oracle-gain in this round: 0.34

=== Round 43/300 (MWM_AccDiff) ===
  kd-train: teacher 3 (50.34) -> student 8 (49.12)
  kd-train: teacher 2 (49.70) -> student 1 (49.60)
  kd-train: teacher 4 (49.88) -> student 9 (49.18)
  kd-train: teacher 7 (49.64) -> student 5 (48.88)
  oracle-train: oracle -> student 6 : 48.34
  oracle-gain in this round: 0.34

=== Round 44/300 (MWM_AccDiff) ===
  kd-train: teacher 2 (49.70) -> student 7 (49.64)
  kd-train: teacher 5 (49.80) -> student 1 (49.02)
  oracle-train: oracle -> student 9 : 49.34
  oracle-gain in this round: -0.18
  kd-train: teacher 4 (49.88) -> student 8 (49.38)
  kd-train: teacher 3 (50.34) -> student 6 (48.68)

=== Round 45/300 (MWM_AccDiff) ===
  oracle-train: oracle -> student 6 : 49.52
  oracle-gain in this round: 6.96
  kd-train: teacher 3 (50.34) -> student 7 (48.50)
  kd-train: teacher 5 (49.80) -> student 2 (49.70)
  kd-train: teacher 4 (49.88) -> student 8 (49.72)
  kd-train: teacher 1 (50.20) -> student 9 (49.16)

=== Round 46/300 (MWM_AccDiff) ===
  kd-train: teacher 4 (49.88) -> student 2 (49.36)
  kd-train: teacher 3 (50.34) -> student 7 (49.84)
  kd-train: teacher 6 (56.48) -> student 8 (49.50)
  oracle-train: oracle -> student 5 : 49.80
  oracle-gain in this round: 0.24
  kd-train: teacher 1 (50.20) -> student 9 (49.08)

=== Round 47/300 (MWM_AccDiff) ===
  oracle-train: oracle -> student 4 : 49.88
  oracle-gain in this round: 0.38
  kd-train: teacher 1 (50.20) -> student 5 (50.04)
  kd-train: teacher 3 (50.34) -> student 2 (48.04)
  kd-train: teacher 6 (56.48) -> student 7 (49.62)
  kd-train: teacher 8 (53.78) -> student 9 (49.30)

=== Round 48/300 (MWM_AccDiff) ===
  kd-train: teacher 7 (56.00) -> student 2 (49.72)
  kd-train: teacher 6 (56.48) -> student 4 (50.26)
  kd-train: teacher 8 (53.78) -> student 3 (50.34)
  oracle-train: oracle -> student 5 : 49.28
  oracle-gain in this round: 0.22
  kd-train: teacher 9 (52.48) -> student 1 (50.20)

=== Round 49/300 (MWM_AccDiff) ===
  kd-train: teacher 2 (54.08) -> student 1 (50.96)
  oracle-train: oracle -> student 4 : 53.58
  oracle-gain in this round: 1.22
  kd-train: teacher 7 (56.00) -> student 5 (49.50)
  kd-train: teacher 8 (53.78) -> student 9 (52.48)
  kd-train: teacher 6 (56.48) -> student 3 (52.58)

=== Round 50/300 (MWM_AccDiff) ===
  kd-train: teacher 2 (54.08) -> student 1 (53.44)
  kd-train: teacher 4 (54.80) -> student 3 (48.88)
  kd-train: teacher 7 (56.00) -> student 5 (53.24)
  oracle-train: oracle -> student 8 : 53.78
  oracle-gain in this round: 0.60
  kd-train: teacher 6 (56.48) -> student 9 (53.40)

=== Round 51/300 (MWM_AccDiff) ===
  kd-train: teacher 6 (56.48) -> student 2 (54.08)
  kd-train: teacher 5 (54.90) -> student 1 (53.44)
  kd-train: teacher 4 (54.80) -> student 9 (54.74)
  oracle-train: oracle -> student 3 : 52.64
  oracle-gain in this round: 0.58
  kd-train: teacher 7 (56.00) -> student 8 (54.38)

=== Round 52/300 (MWM_AccDiff) ===
  oracle-train: oracle -> student 9 : 52.88
  oracle-gain in this round: 0.72
  kd-train: teacher 7 (56.00) -> student 3 (53.22)
  kd-train: teacher 1 (55.94) -> student 8 (55.36)
  kd-train: teacher 6 (56.48) -> student 4 (54.80)
  kd-train: teacher 2 (55.92) -> student 5 (54.90)

=== Round 53/300 (MWM_AccDiff) ===
  kd-train: teacher 7 (56.00) -> student 9 (53.60)
  kd-train: teacher 2 (55.92) -> student 4 (54.94)
  kd-train: teacher 6 (56.48) -> student 5 (53.04)
  oracle-train: oracle -> student 8 : 55.48
  oracle-gain in this round: 0.58
  kd-train: teacher 1 (55.94) -> student 3 (55.50)

=== Round 54/300 (MWM_AccDiff) ===
  kd-train: teacher 6 (56.48) -> student 4 (54.00)
  kd-train: teacher 7 (56.00) -> student 1 (55.94)
  kd-train: teacher 8 (56.06) -> student 9 (55.36)
  oracle-train: oracle -> student 5 : 54.56
  oracle-gain in this round: 0.24
  kd-train: teacher 3 (56.22) -> student 2 (55.92)

=== Round 55/300 (MWM_AccDiff) ===
  kd-train: teacher 3 (56.22) -> student 4 (55.72)
  kd-train: teacher 8 (56.06) -> student 5 (54.80)
  oracle-train: oracle -> student 9 : 55.28
  oracle-gain in this round: 0.04
  kd-train: teacher 7 (56.00) -> student 1 (55.68)
  kd-train: teacher 6 (56.48) -> student 2 (54.62)

=== Round 56/300 (MWM_AccDiff) ===
  kd-train: teacher 2 (57.38) -> student 7 (56.00)
  kd-train: teacher 6 (56.48) -> student 9 (55.32)
  kd-train: teacher 4 (56.48) -> student 5 (56.16)
  oracle-train: oracle -> student 8 : 56.06
  oracle-gain in this round: -1.16
  kd-train: teacher 3 (56.22) -> student 1 (55.96)

=== Round 57/300 (MWM_AccDiff) ===
  kd-train: teacher 7 (56.36) -> student 8 (54.90)
  kd-train: teacher 6 (56.48) -> student 9 (53.82)
  kd-train: teacher 4 (56.48) -> student 1 (54.00)
  kd-train: teacher 2 (57.38) -> student 3 (56.22)
  oracle-train: oracle -> student 5 : 55.56
  oracle-gain in this round: 0.26

=== Round 58/300 (MWM_AccDiff) ===
  oracle-train: oracle -> student 7 : 56.36
  oracle-gain in this round: -0.08
  kd-train: teacher 6 (56.48) -> student 9 (55.70)
  kd-train: teacher 4 (56.48) -> student 1 (54.94)
  kd-train: teacher 3 (57.04) -> student 8 (55.10)
  kd-train: teacher 2 (57.38) -> student 5 (55.82)

=== Round 59/300 (MWM_AccDiff) ===
  oracle-train: oracle -> student 9 : 54.62
  oracle-gain in this round: 0.52
  kd-train: teacher 2 (57.38) -> student 7 (56.28)
  kd-train: teacher 5 (57.52) -> student 8 (56.14)
  kd-train: teacher 4 (56.48) -> student 1 (56.16)
  kd-train: teacher 3 (57.04) -> student 6 (56.48)

=== Round 60/300 (MWM_AccDiff) ===
  kd-train: teacher 3 (57.04) -> student 4 (56.48)
  kd-train: teacher 5 (57.52) -> student 8 (56.30)
  kd-train: teacher 2 (57.38) -> student 9 (55.14)
  oracle-train: oracle -> student 6 : 56.08
  oracle-gain in this round: 0.12
  kd-train: teacher 7 (56.66) -> student 1 (54.12)

=== Round 61/300 (MWM_AccDiff) ===
  kd-train: teacher 2 (57.38) -> student 7 (56.66)
  oracle-train: oracle -> student 6 : 56.20
  oracle-gain in this round: 0.16
  kd-train: teacher 5 (57.52) -> student 4 (55.70)
  kd-train: teacher 9 (57.00) -> student 8 (54.98)
  kd-train: teacher 3 (57.04) -> student 1 (56.50)

=== Round 62/300 (MWM_AccDiff) ===
  oracle-train: oracle -> student 9 : 57.00
  oracle-gain in this round: 0.18
  kd-train: teacher 4 (57.26) -> student 1 (56.46)
  kd-train: teacher 3 (57.04) -> student 7 (54.82)
  kd-train: teacher 5 (57.52) -> student 6 (56.36)
  kd-train: teacher 2 (57.38) -> student 8 (56.56)

=== Round 63/300 (MWM_AccDiff) ===
  oracle-train: oracle -> student 3 : 57.04
  oracle-gain in this round: -0.02
  kd-train: teacher 4 (57.26) -> student 6 (56.52)
  kd-train: teacher 5 (57.52) -> student 7 (56.00)
  kd-train: teacher 2 (57.38) -> student 8 (55.34)
  kd-train: teacher 9 (57.18) -> student 1 (56.70)

=== Round 64/300 (MWM_AccDiff) ===
  kd-train: teacher 4 (57.26) -> student 8 (56.68)
  kd-train: teacher 5 (57.52) -> student 1 (56.26)
  oracle-train: oracle -> student 3 : 57.02
  oracle-gain in this round: 0.08
  kd-train: teacher 2 (57.38) -> student 7 (52.90)
  kd-train: teacher 9 (57.18) -> student 6 (56.90)

=== Round 65/300 (MWM_AccDiff) ===
  kd-train: teacher 2 (57.38) -> student 6 (56.10)
  kd-train: teacher 1 (57.74) -> student 7 (55.30)
  kd-train: teacher 4 (57.26) -> student 3 (57.10)
  oracle-train: oracle -> student 9 : 57.18
  oracle-gain in this round: -0.38
  kd-train: teacher 5 (57.52) -> student 8 (55.40)

=== Round 66/300 (MWM_AccDiff) ===
  oracle-train: oracle -> student 4 : 57.26
  oracle-gain in this round: -0.26
  kd-train: teacher 8 (57.52) -> student 7 (56.92)
  kd-train: teacher 1 (57.74) -> student 6 (55.72)
  kd-train: teacher 2 (57.38) -> student 9 (56.80)
  kd-train: teacher 5 (57.52) -> student 3 (56.92)

=== Round 67/300 (MWM_AccDiff) ===
  oracle-train: oracle -> student 7 : 57.34
  oracle-gain in this round: 0.36
  kd-train: teacher 5 (57.52) -> student 6 (56.92)
  kd-train: teacher 2 (57.38) -> student 4 (57.00)
  kd-train: teacher 8 (57.52) -> student 9 (55.56)
  kd-train: teacher 1 (57.74) -> student 3 (55.96)

=== Round 68/300 (MWM_AccDiff) ===
  oracle-train: oracle -> student 2 : 57.38
  oracle-gain in this round: -0.76
  kd-train: teacher 8 (57.52) -> student 4 (56.76)
  kd-train: teacher 1 (57.74) -> student 6 (56.76)
  kd-train: teacher 7 (57.70) -> student 9 (56.48)
  kd-train: teacher 5 (57.52) -> student 3 (56.16)

=== Round 69/300 (MWM_AccDiff) ===
  kd-train: teacher 1 (57.74) -> student 2 (56.62)
  kd-train: teacher 7 (57.70) -> student 3 (56.36)
  kd-train: teacher 8 (57.52) -> student 4 (57.08)
  oracle-train: oracle -> student 5 : 57.52
  oracle-gain in this round: -0.42
  kd-train: teacher 6 (58.24) -> student 9 (56.84)

=== Round 70/300 (MWM_AccDiff) ===
  kd-train: teacher 6 (58.24) -> student 4 (55.92)
  oracle-train: oracle -> student 3 : 57.50
  oracle-gain in this round: -0.30
  kd-train: teacher 7 (57.70) -> student 5 (57.10)
  kd-train: teacher 1 (57.74) -> student 9 (56.50)
  kd-train: teacher 8 (57.52) -> student 2 (57.28)

=== Round 71/300 (MWM_AccDiff) ===
  kd-train: teacher 1 (57.74) -> student 2 (56.26)
  kd-train: teacher 8 (57.52) -> student 5 (56.90)
  oracle-train: oracle -> student 3 : 57.20
  oracle-gain in this round: -0.04
  kd-train: teacher 6 (58.24) -> student 4 (56.40)
  kd-train: teacher 7 (57.70) -> student 9 (55.76)

=== Round 72/300 (MWM_AccDiff) ===
  kd-train: teacher 7 (57.70) -> student 2 (57.18)
  kd-train: teacher 6 (58.24) -> student 4 (56.00)
  kd-train: teacher 1 (57.74) -> student 8 (57.52)
  oracle-train: oracle -> student 3 : 57.16
  oracle-gain in this round: -0.14
  kd-train: teacher 9 (58.14) -> student 5 (54.96)

=== Round 73/300 (MWM_AccDiff) ===
  oracle-train: oracle -> student 4 : 56.94
  oracle-gain in this round: -0.04
  kd-train: teacher 5 (57.78) -> student 8 (57.42)
  kd-train: teacher 9 (58.14) -> student 2 (56.96)
  kd-train: teacher 1 (57.74) -> student 7 (57.70)
  kd-train: teacher 6 (58.24) -> student 3 (57.02)

=== Round 74/300 (MWM_AccDiff) ===
  oracle-train: oracle -> student 4 : 56.90
  oracle-gain in this round: 0.04
  kd-train: teacher 1 (57.74) -> student 8 (56.76)
  kd-train: teacher 9 (58.14) -> student 7 (55.12)
  kd-train: teacher 6 (58.24) -> student 3 (56.06)
  kd-train: teacher 5 (57.78) -> student 2 (56.76)

=== Round 75/300 (MWM_AccDiff) ===
  oracle-train: oracle -> student 1 : 57.74
  oracle-gain in this round: -0.42
  kd-train: teacher 3 (57.74) -> student 4 (56.94)
  kd-train: teacher 6 (58.24) -> student 7 (56.78)
  kd-train: teacher 9 (58.14) -> student 8 (56.78)
  kd-train: teacher 5 (57.78) -> student 2 (56.40)

=== Round 76/300 (MWM_AccDiff) ===
  kd-train: teacher 6 (58.24) -> student 4 (56.36)
  kd-train: teacher 5 (57.78) -> student 7 (57.14)
  kd-train: teacher 9 (58.14) -> student 2 (56.68)
  oracle-train: oracle -> student 8 : 56.58
  oracle-gain in this round: 0.76
  kd-train: teacher 3 (57.74) -> student 1 (57.32)

=== Round 77/300 (MWM_AccDiff) ===
  oracle-train: oracle -> student 7 : 57.54
  oracle-gain in this round: -0.12
  kd-train: teacher 5 (57.78) -> student 1 (57.20)
  kd-train: teacher 9 (58.14) -> student 4 (56.62)
  kd-train: teacher 3 (57.74) -> student 8 (57.34)
  kd-train: teacher 6 (58.24) -> student 2 (55.92)

=== Round 78/300 (MWM_AccDiff) ===
  kd-train: teacher 5 (57.78) -> student 1 (57.02)
  kd-train: teacher 3 (57.74) -> student 7 (57.42)
  kd-train: teacher 6 (58.24) -> student 8 (57.02)
  oracle-train: oracle -> student 2 : 56.52
  oracle-gain in this round: -0.08
  kd-train: teacher 9 (58.14) -> student 4 (57.36)

=== Round 79/300 (MWM_AccDiff) ===
  kd-train: teacher 6 (58.24) -> student 2 (56.44)
  kd-train: teacher 3 (57.74) -> student 8 (57.52)
  oracle-train: oracle -> student 4 : 56.36
  oracle-gain in this round: -0.02
  kd-train: teacher 5 (57.78) -> student 1 (56.22)
  kd-train: teacher 9 (58.14) -> student 7 (56.60)

=== Round 80/300 (MWM_AccDiff) ===
  oracle-train: oracle -> student 7 : 57.48
  oracle-gain in this round: 1.36
  kd-train: teacher 5 (57.78) -> student 4 (56.34)
  kd-train: teacher 3 (57.74) -> student 8 (56.90)
  kd-train: teacher 6 (58.24) -> student 2 (56.18)
  kd-train: teacher 9 (58.14) -> student 1 (56.42)

=== Round 81/300 (MWM_AccDiff) ===
  kd-train: teacher 9 (58.14) -> student 4 (57.62)
  kd-train: teacher 7 (58.84) -> student 1 (55.90)
  kd-train: teacher 6 (58.24) -> student 8 (55.90)
  oracle-train: oracle -> student 5 : 57.78
  oracle-gain in this round: 0.18
  kd-train: teacher 2 (58.10) -> student 3 (57.74)

=== Round 82/300 (MWM_AccDiff) ===
  kd-train: teacher 7 (58.84) -> student 4 (57.14)
  kd-train: teacher 2 (58.10) -> student 5 (57.96)
  oracle-train: oracle -> student 8 : 57.04
  oracle-gain in this round: -0.02
  kd-train: teacher 6 (58.24) -> student 3 (57.66)
  kd-train: teacher 9 (58.14) -> student 1 (56.82)

=== Round 83/300 (MWM_AccDiff) ===
  oracle-train: oracle -> student 1 : 57.92
  oracle-gain in this round: 3.18
  kd-train: teacher 6 (58.24) -> student 5 (57.48)
  kd-train: teacher 9 (58.14) -> student 4 (56.08)
  kd-train: teacher 7 (58.84) -> student 8 (57.02)
  kd-train: teacher 2 (58.10) -> student 3 (57.26)

=== Round 84/300 (MWM_AccDiff) ===
  kd-train: teacher 7 (58.84) -> student 3 (57.48)
  kd-train: teacher 4 (58.44) -> student 5 (56.16)
  oracle-train: oracle -> student 8 : 55.48
  oracle-gain in this round: 0.94
  kd-train: teacher 6 (58.24) -> student 2 (58.10)
  kd-train: teacher 1 (61.10) -> student 9 (58.14)

=== Round 85/300 (MWM_AccDiff) ===
  kd-train: teacher 4 (58.44) -> student 2 (57.72)
  kd-train: teacher 3 (58.28) -> student 9 (57.78)
  oracle-train: oracle -> student 8 : 56.42
  oracle-gain in this round: -0.70
  kd-train: teacher 1 (61.10) -> student 6 (58.24)
  kd-train: teacher 7 (58.84) -> student 5 (57.98)

=== Round 86/300 (MWM_AccDiff) ===
  oracle-train: oracle -> student 9 : 54.94
  oracle-gain in this round: 0.60
  kd-train: teacher 4 (58.44) -> student 8 (55.72)
  kd-train: teacher 7 (58.84) -> student 2 (56.88)
  kd-train: teacher 3 (58.28) -> student 5 (57.48)
  kd-train: teacher 1 (61.10) -> student 6 (58.16)

=== Round 87/300 (MWM_AccDiff) ===
  kd-train: teacher 4 (58.44) -> student 8 (57.70)
  kd-train: teacher 7 (58.84) -> student 2 (57.58)
  kd-train: teacher 1 (61.10) -> student 5 (56.98)
  kd-train: teacher 6 (61.00) -> student 9 (55.54)
  oracle-train: oracle -> student 3 : 58.28
  oracle-gain in this round: -0.48

=== Round 88/300 (MWM_AccDiff) ===
  oracle-train: oracle -> student 4 : 58.44
  oracle-gain in this round: -0.32
  kd-train: teacher 1 (61.10) -> student 7 (58.84)
  kd-train: teacher 9 (61.10) -> student 8 (56.66)
  kd-train: teacher 6 (61.00) -> student 3 (57.80)
  kd-train: teacher 5 (60.58) -> student 2 (57.42)

=== Round 89/300 (MWM_AccDiff) ===
  kd-train: teacher 7 (61.90) -> student 2 (59.56)
  kd-train: teacher 9 (61.10) -> student 4 (58.12)
  kd-train: teacher 1 (61.10) -> student 5 (60.58)
  oracle-train: oracle -> student 6 : 61.00
  oracle-gain in this round: -0.02
  kd-train: teacher 3 (61.02) -> student 8 (60.60)

=== Round 90/300 (MWM_AccDiff) ===
  oracle-train: oracle -> student 6 : 60.98
  oracle-gain in this round: -0.26
  kd-train: teacher 9 (61.10) -> student 5 (60.28)
  kd-train: teacher 2 (61.62) -> student 8 (59.14)
  kd-train: teacher 1 (61.10) -> student 3 (61.02)
  kd-train: teacher 7 (61.90) -> student 4 (59.20)

=== Round 91/300 (MWM_AccDiff) ===
  kd-train: teacher 2 (61.62) -> student 6 (60.72)
  kd-train: teacher 7 (61.90) -> student 9 (61.10)
  kd-train: teacher 3 (61.76) -> student 5 (60.20)
  oracle-train: oracle -> student 8 : 60.96
  oracle-gain in this round: 0.10
  kd-train: teacher 1 (61.10) -> student 4 (59.06)

=== Round 92/300 (MWM_AccDiff) ===
  oracle-train: oracle -> student 4 : 61.38
  oracle-gain in this round: 2.70
  kd-train: teacher 7 (61.90) -> student 9 (61.20)
  kd-train: teacher 5 (62.02) -> student 6 (61.16)
  kd-train: teacher 2 (61.62) -> student 8 (61.06)
  kd-train: teacher 3 (61.76) -> student 1 (61.10)

=== Round 93/300 (MWM_AccDiff) ===
  kd-train: teacher 7 (61.90) -> student 8 (59.28)
  kd-train: teacher 4 (64.08) -> student 6 (59.90)
  oracle-train: oracle -> student 9 : 61.22
  oracle-gain in this round: 0.00
  kd-train: teacher 5 (62.02) -> student 2 (61.62)
  kd-train: teacher 1 (62.98) -> student 3 (61.76)

=== Round 94/300 (MWM_AccDiff) ===
  kd-train: teacher 7 (61.90) -> student 3 (60.98)
  kd-train: teacher 1 (62.98) -> student 8 (61.02)
  oracle-train: oracle -> student 9 : 61.22
  oracle-gain in this round: -0.44
  kd-train: teacher 4 (64.08) -> student 6 (60.82)
  kd-train: teacher 5 (62.02) -> student 2 (60.74)

=== Round 95/300 (MWM_AccDiff) ===
  oracle-train: oracle -> student 9 : 60.78
  oracle-gain in this round: 0.32
  kd-train: teacher 5 (62.02) -> student 7 (61.90)
  kd-train: teacher 3 (61.92) -> student 2 (61.14)
  kd-train: teacher 4 (64.08) -> student 8 (61.30)
  kd-train: teacher 1 (62.98) -> student 6 (61.86)

=== Round 96/300 (MWM_AccDiff) ===
  kd-train: teacher 8 (64.10) -> student 7 (61.88)
  kd-train: teacher 4 (64.08) -> student 6 (61.84)
  oracle-train: oracle -> student 9 : 61.10
  oracle-gain in this round: 0.00
  kd-train: teacher 5 (62.02) -> student 2 (61.06)
  kd-train: teacher 1 (62.98) -> student 3 (61.92)

=== Round 97/300 (MWM_AccDiff) ===
  oracle-train: oracle -> student 1 : 62.98
  oracle-gain in this round: 0.38
  kd-train: teacher 4 (64.08) -> student 5 (62.02)
  kd-train: teacher 6 (63.10) -> student 3 (61.62)
  kd-train: teacher 7 (63.86) -> student 9 (61.10)
  kd-train: teacher 8 (64.10) -> student 2 (61.58)

=== Round 98/300 (MWM_AccDiff) ===
  oracle-train: oracle -> student 1 : 63.36
  oracle-gain in this round: -0.34
  kd-train: teacher 8 (64.10) -> student 3 (60.32)
  kd-train: teacher 7 (63.86) -> student 6 (63.10)
  kd-train: teacher 2 (64.26) -> student 5 (62.88)
  kd-train: teacher 4 (64.08) -> student 9 (62.96)

=== Round 99/300 (MWM_AccDiff) ===
  oracle-train: oracle -> student 1 : 63.02
  oracle-gain in this round: -0.50
  kd-train: teacher 2 (64.26) -> student 7 (63.86)
  kd-train: teacher 4 (64.08) -> student 5 (63.28)
  kd-train: teacher 8 (64.10) -> student 9 (61.10)
  kd-train: teacher 3 (64.64) -> student 6 (61.88)

=== Round 100/300 (MWM_AccDiff) ===
  kd-train: teacher 3 (64.64) -> student 8 (64.10)
  oracle-train: oracle -> student 4 : 64.08
  oracle-gain in this round: 1.24
  kd-train: teacher 5 (65.16) -> student 6 (63.68)
  kd-train: teacher 7 (64.46) -> student 2 (64.26)
  kd-train: teacher 9 (64.28) -> student 1 (62.52)

=== Round 101/300 (MWM_AccDiff) ===
  kd-train: teacher 5 (65.16) -> student 6 (63.08)
  oracle-train: oracle -> student 9 : 64.28
  oracle-gain in this round: -0.10
  kd-train: teacher 3 (64.64) -> student 2 (63.64)
  kd-train: teacher 7 (64.46) -> student 1 (62.24)
  kd-train: teacher 4 (65.32) -> student 8 (64.42)

=== Round 102/300 (MWM_AccDiff) ===
  oracle-train: oracle -> student 7 : 64.46
  oracle-gain in this round: 0.34
  kd-train: teacher 2 (64.72) -> student 1 (64.12)
  kd-train: teacher 3 (64.64) -> student 9 (64.18)
  kd-train: teacher 4 (65.32) -> student 6 (61.92)
  kd-train: teacher 5 (65.16) -> student 8 (63.56)

=== Round 103/300 (MWM_AccDiff) ===
  kd-train: teacher 4 (65.32) -> student 8 (62.96)
  kd-train: teacher 7 (64.80) -> student 3 (64.64)
  kd-train: teacher 5 (65.16) -> student 9 (63.36)
  oracle-train: oracle -> student 2 : 64.72
  oracle-gain in this round: 0.00
  kd-train: teacher 6 (64.86) -> student 1 (64.40)

=== Round 104/300 (MWM_AccDiff) ===
  kd-train: teacher 4 (65.32) -> student 9 (64.52)
  kd-train: teacher 7 (64.80) -> student 8 (64.38)
  oracle-train: oracle -> student 2 : 64.72
  oracle-gain in this round: -0.30
  kd-train: teacher 6 (64.86) -> student 1 (62.38)
  kd-train: teacher 5 (65.16) -> student 3 (62.84)

=== Round 105/300 (MWM_AccDiff) ===
  kd-train: teacher 6 (64.86) -> student 9 (63.52)
  kd-train: teacher 7 (64.80) -> student 1 (62.90)
  oracle-train: oracle -> student 2 : 64.42
  oracle-gain in this round: 0.34
  kd-train: teacher 4 (65.32) -> student 8 (64.74)
  kd-train: teacher 5 (65.16) -> student 3 (63.06)

=== Round 106/300 (MWM_AccDiff) ===
  kd-train: teacher 4 (65.32) -> student 3 (62.84)
  kd-train: teacher 8 (65.08) -> student 7 (64.80)
  kd-train: teacher 5 (65.16) -> student 9 (63.20)
  oracle-train: oracle -> student 2 : 64.76
  oracle-gain in this round: -0.50
  kd-train: teacher 6 (64.86) -> student 1 (64.42)

=== Round 107/300 (MWM_AccDiff) ===
  oracle-train: oracle -> student 9 : 64.52
  oracle-gain in this round: -0.30
  kd-train: teacher 5 (65.16) -> student 3 (64.54)
  kd-train: teacher 6 (64.86) -> student 1 (63.20)
  kd-train: teacher 4 (65.32) -> student 7 (64.30)
  kd-train: teacher 8 (65.08) -> student 2 (64.26)

=== Round 108/300 (MWM_AccDiff) ===
  kd-train: teacher 7 (65.00) -> student 3 (64.66)
  kd-train: teacher 4 (65.32) -> student 6 (64.86)
  kd-train: teacher 8 (65.08) -> student 1 (61.08)
  oracle-train: oracle -> student 9 : 64.22
  oracle-gain in this round: 0.38
  kd-train: teacher 5 (65.16) -> student 2 (63.62)

=== Round 109/300 (MWM_AccDiff) ===
  oracle-train: oracle -> student 7 : 65.00
  oracle-gain in this round: 1.02
  kd-train: teacher 5 (65.16) -> student 1 (64.30)
  kd-train: teacher 4 (65.32) -> student 9 (64.60)
  kd-train: teacher 6 (65.58) -> student 3 (64.50)
  kd-train: teacher 8 (65.08) -> student 2 (62.46)

=== Round 110/300 (MWM_AccDiff) ===
  kd-train: teacher 7 (66.02) -> student 2 (61.52)
  kd-train: teacher 5 (65.16) -> student 1 (64.06)
  oracle-train: oracle -> student 9 : 65.06
  oracle-gain in this round: 0.32
  kd-train: teacher 4 (65.32) -> student 8 (65.08)
  kd-train: teacher 6 (65.58) -> student 3 (63.08)

=== Round 111/300 (MWM_AccDiff) ===
  kd-train: teacher 4 (65.32) -> student 8 (65.14)
  oracle-train: oracle -> student 3 : 65.30
  oracle-gain in this round: 0.06
  kd-train: teacher 6 (65.58) -> student 2 (64.48)
  kd-train: teacher 7 (66.02) -> student 5 (65.16)
  kd-train: teacher 9 (65.38) -> student 1 (63.96)

=== Round 112/300 (MWM_AccDiff) ===
  oracle-train: oracle -> student 4 : 65.32
  oracle-gain in this round: -0.48
  kd-train: teacher 6 (65.58) -> student 2 (64.30)
  kd-train: teacher 5 (65.82) -> student 3 (65.36)
  kd-train: teacher 9 (65.38) -> student 1 (63.20)
  kd-train: teacher 7 (66.02) -> student 8 (64.32)

=== Round 113/300 (MWM_AccDiff) ===
  oracle-train: oracle -> student 4 : 64.84
  oracle-gain in this round: 0.32
  kd-train: teacher 7 (66.02) -> student 3 (64.86)
  kd-train: teacher 6 (65.58) -> student 8 (64.14)
  kd-train: teacher 5 (65.82) -> student 2 (63.64)
  kd-train: teacher 9 (65.38) -> student 1 (63.60)

=== Round 114/300 (MWM_AccDiff) ===
  oracle-train: oracle -> student 6 : 65.58
  oracle-gain in this round: -0.16
  kd-train: teacher 5 (65.82) -> student 4 (65.16)
  kd-train: teacher 7 (66.02) -> student 1 (63.76)
  kd-train: teacher 8 (65.66) -> student 9 (65.38)
  kd-train: teacher 3 (66.32) -> student 2 (65.16)

=== Round 115/300 (MWM_AccDiff) ===
  kd-train: teacher 4 (66.32) -> student 2 (65.28)
  kd-train: teacher 5 (65.82) -> student 9 (65.36)
  kd-train: teacher 7 (66.02) -> student 1 (64.16)
  kd-train: teacher 3 (66.32) -> student 6 (65.42)
  oracle-train: oracle -> student 8 : 65.66
  oracle-gain in this round: -0.02

=== Round 116/300 (MWM_AccDiff) ===
  kd-train: teacher 5 (65.82) -> student 6 (65.32)
  kd-train: teacher 4 (66.32) -> student 2 (65.32)
  kd-train: teacher 7 (66.02) -> student 1 (64.52)
  kd-train: teacher 3 (66.32) -> student 9 (65.36)
  oracle-train: oracle -> student 8 : 65.64
  oracle-gain in this round: -0.14

=== Round 117/300 (MWM_AccDiff) ===
  kd-train: teacher 3 (66.32) -> student 8 (65.50)
  kd-train: teacher 5 (65.82) -> student 6 (65.36)
  kd-train: teacher 7 (66.02) -> student 1 (64.80)
  oracle-train: oracle -> student 2 : 65.76
  oracle-gain in this round: 0.14
  kd-train: teacher 4 (66.32) -> student 9 (65.20)

=== Round 118/300 (MWM_AccDiff) ===
  kd-train: teacher 7 (66.02) -> student 9 (65.06)
  kd-train: teacher 2 (65.90) -> student 6 (65.52)
  kd-train: teacher 4 (66.32) -> student 8 (63.30)
  oracle-train: oracle -> student 5 : 65.82
  oracle-gain in this round: -0.24
  kd-train: teacher 3 (66.32) -> student 1 (64.34)

=== Round 119/300 (MWM_AccDiff) ===
  kd-train: teacher 7 (66.02) -> student 1 (65.14)
  oracle-train: oracle -> student 5 : 65.58
  oracle-gain in this round: 0.12
  kd-train: teacher 2 (65.90) -> student 8 (65.38)
  kd-train: teacher 3 (66.32) -> student 6 (64.76)
  kd-train: teacher 4 (66.32) -> student 9 (64.84)

=== Round 120/300 (MWM_AccDiff) ===
  kd-train: teacher 4 (66.32) -> student 8 (64.68)
  kd-train: teacher 7 (66.02) -> student 5 (65.70)
  oracle-train: oracle -> student 2 : 65.90
  oracle-gain in this round: 0.04
  kd-train: teacher 3 (66.32) -> student 6 (64.68)
  kd-train: teacher 9 (66.02) -> student 1 (64.70)

=== Round 121/300 (MWM_AccDiff) ===
  kd-train: teacher 4 (66.32) -> student 8 (64.52)
  oracle-train: oracle -> student 2 : 65.94
  oracle-gain in this round: 0.08
  kd-train: teacher 7 (66.02) -> student 1 (65.18)
  kd-train: teacher 3 (66.32) -> student 9 (66.02)
  kd-train: teacher 6 (66.30) -> student 5 (65.52)

=== Round 122/300 (MWM_AccDiff) ===
  kd-train: teacher 2 (66.02) -> student 1 (65.58)
  kd-train: teacher 3 (66.32) -> student 7 (66.02)
  kd-train: teacher 4 (66.32) -> student 5 (64.80)
  oracle-train: oracle -> student 9 : 65.98
  oracle-gain in this round: 0.00
  kd-train: teacher 6 (66.30) -> student 8 (65.78)

=== Round 123/300 (MWM_AccDiff) ===
  kd-train: teacher 4 (66.32) -> student 7 (64.74)
  oracle-train: oracle -> student 9 : 65.98
  oracle-gain in this round: 0.02
  kd-train: teacher 3 (66.32) -> student 5 (64.28)
  kd-train: teacher 6 (66.30) -> student 1 (64.78)
  kd-train: teacher 2 (66.02) -> student 8 (65.50)

=== Round 124/300 (MWM_AccDiff) ===
  kd-train: teacher 1 (66.50) -> student 7 (64.84)
  kd-train: teacher 4 (66.32) -> student 8 (65.08)
  oracle-train: oracle -> student 9 : 66.00
  oracle-gain in this round: -0.08
  kd-train: teacher 6 (66.30) -> student 2 (66.02)
  kd-train: teacher 3 (66.32) -> student 5 (65.60)

=== Round 125/300 (MWM_AccDiff) ===
  kd-train: teacher 4 (66.32) -> student 2 (65.76)
  kd-train: teacher 3 (66.32) -> student 9 (65.92)
  oracle-train: oracle -> student 6 : 66.30
  oracle-gain in this round: 0.12
  kd-train: teacher 1 (66.50) -> student 7 (65.38)
  kd-train: teacher 5 (66.32) -> student 8 (64.78)

=== Round 126/300 (MWM_AccDiff) ===
  kd-train: teacher 4 (66.32) -> student 8 (65.46)
  oracle-train: oracle -> student 3 : 66.32
  oracle-gain in this round: -0.08
  kd-train: teacher 5 (66.32) -> student 9 (65.14)
  kd-train: teacher 1 (66.50) -> student 7 (65.18)
  kd-train: teacher 6 (66.42) -> student 2 (64.32)

=== Round 127/300 (MWM_AccDiff) ===
  kd-train: teacher 4 (66.32) -> student 7 (65.98)
  kd-train: teacher 1 (66.50) -> student 2 (63.56)
  kd-train: teacher 6 (66.42) -> student 9 (64.98)
  oracle-train: oracle -> student 3 : 66.24
  oracle-gain in this round: -0.22
  kd-train: teacher 5 (66.32) -> student 8 (65.52)

=== Round 128/300 (MWM_AccDiff) ===
  kd-train: teacher 4 (66.32) -> student 7 (65.42)
  kd-train: teacher 1 (66.50) -> student 2 (64.70)
  kd-train: teacher 6 (66.42) -> student 9 (64.68)
  oracle-train: oracle -> student 3 : 66.02
  oracle-gain in this round: 0.06
  kd-train: teacher 5 (66.32) -> student 8 (65.10)

=== Round 129/300 (MWM_AccDiff) ===
  kd-train: teacher 4 (66.32) -> student 3 (66.08)
  kd-train: teacher 5 (66.32) -> student 8 (65.12)
  oracle-train: oracle -> student 2 : 66.12
  oracle-gain in this round: 0.20
  kd-train: teacher 6 (66.42) -> student 7 (64.90)
  kd-train: teacher 1 (66.50) -> student 9 (65.14)

=== Round 130/300 (MWM_AccDiff) ===
  oracle-train: oracle -> student 4 : 66.32
  oracle-gain in this round: -0.14
  kd-train: teacher 5 (66.32) -> student 8 (65.02)
  kd-train: teacher 2 (66.32) -> student 3 (65.52)
  kd-train: teacher 6 (66.42) -> student 7 (65.38)
  kd-train: teacher 1 (66.50) -> student 9 (65.44)

=== Round 131/300 (MWM_AccDiff) ===
  oracle-train: oracle -> student 4 : 66.18
  oracle-gain in this round: 0.12
  kd-train: teacher 1 (66.50) -> student 8 (65.48)
  kd-train: teacher 2 (66.32) -> student 3 (65.54)
  kd-train: teacher 5 (66.32) -> student 9 (65.20)
  kd-train: teacher 6 (66.42) -> student 7 (65.48)

=== Round 132/300 (MWM_AccDiff) ===
  oracle-train: oracle -> student 4 : 66.30
  oracle-gain in this round: -0.26
  kd-train: teacher 5 (66.32) -> student 9 (64.66)
  kd-train: teacher 1 (66.50) -> student 7 (64.32)
  kd-train: teacher 6 (66.42) -> student 8 (64.28)
  kd-train: teacher 2 (66.32) -> student 3 (64.84)

=== Round 133/300 (MWM_AccDiff) ===
  oracle-train: oracle -> student 4 : 66.04
  oracle-gain in this round: 0.08
  kd-train: teacher 2 (66.32) -> student 9 (65.76)
  kd-train: teacher 6 (66.42) -> student 8 (64.76)
  kd-train: teacher 5 (66.32) -> student 7 (65.52)
  kd-train: teacher 1 (66.50) -> student 3 (65.32)

=== Round 134/300 (MWM_AccDiff) ===
  oracle-train: oracle -> student 4 : 66.12
  oracle-gain in this round: 0.08
  kd-train: teacher 1 (66.50) -> student 8 (64.74)
  kd-train: teacher 5 (66.32) -> student 9 (65.56)
  kd-train: teacher 6 (66.42) -> student 7 (65.58)
  kd-train: teacher 2 (66.32) -> student 3 (65.88)

=== Round 135/300 (MWM_AccDiff) ===
  oracle-train: oracle -> student 4 : 66.20
  oracle-gain in this round: 0.06
  kd-train: teacher 1 (66.50) -> student 3 (64.74)
  kd-train: teacher 6 (66.42) -> student 9 (65.12)
  kd-train: teacher 2 (66.32) -> student 7 (66.06)
  kd-train: teacher 5 (66.32) -> student 8 (65.40)

=== Round 136/300 (MWM_AccDiff) ===
  oracle-train: oracle -> student 4 : 66.26
  oracle-gain in this round: -0.24
  kd-train: teacher 2 (66.32) -> student 9 (65.66)
  kd-train: teacher 1 (66.50) -> student 7 (65.30)
  kd-train: teacher 6 (66.42) -> student 3 (65.28)
  kd-train: teacher 5 (66.32) -> student 8 (64.58)

=== Round 137/300 (MWM_AccDiff) ===
  kd-train: teacher 6 (66.42) -> student 5 (66.32)
  kd-train: teacher 1 (66.50) -> student 8 (65.32)
  oracle-train: oracle -> student 2 : 66.32
  oracle-gain in this round: -0.18
  kd-train: teacher 9 (66.60) -> student 3 (65.68)
  kd-train: teacher 7 (66.42) -> student 4 (66.02)

=== Round 138/300 (MWM_AccDiff) ===
  kd-train: teacher 1 (66.50) -> student 8 (65.10)
  kd-train: teacher 9 (66.60) -> student 5 (65.98)
  oracle-train: oracle -> student 2 : 66.14
  oracle-gain in this round: -0.20
  kd-train: teacher 6 (66.42) -> student 3 (65.44)
  kd-train: teacher 7 (66.42) -> student 4 (65.94)

=== Round 139/300 (MWM_AccDiff) ===
  kd-train: teacher 9 (66.60) -> student 4 (64.68)
  kd-train: teacher 7 (66.42) -> student 5 (65.44)
  oracle-train: oracle -> student 2 : 65.94
  oracle-gain in this round: 0.20
  kd-train: teacher 6 (66.42) -> student 8 (65.78)
  kd-train: teacher 1 (66.50) -> student 3 (65.52)

=== Round 140/300 (MWM_AccDiff) ===
  kd-train: teacher 7 (66.42) -> student 5 (65.52)
  oracle-train: oracle -> student 2 : 66.14
  oracle-gain in this round: 0.16
  kd-train: teacher 9 (66.60) -> student 3 (65.02)
  kd-train: teacher 6 (66.42) -> student 8 (66.04)
  kd-train: teacher 1 (66.50) -> student 4 (64.88)

=== Round 141/300 (MWM_AccDiff) ===
  kd-train: teacher 1 (66.50) -> student 8 (64.92)
  kd-train: teacher 6 (66.42) -> student 4 (65.60)
  kd-train: teacher 7 (66.42) -> student 5 (65.18)
  oracle-train: oracle -> student 2 : 66.30
  oracle-gain in this round: -0.18
  kd-train: teacher 9 (66.60) -> student 3 (65.00)

=== Round 142/300 (MWM_AccDiff) ===
  kd-train: teacher 1 (66.50) -> student 5 (65.70)
  oracle-train: oracle -> student 2 : 66.12
  oracle-gain in this round: -0.16
  kd-train: teacher 9 (66.60) -> student 3 (65.44)
  kd-train: teacher 6 (66.42) -> student 8 (66.10)
  kd-train: teacher 7 (66.42) -> student 4 (66.02)

=== Round 143/300 (MWM_AccDiff) ===
  kd-train: teacher 1 (66.50) -> student 8 (65.30)
  kd-train: teacher 9 (66.60) -> student 4 (65.14)
  oracle-train: oracle -> student 3 : 65.98
  oracle-gain in this round: -0.58
  kd-train: teacher 7 (66.42) -> student 5 (65.82)
  kd-train: teacher 6 (66.42) -> student 2 (65.96)

=== Round 144/300 (MWM_AccDiff) ===
  kd-train: teacher 7 (66.42) -> student 5 (65.30)
  kd-train: teacher 9 (66.60) -> student 2 (65.18)
  kd-train: teacher 6 (66.42) -> student 3 (65.40)
  oracle-train: oracle -> student 8 : 66.02
  oracle-gain in this round: 0.38
  kd-train: teacher 1 (66.50) -> student 4 (64.36)

=== Round 145/300 (MWM_AccDiff) ===
  kd-train: teacher 7 (66.42) -> student 3 (65.34)
  kd-train: teacher 9 (66.60) -> student 2 (64.68)
  kd-train: teacher 6 (66.42) -> student 5 (65.42)
  oracle-train: oracle -> student 8 : 66.40
  oracle-gain in this round: -0.02
  kd-train: teacher 1 (66.50) -> student 4 (63.54)

=== Round 146/300 (MWM_AccDiff) ===
  kd-train: teacher 7 (66.42) -> student 2 (66.00)
  kd-train: teacher 9 (66.60) -> student 4 (65.46)
  kd-train: teacher 1 (66.50) -> student 5 (64.96)
  kd-train: teacher 6 (66.42) -> student 3 (66.14)
  oracle-train: oracle -> student 8 : 66.38
  oracle-gain in this round: 0.24

=== Round 147/300 (MWM_AccDiff) ===
  kd-train: teacher 1 (66.50) -> student 2 (65.54)
  kd-train: teacher 7 (66.42) -> student 3 (65.84)
  oracle-train: oracle -> student 6 : 66.42
  oracle-gain in this round: -0.02
  kd-train: teacher 8 (66.62) -> student 4 (63.88)
  kd-train: teacher 9 (66.60) -> student 5 (65.24)

=== Round 148/300 (MWM_AccDiff) ===
  kd-train: teacher 8 (66.62) -> student 3 (65.04)
  kd-train: teacher 7 (66.42) -> student 2 (66.30)
  kd-train: teacher 9 (66.60) -> student 4 (65.36)
  kd-train: teacher 1 (66.50) -> student 5 (65.40)
  oracle-train: oracle -> student 6 : 66.40
  oracle-gain in this round: -0.28

=== Round 149/300 (MWM_AccDiff) ===
  oracle-train: oracle -> student 4 : 66.36
  oracle-gain in this round: -0.10
  kd-train: teacher 1 (66.50) -> student 3 (65.60)
  kd-train: teacher 7 (66.42) -> student 6 (66.12)
  kd-train: teacher 9 (66.60) -> student 5 (65.36)
  kd-train: teacher 8 (66.62) -> student 2 (64.84)

=== Round 150/300 (MWM_AccDiff) ===
  oracle-train: oracle -> student 4 : 66.26
  oracle-gain in this round: 0.30
  kd-train: teacher 1 (66.50) -> student 2 (64.78)
  kd-train: teacher 7 (66.42) -> student 5 (65.64)
  kd-train: teacher 8 (66.62) -> student 3 (65.72)
  kd-train: teacher 9 (66.60) -> student 6 (65.20)

=== Round 151/300 (MWM_AccDiff) ===
  oracle-train: oracle -> student 7 : 66.42
  oracle-gain in this round: -0.20
  kd-train: teacher 1 (66.50) -> student 2 (65.90)
  kd-train: teacher 4 (66.56) -> student 3 (65.68)
  kd-train: teacher 8 (66.62) -> student 5 (65.54)
  kd-train: teacher 9 (66.60) -> student 6 (65.16)

=== Round 152/300 (MWM_AccDiff) ===
  oracle-train: oracle -> student 7 : 66.22
  oracle-gain in this round: -0.24
  kd-train: teacher 4 (66.56) -> student 3 (65.24)
  kd-train: teacher 1 (66.50) -> student 6 (65.42)
  kd-train: teacher 9 (66.60) -> student 5 (65.10)
  kd-train: teacher 8 (66.62) -> student 2 (65.20)

=== Round 153/300 (MWM_AccDiff) ===
  oracle-train: oracle -> student 7 : 65.98
  oracle-gain in this round: -0.02
  kd-train: teacher 8 (66.62) -> student 3 (65.12)
  kd-train: teacher 4 (66.56) -> student 2 (65.68)
  kd-train: teacher 1 (66.50) -> student 5 (65.66)
  kd-train: teacher 9 (66.60) -> student 6 (64.68)

=== Round 154/300 (MWM_AccDiff) ===
  kd-train: teacher 8 (66.62) -> student 3 (64.66)
  kd-train: teacher 1 (66.50) -> student 2 (65.40)
  oracle-train: oracle -> student 5 : 65.90
  oracle-gain in this round: 0.28
  kd-train: teacher 9 (66.60) -> student 6 (64.74)
  kd-train: teacher 4 (66.56) -> student 7 (65.96)

=== Round 155/300 (MWM_AccDiff) ===
  kd-train: teacher 8 (66.62) -> student 3 (65.40)
  kd-train: teacher 4 (66.56) -> student 2 (65.62)
  kd-train: teacher 1 (66.50) -> student 7 (65.96)
  oracle-train: oracle -> student 5 : 66.18
  oracle-gain in this round: 0.08
  kd-train: teacher 9 (66.60) -> student 6 (65.54)

=== Round 156/300 (MWM_AccDiff) ===
  kd-train: teacher 8 (66.62) -> student 3 (65.78)
  kd-train: teacher 1 (66.50) -> student 2 (66.00)
  kd-train: teacher 4 (66.56) -> student 6 (65.90)
  kd-train: teacher 9 (66.60) -> student 7 (65.76)
  oracle-train: oracle -> student 5 : 66.26
  oracle-gain in this round: -0.06

=== Round 157/300 (MWM_AccDiff) ===
  kd-train: teacher 8 (66.62) -> student 3 (64.64)
  kd-train: teacher 1 (66.50) -> student 2 (66.16)
  kd-train: teacher 4 (66.56) -> student 6 (65.22)
  kd-train: teacher 9 (66.60) -> student 7 (65.08)
  oracle-train: oracle -> student 5 : 66.20
  oracle-gain in this round: -0.06

=== Round 158/300 (MWM_AccDiff) ===
  kd-train: teacher 8 (66.62) -> student 7 (65.10)
  kd-train: teacher 1 (66.50) -> student 3 (65.46)
  kd-train: teacher 4 (66.56) -> student 6 (63.28)
  kd-train: teacher 9 (66.60) -> student 2 (65.08)
  oracle-train: oracle -> student 5 : 66.14
  oracle-gain in this round: 0.20

=== Round 159/300 (MWM_AccDiff) ===
  kd-train: teacher 8 (66.62) -> student 3 (64.86)
  kd-train: teacher 4 (66.56) -> student 2 (65.86)
  kd-train: teacher 1 (66.50) -> student 7 (66.22)
  oracle-train: oracle -> student 5 : 66.34
  oracle-gain in this round: 0.04
  kd-train: teacher 9 (66.60) -> student 6 (64.90)

=== Round 160/300 (MWM_AccDiff) ===
  kd-train: teacher 1 (66.50) -> student 7 (64.88)
  kd-train: teacher 4 (66.56) -> student 6 (64.54)
  kd-train: teacher 9 (66.60) -> student 3 (64.34)
  oracle-train: oracle -> student 5 : 66.38
  oracle-gain in this round: 0.08
  kd-train: teacher 8 (66.62) -> student 2 (64.36)

=== Round 161/300 (MWM_AccDiff) ===
  kd-train: teacher 1 (66.50) -> student 7 (65.86)
  kd-train: teacher 4 (66.56) -> student 3 (65.70)
  oracle-train: oracle -> student 5 : 66.46
  oracle-gain in this round: -0.18
  kd-train: teacher 9 (66.60) -> student 6 (64.96)
  kd-train: teacher 8 (66.62) -> student 2 (65.06)

=== Round 162/300 (MWM_AccDiff) ===
  kd-train: teacher 8 (66.62) -> student 3 (64.74)
  kd-train: teacher 4 (66.56) -> student 2 (65.16)
  kd-train: teacher 1 (66.50) -> student 6 (66.04)
  kd-train: teacher 9 (66.60) -> student 7 (65.08)
  oracle-train: oracle -> student 5 : 66.28
  oracle-gain in this round: -0.18

=== Round 163/300 (MWM_AccDiff) ===
  kd-train: teacher 1 (66.50) -> student 2 (65.24)
  kd-train: teacher 4 (66.56) -> student 3 (65.30)
  oracle-train: oracle -> student 6 : 66.04
  oracle-gain in this round: 0.22
  kd-train: teacher 9 (66.60) -> student 7 (64.44)
  kd-train: teacher 8 (66.62) -> student 5 (66.10)

=== Round 164/300 (MWM_AccDiff) ===
  kd-train: teacher 1 (66.50) -> student 2 (66.12)
  kd-train: teacher 4 (66.56) -> student 3 (65.62)
  kd-train: teacher 8 (66.62) -> student 5 (65.36)
  oracle-train: oracle -> student 6 : 66.26
  oracle-gain in this round: 0.48
  kd-train: teacher 9 (66.60) -> student 7 (64.66)

=== Round 165/300 (MWM_AccDiff) ===
  oracle-train: oracle -> student 1 : 66.50
  oracle-gain in this round: -0.08
  kd-train: teacher 8 (66.62) -> student 3 (65.44)
  kd-train: teacher 4 (66.56) -> student 5 (65.86)
  kd-train: teacher 9 (66.60) -> student 7 (65.74)
  kd-train: teacher 6 (66.74) -> student 2 (65.60)

=== Round 166/300 (MWM_AccDiff) ===
  oracle-train: oracle -> student 1 : 66.42
  oracle-gain in this round: 0.06
  kd-train: teacher 4 (66.56) -> student 7 (65.48)
  kd-train: teacher 8 (66.62) -> student 5 (64.46)
  kd-train: teacher 6 (66.74) -> student 2 (64.94)
  kd-train: teacher 9 (66.60) -> student 3 (65.44)

=== Round 167/300 (MWM_AccDiff) ===
  oracle-train: oracle -> student 1 : 66.48
  oracle-gain in this round: -0.50
  kd-train: teacher 4 (66.56) -> student 2 (65.52)
  kd-train: teacher 6 (66.74) -> student 3 (63.80)
  kd-train: teacher 9 (66.60) -> student 5 (65.30)
  kd-train: teacher 8 (66.62) -> student 7 (65.16)

=== Round 168/300 (MWM_AccDiff) ===
  kd-train: teacher 4 (66.56) -> student 1 (65.98)
  kd-train: teacher 9 (66.60) -> student 2 (65.52)
  oracle-train: oracle -> student 5 : 66.26
  oracle-gain in this round: -0.16
  kd-train: teacher 6 (66.74) -> student 3 (65.34)
  kd-train: teacher 8 (66.62) -> student 7 (65.00)

=== Round 169/300 (MWM_AccDiff) ===
  kd-train: teacher 4 (66.56) -> student 7 (65.52)
  kd-train: teacher 8 (66.62) -> student 3 (65.08)
  kd-train: teacher 9 (66.60) -> student 2 (65.22)
  oracle-train: oracle -> student 5 : 66.10
  oracle-gain in this round: -0.06
  kd-train: teacher 6 (66.74) -> student 1 (64.94)

=== Round 170/300 (MWM_AccDiff) ===
  kd-train: teacher 4 (66.56) -> student 7 (66.00)
  kd-train: teacher 8 (66.62) -> student 3 (65.20)
  kd-train: teacher 9 (66.60) -> student 2 (65.60)
  oracle-train: oracle -> student 5 : 66.04
  oracle-gain in this round: 0.26
  kd-train: teacher 6 (66.74) -> student 1 (64.64)

=== Round 171/300 (MWM_AccDiff) ===
  kd-train: teacher 4 (66.56) -> student 3 (65.80)
  kd-train: teacher 9 (66.60) -> student 2 (65.44)
  oracle-train: oracle -> student 5 : 66.30
  oracle-gain in this round: -0.32
  kd-train: teacher 6 (66.74) -> student 1 (65.20)
  kd-train: teacher 8 (66.62) -> student 7 (65.24)

=== Round 172/300 (MWM_AccDiff) ===
  oracle-train: oracle -> student 7 : 66.42
  oracle-gain in this round: -4.46
  kd-train: teacher 8 (66.62) -> student 3 (64.90)
  kd-train: teacher 4 (66.56) -> student 5 (65.98)
  kd-train: teacher 9 (66.60) -> student 2 (65.86)
  kd-train: teacher 6 (66.74) -> student 1 (65.54)

=== Round 173/300 (MWM_AccDiff) ===
  kd-train: teacher 4 (66.56) -> student 2 (65.30)
  kd-train: teacher 8 (66.62) -> student 1 (64.80)
  oracle-train: oracle -> student 3 : 65.66
  oracle-gain in this round: 0.46
  kd-train: teacher 9 (66.60) -> student 7 (61.96)
  kd-train: teacher 6 (66.74) -> student 5 (64.78)

=== Round 174/300 (MWM_AccDiff) ===
  oracle-train: oracle -> student 7 : 66.34
  oracle-gain in this round: 0.38
  kd-train: teacher 4 (66.56) -> student 3 (66.12)
  kd-train: teacher 9 (66.60) -> student 5 (65.86)
  kd-train: teacher 6 (66.74) -> student 1 (65.66)
  kd-train: teacher 8 (66.62) -> student 2 (65.30)

=== Round 175/300 (MWM_AccDiff) ===
  kd-train: teacher 6 (66.74) -> student 2 (66.12)
  oracle-train: oracle -> student 4 : 66.56
  oracle-gain in this round: -0.34
  kd-train: teacher 7 (66.72) -> student 3 (64.78)
  kd-train: teacher 8 (66.62) -> student 1 (64.72)
  kd-train: teacher 9 (66.60) -> student 5 (66.10)

=== Round 176/300 (MWM_AccDiff) ===
  oracle-train: oracle -> student 4 : 66.22
  oracle-gain in this round: 0.14
  kd-train: teacher 8 (66.62) -> student 5 (65.62)
  kd-train: teacher 7 (66.72) -> student 3 (65.34)
  kd-train: teacher 9 (66.60) -> student 2 (65.76)
  kd-train: teacher 6 (66.74) -> student 1 (64.96)

=== Round 177/300 (MWM_AccDiff) ===
  oracle-train: oracle -> student 4 : 66.36
  oracle-gain in this round: 0.14
  kd-train: teacher 6 (66.74) -> student 5 (65.70)
  kd-train: teacher 7 (66.72) -> student 2 (65.36)
  kd-train: teacher 8 (66.62) -> student 1 (65.14)
  kd-train: teacher 9 (66.60) -> student 3 (65.66)

=== Round 178/300 (MWM_AccDiff) ===
  oracle-train: oracle -> student 4 : 66.50
  oracle-gain in this round: -0.12
  kd-train: teacher 7 (66.72) -> student 2 (65.44)
  kd-train: teacher 8 (66.62) -> student 5 (65.62)
  kd-train: teacher 9 (66.60) -> student 3 (65.76)
  kd-train: teacher 6 (66.74) -> student 1 (64.96)

=== Round 179/300 (MWM_AccDiff) ===
  kd-train: teacher 8 (66.62) -> student 3 (65.40)
  oracle-train: oracle -> student 4 : 66.38
  oracle-gain in this round: -0.14
  kd-train: teacher 7 (66.72) -> student 5 (64.96)
  kd-train: teacher 9 (66.60) -> student 2 (66.18)
  kd-train: teacher 6 (66.74) -> student 1 (64.04)

=== Round 180/300 (MWM_AccDiff) ===
  kd-train: teacher 6 (66.74) -> student 2 (66.20)
  oracle-train: oracle -> student 4 : 66.24
  oracle-gain in this round: -0.38
  kd-train: teacher 8 (66.62) -> student 1 (64.80)
  kd-train: teacher 7 (66.72) -> student 5 (63.50)
  kd-train: teacher 9 (66.60) -> student 3 (66.12)

=== Round 181/300 (MWM_AccDiff) ===
  oracle-train: oracle -> student 3 : 65.86
  oracle-gain in this round: -1.84
  kd-train: teacher 6 (66.74) -> student 4 (65.86)
  kd-train: teacher 7 (66.72) -> student 5 (64.38)
  kd-train: teacher 9 (66.60) -> student 1 (65.00)
  kd-train: teacher 8 (66.62) -> student 2 (65.30)

=== Round 182/300 (MWM_AccDiff) ===
  kd-train: teacher 8 (66.62) -> student 1 (65.12)
  kd-train: teacher 9 (66.60) -> student 2 (65.60)
  oracle-train: oracle -> student 5 : 66.02
  oracle-gain in this round: -0.02
  kd-train: teacher 6 (66.74) -> student 3 (64.02)
  kd-train: teacher 7 (66.72) -> student 4 (63.94)

=== Round 183/300 (MWM_AccDiff) ===
  kd-train: teacher 6 (66.74) -> student 4 (65.58)
  oracle-train: oracle -> student 9 : 66.60
  oracle-gain in this round: -0.06
  kd-train: teacher 7 (66.72) -> student 5 (66.00)
  kd-train: teacher 3 (66.82) -> student 1 (65.76)
  kd-train: teacher 8 (66.62) -> student 2 (66.18)

=== Round 184/300 (MWM_AccDiff) ===
  oracle-train: oracle -> student 9 : 66.54
  oracle-gain in this round: 0.18
  kd-train: teacher 6 (66.74) -> student 5 (65.82)
  kd-train: teacher 3 (66.82) -> student 1 (65.28)
  kd-train: teacher 7 (66.72) -> student 4 (65.74)
  kd-train: teacher 8 (66.62) -> student 2 (65.90)

=== Round 185/300 (MWM_AccDiff) ===
  kd-train: teacher 9 (66.72) -> student 4 (65.08)
  kd-train: teacher 7 (66.72) -> student 5 (66.10)
  kd-train: teacher 3 (66.82) -> student 2 (64.48)
  kd-train: teacher 6 (66.74) -> student 1 (65.12)
  oracle-train: oracle -> student 8 : 66.62
  oracle-gain in this round: -0.26

=== Round 186/300 (MWM_AccDiff) ===
  kd-train: teacher 3 (66.82) -> student 4 (64.96)
  kd-train: teacher 9 (66.72) -> student 2 (65.50)
  kd-train: teacher 7 (66.72) -> student 1 (65.68)
  kd-train: teacher 6 (66.74) -> student 5 (64.86)
  oracle-train: oracle -> student 8 : 66.36
  oracle-gain in this round: 0.00

=== Round 187/300 (MWM_AccDiff) ===
  kd-train: teacher 9 (66.72) -> student 4 (65.36)
  kd-train: teacher 7 (66.72) -> student 8 (66.36)
  oracle-train: oracle -> student 2 : 66.46
  oracle-gain in this round: 0.04
  kd-train: teacher 6 (66.74) -> student 5 (65.02)
  kd-train: teacher 3 (66.82) -> student 1 (64.34)

=== Round 188/300 (MWM_AccDiff) ===
  oracle-train: oracle -> student 2 : 66.50
  oracle-gain in this round: -0.02
  kd-train: teacher 9 (66.72) -> student 8 (65.64)
  kd-train: teacher 6 (66.74) -> student 5 (64.50)
  kd-train: teacher 3 (66.82) -> student 1 (63.74)
  kd-train: teacher 7 (66.72) -> student 4 (66.18)

=== Round 189/300 (MWM_AccDiff) ===
  kd-train: teacher 9 (66.72) -> student 4 (65.32)
  kd-train: teacher 7 (66.72) -> student 8 (65.74)
  oracle-train: oracle -> student 2 : 66.48
  oracle-gain in this round: 0.10
  kd-train: teacher 6 (66.74) -> student 5 (64.72)
  kd-train: teacher 3 (66.82) -> student 1 (64.92)

=== Round 190/300 (MWM_AccDiff) ===
  kd-train: teacher 3 (66.82) -> student 4 (64.50)
  kd-train: teacher 7 (66.72) -> student 8 (65.38)
  oracle-train: oracle -> student 2 : 66.58
  oracle-gain in this round: 0.00
  kd-train: teacher 6 (66.74) -> student 5 (65.00)
  kd-train: teacher 9 (66.72) -> student 1 (65.28)

=== Round 191/300 (MWM_AccDiff) ===
  kd-train: teacher 9 (66.72) -> student 4 (65.92)
  kd-train: teacher 7 (66.72) -> student 5 (66.06)
  oracle-train: oracle -> student 2 : 66.58
  oracle-gain in this round: 0.12
  kd-train: teacher 6 (66.74) -> student 8 (65.58)
  kd-train: teacher 3 (66.82) -> student 1 (64.84)

=== Round 192/300 (MWM_AccDiff) ===
  kd-train: teacher 9 (66.72) -> student 4 (65.02)
  oracle-train: oracle -> student 2 : 66.70
  oracle-gain in this round: -0.02
  kd-train: teacher 7 (66.72) -> student 1 (65.24)
  kd-train: teacher 6 (66.74) -> student 8 (64.30)
  kd-train: teacher 3 (66.82) -> student 5 (64.48)

=== Round 193/300 (MWM_AccDiff) ===
  kd-train: teacher 3 (66.82) -> student 4 (64.98)
  oracle-train: oracle -> student 2 : 66.68
  oracle-gain in this round: 0.02
  kd-train: teacher 7 (66.72) -> student 1 (66.40)
  kd-train: teacher 6 (66.74) -> student 8 (64.86)
  kd-train: teacher 9 (66.72) -> student 5 (65.96)

=== Round 194/300 (MWM_AccDiff) ===
  kd-train: teacher 3 (66.82) -> student 4 (64.62)
  oracle-train: oracle -> student 2 : 66.70
  oracle-gain in this round: 0.12
  kd-train: teacher 7 (66.72) -> student 1 (66.10)
  kd-train: teacher 6 (66.74) -> student 8 (64.50)
  kd-train: teacher 9 (66.72) -> student 5 (65.78)

=== Round 195/300 (MWM_AccDiff) ===
  oracle-train: oracle -> student 7 : 66.72
  oracle-gain in this round: -0.16
  kd-train: teacher 2 (66.82) -> student 1 (64.98)
  kd-train: teacher 3 (66.82) -> student 4 (64.58)
  kd-train: teacher 6 (66.74) -> student 8 (65.62)
  kd-train: teacher 9 (66.72) -> student 5 (65.84)

=== Round 196/300 (MWM_AccDiff) ===
  oracle-train: oracle -> student 7 : 66.56
  oracle-gain in this round: 0.04
  kd-train: teacher 9 (66.72) -> student 4 (65.90)
  kd-train: teacher 3 (66.82) -> student 8 (64.48)
  kd-train: teacher 6 (66.74) -> student 1 (65.64)
  kd-train: teacher 2 (66.82) -> student 5 (64.90)

=== Round 197/300 (MWM_AccDiff) ===
  oracle-train: oracle -> student 7 : 66.60
  oracle-gain in this round: 0.14
  kd-train: teacher 2 (66.82) -> student 1 (64.86)
  kd-train: teacher 3 (66.82) -> student 4 (65.40)
  kd-train: teacher 6 (66.74) -> student 8 (65.52)
  kd-train: teacher 9 (66.72) -> student 5 (66.04)

=== Round 198/300 (MWM_AccDiff) ===
  kd-train: teacher 7 (66.74) -> student 8 (65.54)
  oracle-train: oracle -> student 9 : 66.72
  oracle-gain in this round: 0.16
  kd-train: teacher 2 (66.82) -> student 4 (65.20)
  kd-train: teacher 3 (66.82) -> student 5 (65.54)
  kd-train: teacher 6 (66.74) -> student 1 (65.72)

=== Round 199/300 (MWM_AccDiff) ===
  kd-train: teacher 3 (66.82) -> student 4 (65.32)
  kd-train: teacher 7 (66.74) -> student 8 (65.64)
  oracle-train: oracle -> student 6 : 66.74
  oracle-gain in this round: -0.40
  kd-train: teacher 9 (66.88) -> student 1 (65.02)
  kd-train: teacher 2 (66.82) -> student 5 (65.38)

=== Round 200/300 (MWM_AccDiff) ===
  kd-train: teacher 3 (66.82) -> student 4 (65.10)
  kd-train: teacher 7 (66.74) -> student 8 (65.70)
  oracle-train: oracle -> student 6 : 66.34
  oracle-gain in this round: 0.22
  kd-train: teacher 9 (66.88) -> student 1 (64.74)
  kd-train: teacher 2 (66.82) -> student 5 (65.46)

=== Round 201/300 (MWM_AccDiff) ===
  kd-train: teacher 9 (66.88) -> student 4 (65.70)
  oracle-train: oracle -> student 6 : 66.56
  oracle-gain in this round: -0.12
  kd-train: teacher 7 (66.74) -> student 1 (66.34)
  kd-train: teacher 3 (66.82) -> student 5 (64.72)
  kd-train: teacher 2 (66.82) -> student 8 (66.04)

=== Round 202/300 (MWM_AccDiff) ===
  oracle-train: oracle -> student 6 : 66.44
  oracle-gain in this round: -0.20
  kd-train: teacher 7 (66.74) -> student 4 (65.52)
  kd-train: teacher 3 (66.82) -> student 8 (64.88)
  kd-train: teacher 9 (66.88) -> student 1 (64.86)
  kd-train: teacher 2 (66.82) -> student 5 (65.46)

=== Round 203/300 (MWM_AccDiff) ===
  kd-train: teacher 9 (66.88) -> student 4 (64.26)
  oracle-train: oracle -> student 6 : 66.24
  oracle-gain in this round: 0.08
  kd-train: teacher 3 (66.82) -> student 8 (64.08)
  kd-train: teacher 7 (66.74) -> student 1 (66.02)
  kd-train: teacher 2 (66.82) -> student 5 (65.12)

=== Round 204/300 (MWM_AccDiff) ===
  kd-train: teacher 2 (66.82) -> student 1 (65.62)
  kd-train: teacher 9 (66.88) -> student 4 (65.30)
  kd-train: teacher 7 (66.74) -> student 8 (65.70)
  oracle-train: oracle -> student 6 : 66.32
  oracle-gain in this round: -0.06
  kd-train: teacher 3 (66.82) -> student 5 (65.52)

=== Round 205/300 (MWM_AccDiff) ===
  kd-train: teacher 7 (66.74) -> student 5 (66.02)
  kd-train: teacher 2 (66.82) -> student 4 (65.92)
  oracle-train: oracle -> student 6 : 66.26
  oracle-gain in this round: 0.46
  kd-train: teacher 3 (66.82) -> student 8 (65.52)
  kd-train: teacher 9 (66.88) -> student 1 (65.38)

=== Round 206/300 (MWM_AccDiff) ===
  kd-train: teacher 9 (66.88) -> student 4 (64.72)
  oracle-train: oracle -> student 6 : 66.72
  oracle-gain in this round: -0.18
  kd-train: teacher 3 (66.82) -> student 8 (65.44)
  kd-train: teacher 7 (66.74) -> student 1 (65.92)
  kd-train: teacher 2 (66.82) -> student 5 (65.60)

=== Round 207/300 (MWM_AccDiff) ===
  kd-train: teacher 2 (66.82) -> student 1 (65.66)
  oracle-train: oracle -> student 6 : 66.54
  oracle-gain in this round: -0.10
  kd-train: teacher 3 (66.82) -> student 8 (65.36)
  kd-train: teacher 9 (66.88) -> student 5 (64.84)
  kd-train: teacher 7 (66.74) -> student 4 (66.06)

=== Round 208/300 (MWM_AccDiff) ===
  kd-train: teacher 7 (66.74) -> student 5 (65.12)
  kd-train: teacher 2 (66.82) -> student 4 (65.10)
  oracle-train: oracle -> student 6 : 66.44
  oracle-gain in this round: -0.04
  kd-train: teacher 3 (66.82) -> student 8 (64.84)
  kd-train: teacher 9 (66.88) -> student 1 (64.54)

=== Round 209/300 (MWM_AccDiff) ===
  kd-train: teacher 2 (66.82) -> student 1 (65.74)
  kd-train: teacher 9 (66.88) -> student 4 (65.46)
  kd-train: teacher 7 (66.74) -> student 8 (65.90)
  oracle-train: oracle -> student 6 : 66.40
  oracle-gain in this round: 0.08
  kd-train: teacher 3 (66.82) -> student 5 (65.16)

=== Round 210/300 (MWM_AccDiff) ===
  oracle-train: oracle -> student 7 : 66.74
  oracle-gain in this round: -0.16
  kd-train: teacher 2 (66.82) -> student 6 (66.48)
  kd-train: teacher 4 (66.86) -> student 8 (64.90)
  kd-train: teacher 3 (66.82) -> student 5 (65.72)
  kd-train: teacher 9 (66.88) -> student 1 (64.86)

=== Round 211/300 (MWM_AccDiff) ===
  oracle-train: oracle -> student 7 : 66.58
  oracle-gain in this round: 0.24
  kd-train: teacher 4 (66.86) -> student 6 (65.52)
  kd-train: teacher 9 (66.88) -> student 5 (65.56)
  kd-train: teacher 3 (66.82) -> student 1 (65.76)
  kd-train: teacher 2 (66.82) -> student 8 (66.28)

=== Round 212/300 (MWM_AccDiff) ===
  kd-train: teacher 4 (66.86) -> student 8 (64.98)
  oracle-train: oracle -> student 2 : 66.82
  oracle-gain in this round: -0.30
  kd-train: teacher 7 (66.82) -> student 1 (65.16)
  kd-train: teacher 3 (66.82) -> student 5 (66.74)
  kd-train: teacher 9 (66.88) -> student 6 (64.68)

=== Round 213/300 (MWM_AccDiff) ===
  kd-train: teacher 7 (66.82) -> student 8 (65.72)
  kd-train: teacher 4 (66.86) -> student 6 (65.42)
  oracle-train: oracle -> student 2 : 66.52
  oracle-gain in this round: -0.06
  kd-train: teacher 9 (66.88) -> student 5 (64.54)
  kd-train: teacher 3 (66.82) -> student 1 (66.20)

=== Round 214/300 (MWM_AccDiff) ===
  kd-train: teacher 7 (66.82) -> student 8 (65.46)
  kd-train: teacher 4 (66.86) -> student 6 (64.46)
  oracle-train: oracle -> student 2 : 66.46
  oracle-gain in this round: 0.22
  kd-train: teacher 9 (66.88) -> student 5 (65.36)
  kd-train: teacher 3 (66.82) -> student 1 (66.06)

=== Round 215/300 (MWM_AccDiff) ===
  kd-train: teacher 7 (66.82) -> student 8 (65.80)
  kd-train: teacher 4 (66.86) -> student 6 (65.70)
  oracle-train: oracle -> student 2 : 66.68
  oracle-gain in this round: -0.18
  kd-train: teacher 3 (66.82) -> student 5 (65.86)
  kd-train: teacher 9 (66.88) -> student 1 (64.72)

=== Round 216/300 (MWM_AccDiff) ===
  kd-train: teacher 7 (66.82) -> student 8 (65.82)
  kd-train: teacher 4 (66.86) -> student 6 (65.72)
  oracle-train: oracle -> student 2 : 66.50
  oracle-gain in this round: -0.08
  kd-train: teacher 9 (66.88) -> student 5 (65.44)
  kd-train: teacher 3 (66.82) -> student 1 (66.06)

=== Round 217/300 (MWM_AccDiff) ===
  kd-train: teacher 4 (66.86) -> student 8 (65.32)
  kd-train: teacher 7 (66.82) -> student 6 (65.54)
  oracle-train: oracle -> student 2 : 66.42
  oracle-gain in this round: 0.32
  kd-train: teacher 3 (66.82) -> student 5 (65.92)
  kd-train: teacher 9 (66.88) -> student 1 (64.80)

=== Round 218/300 (MWM_AccDiff) ===
  kd-train: teacher 4 (66.86) -> student 8 (65.00)
  oracle-train: oracle -> student 2 : 66.74
  oracle-gain in this round: -0.18
  kd-train: teacher 7 (66.82) -> student 1 (65.80)
  kd-train: teacher 3 (66.82) -> student 5 (65.94)
  kd-train: teacher 9 (66.88) -> student 6 (65.50)

=== Round 219/300 (MWM_AccDiff) ===
  kd-train: teacher 4 (66.86) -> student 8 (65.20)
  kd-train: teacher 7 (66.82) -> student 5 (65.66)
  oracle-train: oracle -> student 2 : 66.56
  oracle-gain in this round: -0.08
  kd-train: teacher 3 (66.82) -> student 6 (65.74)
  kd-train: teacher 9 (66.88) -> student 1 (65.56)

=== Round 220/300 (MWM_AccDiff) ===
  kd-train: teacher 7 (66.82) -> student 8 (65.34)
  kd-train: teacher 4 (66.86) -> student 6 (64.94)
  oracle-train: oracle -> student 2 : 66.48
  oracle-gain in this round: 0.16
  kd-train: teacher 9 (66.88) -> student 5 (64.98)
  kd-train: teacher 3 (66.82) -> student 1 (65.78)

=== Round 221/300 (MWM_AccDiff) ===
  kd-train: teacher 4 (66.86) -> student 5 (65.32)
  kd-train: teacher 7 (66.82) -> student 6 (65.44)
  oracle-train: oracle -> student 2 : 66.64
  oracle-gain in this round: 0.06
  kd-train: teacher 9 (66.88) -> student 8 (65.44)
  kd-train: teacher 3 (66.82) -> student 1 (64.98)

=== Round 222/300 (MWM_AccDiff) ===
  kd-train: teacher 4 (66.86) -> student 8 (65.62)
  kd-train: teacher 7 (66.82) -> student 2 (66.70)
  kd-train: teacher 5 (66.90) -> student 1 (65.14)
  oracle-train: oracle -> student 3 : 66.82
  oracle-gain in this round: 0.00
  kd-train: teacher 9 (66.88) -> student 6 (65.52)

=== Round 223/300 (MWM_AccDiff) ===
  kd-train: teacher 4 (66.86) -> student 2 (66.20)
  kd-train: teacher 5 (66.90) -> student 1 (66.04)
  oracle-train: oracle -> student 3 : 66.82
  oracle-gain in this round: 0.24
  kd-train: teacher 7 (66.82) -> student 6 (66.56)
  kd-train: teacher 9 (66.88) -> student 8 (65.28)

=== Round 224/300 (MWM_AccDiff) ===
  oracle-train: oracle -> student 7 : 66.82
  oracle-gain in this round: -0.28
  kd-train: teacher 4 (66.86) -> student 2 (66.38)
  kd-train: teacher 5 (66.90) -> student 8 (65.86)
  kd-train: teacher 3 (67.06) -> student 6 (65.42)
  kd-train: teacher 9 (66.88) -> student 1 (66.36)

=== Round 225/300 (MWM_AccDiff) ===
  oracle-train: oracle -> student 7 : 66.54
  oracle-gain in this round: -0.02
  kd-train: teacher 3 (67.06) -> student 8 (65.94)
  kd-train: teacher 5 (66.90) -> student 1 (65.80)
  kd-train: teacher 4 (66.86) -> student 6 (66.06)
  kd-train: teacher 9 (66.88) -> student 2 (65.88)

=== Round 226/300 (MWM_AccDiff) ===
  oracle-train: oracle -> student 7 : 66.52
  oracle-gain in this round: -0.08
  kd-train: teacher 4 (66.86) -> student 2 (66.02)
  kd-train: teacher 5 (66.90) -> student 8 (65.48)
  kd-train: teacher 3 (67.06) -> student 6 (65.42)
  kd-train: teacher 9 (66.88) -> student 1 (66.02)

=== Round 227/300 (MWM_AccDiff) ===
  kd-train: teacher 4 (66.86) -> student 7 (66.44)
  kd-train: teacher 5 (66.90) -> student 6 (65.26)
  oracle-train: oracle -> student 2 : 66.50
  oracle-gain in this round: 0.14
  kd-train: teacher 9 (66.88) -> student 8 (65.92)
  kd-train: teacher 3 (67.06) -> student 1 (63.72)

=== Round 228/300 (MWM_AccDiff) ===
  kd-train: teacher 4 (66.86) -> student 6 (66.18)
  oracle-train: oracle -> student 2 : 66.64
  oracle-gain in this round: 0.00
  kd-train: teacher 9 (66.88) -> student 8 (66.06)
  kd-train: teacher 5 (66.90) -> student 7 (65.60)
  kd-train: teacher 3 (67.06) -> student 1 (65.20)

=== Round 229/300 (MWM_AccDiff) ===
  kd-train: teacher 4 (66.86) -> student 8 (66.56)
  kd-train: teacher 5 (66.90) -> student 6 (65.64)
  kd-train: teacher 9 (66.88) -> student 7 (66.10)
  oracle-train: oracle -> student 2 : 66.64
  oracle-gain in this round: 0.04
  kd-train: teacher 3 (67.06) -> student 1 (65.48)

=== Round 230/300 (MWM_AccDiff) ===
  oracle-train: oracle -> student 7 : 66.80
  oracle-gain in this round: 0.28
  kd-train: teacher 4 (66.86) -> student 2 (66.68)
  kd-train: teacher 5 (66.90) -> student 6 (65.32)
  kd-train: teacher 9 (66.88) -> student 8 (66.60)
  kd-train: teacher 3 (67.06) -> student 1 (65.46)

=== Round 231/300 (MWM_AccDiff) ===
  oracle-train: oracle -> student 4 : 66.86
  oracle-gain in this round: -0.10
  kd-train: teacher 5 (66.90) -> student 6 (66.20)
  kd-train: teacher 3 (67.06) -> student 2 (65.18)
  kd-train: teacher 7 (67.08) -> student 1 (64.26)
  kd-train: teacher 9 (66.88) -> student 8 (66.78)

=== Round 232/300 (MWM_AccDiff) ===
  oracle-train: oracle -> student 1 : 66.84
  oracle-gain in this round: -0.18
  kd-train: teacher 9 (66.88) -> student 4 (66.76)
  kd-train: teacher 3 (67.06) -> student 6 (66.12)
  kd-train: teacher 5 (66.90) -> student 2 (64.32)
  kd-train: teacher 7 (67.08) -> student 8 (66.80)

=== Round 233/300 (MWM_AccDiff) ===
  oracle-train: oracle -> student 1 : 66.66
  oracle-gain in this round: 0.16
  kd-train: teacher 9 (66.88) -> student 8 (66.62)
  kd-train: teacher 5 (66.90) -> student 2 (66.42)
  kd-train: teacher 3 (67.06) -> student 6 (65.48)
  kd-train: teacher 7 (67.08) -> student 4 (66.30)

=== Round 234/300 (MWM_AccDiff) ===
  kd-train: teacher 7 (67.08) -> student 2 (65.36)
  kd-train: teacher 5 (66.90) -> student 4 (66.50)
  oracle-train: oracle -> student 8 : 66.82
  oracle-gain in this round: 0.04
  kd-train: teacher 3 (67.06) -> student 6 (65.74)
  kd-train: teacher 9 (66.88) -> student 1 (66.82)

=== Round 235/300 (MWM_AccDiff) ===
  kd-train: teacher 7 (67.08) -> student 2 (65.84)
  kd-train: teacher 5 (66.90) -> student 4 (66.26)
  oracle-train: oracle -> student 8 : 66.86
  oracle-gain in this round: -0.20
  kd-train: teacher 3 (67.06) -> student 6 (65.98)
  kd-train: teacher 9 (66.88) -> student 1 (66.82)

=== Round 236/300 (MWM_AccDiff) ===
  oracle-train: oracle -> student 1 : 66.84
  oracle-gain in this round: 5.46
  kd-train: teacher 7 (67.08) -> student 2 (65.94)
  kd-train: teacher 5 (66.90) -> student 4 (66.14)
  kd-train: teacher 9 (66.88) -> student 8 (66.66)
  kd-train: teacher 3 (67.06) -> student 6 (65.88)

=== Round 237/300 (MWM_AccDiff) ===
  kd-train: teacher 3 (67.06) -> student 9 (66.88)
  kd-train: teacher 7 (67.08) -> student 2 (66.24)
  kd-train: teacher 8 (67.06) -> student 6 (64.76)
  kd-train: teacher 1 (72.30) -> student 4 (65.90)
  oracle-train: oracle -> student 5 : 66.90
  oracle-gain in this round: 0.04

=== Round 238/300 (MWM_AccDiff) ===
  kd-train: teacher 7 (67.08) -> student 2 (65.22)
  oracle-train: oracle -> student 3 : 67.06
  oracle-gain in this round: -0.16
  kd-train: teacher 4 (70.14) -> student 5 (66.94)
  kd-train: teacher 8 (67.06) -> student 9 (65.06)
  kd-train: teacher 1 (72.30) -> student 6 (65.78)

=== Round 239/300 (MWM_AccDiff) ===
  oracle-train: oracle -> student 9 : 66.06
  oracle-gain in this round: 0.40
  kd-train: teacher 5 (69.42) -> student 7 (67.08)
  kd-train: teacher 6 (68.28) -> student 2 (65.84)
  kd-train: teacher 4 (70.14) -> student 8 (67.06)
  kd-train: teacher 1 (72.30) -> student 3 (66.90)

=== Round 240/300 (MWM_AccDiff) ===
  kd-train: teacher 3 (71.92) -> student 9 (66.46)
  kd-train: teacher 1 (72.30) -> student 5 (69.42)
  kd-train: teacher 7 (69.60) -> student 2 (65.32)
  oracle-train: oracle -> student 6 : 68.28
  oracle-gain in this round: 1.88
  kd-train: teacher 4 (70.14) -> student 8 (69.54)

=== Round 241/300 (MWM_AccDiff) ===
  oracle-train: oracle -> student 4 : 70.14
  oracle-gain in this round: 0.72
  kd-train: teacher 1 (72.30) -> student 8 (69.66)
  kd-train: teacher 9 (70.74) -> student 2 (69.18)
  kd-train: teacher 3 (71.92) -> student 6 (70.16)
  kd-train: teacher 5 (71.48) -> student 7 (69.60)

=== Round 242/300 (MWM_AccDiff) ===
  kd-train: teacher 1 (72.30) -> student 4 (70.86)
  kd-train: teacher 5 (71.48) -> student 2 (69.84)
  oracle-train: oracle -> student 8 : 71.26
  oracle-gain in this round: 0.06
  kd-train: teacher 3 (71.92) -> student 6 (69.70)
  kd-train: teacher 7 (71.34) -> student 9 (70.74)

=== Round 243/300 (MWM_AccDiff) ===
  kd-train: teacher 3 (71.92) -> student 9 (70.22)
  kd-train: teacher 1 (72.30) -> student 6 (70.46)
  oracle-train: oracle -> student 8 : 71.32
  oracle-gain in this round: 0.08
  kd-train: teacher 5 (71.48) -> student 2 (70.90)
  kd-train: teacher 7 (71.34) -> student 4 (70.94)

=== Round 244/300 (MWM_AccDiff) ===
  oracle-train: oracle -> student 7 : 71.34
  oracle-gain in this round: -0.20
  kd-train: teacher 5 (71.48) -> student 6 (69.78)
  kd-train: teacher 1 (72.30) -> student 4 (70.12)
  kd-train: teacher 3 (71.92) -> student 2 (69.90)
  kd-train: teacher 8 (71.40) -> student 9 (71.20)

=== Round 245/300 (MWM_AccDiff) ===
  oracle-train: oracle -> student 4 : 69.24
  oracle-gain in this round: 0.26
  kd-train: teacher 5 (71.48) -> student 7 (71.14)
  kd-train: teacher 3 (71.92) -> student 9 (71.10)
  kd-train: teacher 1 (72.30) -> student 6 (70.86)
  kd-train: teacher 8 (71.40) -> student 2 (70.70)

=== Round 246/300 (MWM_AccDiff) ===
  kd-train: teacher 1 (72.30) -> student 4 (69.50)
  oracle-train: oracle -> student 6 : 71.40
  oracle-gain in this round: -0.12
  kd-train: teacher 3 (71.92) -> student 7 (68.92)
  kd-train: teacher 8 (71.40) -> student 9 (70.86)
  kd-train: teacher 5 (71.48) -> student 2 (70.48)

=== Round 247/300 (MWM_AccDiff) ===
  oracle-train: oracle -> student 4 : 71.40
  oracle-gain in this round: 0.36
  kd-train: teacher 8 (71.40) -> student 6 (71.28)
  kd-train: teacher 3 (71.92) -> student 2 (69.88)
  kd-train: teacher 5 (71.48) -> student 7 (70.56)
  kd-train: teacher 1 (72.30) -> student 9 (70.76)

=== Round 248/300 (MWM_AccDiff) ===
  kd-train: teacher 5 (71.48) -> student 7 (71.10)
  kd-train: teacher 4 (71.76) -> student 6 (70.48)
  kd-train: teacher 3 (71.92) -> student 2 (70.76)
  oracle-train: oracle -> student 8 : 71.40
  oracle-gain in this round: -0.20
  kd-train: teacher 1 (72.30) -> student 9 (70.90)

=== Round 249/300 (MWM_AccDiff) ===
  kd-train: teacher 4 (71.76) -> student 9 (71.46)
  kd-train: teacher 1 (72.30) -> student 6 (70.08)
  kd-train: teacher 3 (71.92) -> student 7 (70.20)
  oracle-train: oracle -> student 8 : 71.20
  oracle-gain in this round: 0.06
  kd-train: teacher 5 (71.48) -> student 2 (70.68)

=== Round 250/300 (MWM_AccDiff) ===
  kd-train: teacher 4 (71.76) -> student 8 (71.26)
  kd-train: teacher 1 (72.30) -> student 7 (69.74)
  kd-train: teacher 3 (71.92) -> student 9 (69.94)
  kd-train: teacher 6 (71.98) -> student 2 (70.24)
  oracle-train: oracle -> student 5 : 71.48
  oracle-gain in this round: 0.10

=== Round 251/300 (MWM_AccDiff) ===
  kd-train: teacher 1 (72.30) -> student 8 (71.06)
  kd-train: teacher 3 (71.92) -> student 7 (70.98)
  kd-train: teacher 6 (71.98) -> student 2 (70.30)
  oracle-train: oracle -> student 5 : 71.58
  oracle-gain in this round: 0.02
  kd-train: teacher 4 (71.76) -> student 9 (71.28)

=== Round 252/300 (MWM_AccDiff) ===
  oracle-train: oracle -> student 9 : 70.22
  oracle-gain in this round: -2.40
  kd-train: teacher 4 (71.76) -> student 2 (71.62)
  kd-train: teacher 1 (72.30) -> student 8 (71.56)
  kd-train: teacher 6 (71.98) -> student 7 (71.36)
  kd-train: teacher 3 (71.92) -> student 5 (71.60)

=== Round 253/300 (MWM_AccDiff) ===
  oracle-train: oracle -> student 4 : 71.76
  oracle-gain in this round: -0.06
  kd-train: teacher 8 (71.94) -> student 5 (71.20)
  kd-train: teacher 6 (71.98) -> student 9 (67.82)
  kd-train: teacher 3 (71.92) -> student 2 (71.66)
  kd-train: teacher 1 (72.30) -> student 7 (70.44)

=== Round 254/300 (MWM_AccDiff) ===
  oracle-train: oracle -> student 4 : 71.70
  oracle-gain in this round: -0.30
  kd-train: teacher 3 (71.92) -> student 9 (71.60)
  kd-train: teacher 1 (72.30) -> student 5 (71.48)
  kd-train: teacher 6 (71.98) -> student 2 (71.36)
  kd-train: teacher 8 (71.94) -> student 7 (71.14)

=== Round 255/300 (MWM_AccDiff) ===
  kd-train: teacher 8 (71.94) -> student 3 (71.92)
  kd-train: teacher 2 (71.98) -> student 4 (71.40)
  kd-train: teacher 6 (71.98) -> student 9 (71.08)
  kd-train: teacher 1 (72.30) -> student 7 (71.36)
  oracle-train: oracle -> student 5 : 71.90
  oracle-gain in this round: -0.14

=== Round 256/300 (MWM_AccDiff) ===
  kd-train: teacher 1 (72.30) -> student 3 (69.42)
  kd-train: teacher 6 (71.98) -> student 4 (69.70)
  kd-train: teacher 8 (71.94) -> student 9 (70.90)
  kd-train: teacher 2 (71.98) -> student 7 (70.54)
  oracle-train: oracle -> student 5 : 71.76
  oracle-gain in this round: 0.12

=== Round 257/300 (MWM_AccDiff) ===
  kd-train: teacher 8 (71.94) -> student 3 (71.42)
  kd-train: teacher 2 (71.98) -> student 9 (70.56)
  kd-train: teacher 6 (71.98) -> student 7 (70.12)
  oracle-train: oracle -> student 5 : 71.88
  oracle-gain in this round: 0.12
  kd-train: teacher 1 (72.30) -> student 4 (69.62)

=== Round 258/300 (MWM_AccDiff) ===
  kd-train: teacher 1 (72.30) -> student 7 (70.04)
  kd-train: teacher 2 (71.98) -> student 4 (71.46)
  kd-train: teacher 5 (72.00) -> student 9 (70.78)
  kd-train: teacher 6 (71.98) -> student 3 (71.34)
  oracle-train: oracle -> student 8 : 71.94
  oracle-gain in this round: -0.38

=== Round 259/300 (MWM_AccDiff) ===
  kd-train: teacher 5 (72.00) -> student 9 (71.06)
  kd-train: teacher 2 (71.98) -> student 7 (71.52)
  kd-train: teacher 6 (71.98) -> student 3 (71.46)
  oracle-train: oracle -> student 8 : 71.56
  oracle-gain in this round: 0.06
  kd-train: teacher 1 (72.30) -> student 4 (71.00)

=== Round 260/300 (MWM_AccDiff) ===
  kd-train: teacher 2 (71.98) -> student 9 (71.52)
  kd-train: teacher 1 (72.30) -> student 4 (70.36)
  kd-train: teacher 6 (71.98) -> student 3 (70.78)
  kd-train: teacher 5 (72.00) -> student 7 (69.60)
  oracle-train: oracle -> student 8 : 71.62
  oracle-gain in this round: 0.22

=== Round 261/300 (MWM_AccDiff) ===
  kd-train: teacher 6 (71.98) -> student 9 (70.88)
  kd-train: teacher 1 (72.30) -> student 4 (71.32)
  kd-train: teacher 2 (71.98) -> student 7 (71.60)
  oracle-train: oracle -> student 8 : 71.84
  oracle-gain in this round: -0.08
  kd-train: teacher 5 (72.00) -> student 3 (71.54)

=== Round 262/300 (MWM_AccDiff) ===
  kd-train: teacher 6 (71.98) -> student 9 (70.66)
  kd-train: teacher 2 (71.98) -> student 4 (71.14)
  kd-train: teacher 5 (72.00) -> student 7 (70.24)
  kd-train: teacher 1 (72.30) -> student 3 (70.26)
  oracle-train: oracle -> student 8 : 71.76
  oracle-gain in this round: 0.08

=== Round 263/300 (MWM_AccDiff) ===
  kd-train: teacher 3 (72.08) -> student 4 (70.68)
  oracle-train: oracle -> student 2 : 71.98
  oracle-gain in this round: 0.02
  kd-train: teacher 6 (71.98) -> student 8 (71.84)
  kd-train: teacher 5 (72.00) -> student 7 (70.44)
  kd-train: teacher 1 (72.30) -> student 9 (70.88)

=== Round 264/300 (MWM_AccDiff) ===
  kd-train: teacher 3 (72.08) -> student 9 (71.24)
  oracle-train: oracle -> student 6 : 71.98
  oracle-gain in this round: 0.04
  kd-train: teacher 2 (72.00) -> student 8 (71.62)
  kd-train: teacher 5 (72.00) -> student 7 (71.48)
  kd-train: teacher 1 (72.30) -> student 4 (70.00)

=== Round 265/300 (MWM_AccDiff) ===
  kd-train: teacher 3 (72.08) -> student 4 (68.72)
  kd-train: teacher 6 (72.02) -> student 9 (70.90)
  oracle-train: oracle -> student 2 : 72.00
  oracle-gain in this round: -0.18
  kd-train: teacher 1 (72.30) -> student 7 (71.00)
  kd-train: teacher 5 (72.00) -> student 8 (71.66)

=== Round 266/300 (MWM_AccDiff) ===
  kd-train: teacher 3 (72.08) -> student 9 (70.66)
  kd-train: teacher 1 (72.30) -> student 7 (71.30)
  kd-train: teacher 6 (72.02) -> student 2 (71.82)
  kd-train: teacher 8 (72.24) -> student 4 (71.30)
  oracle-train: oracle -> student 5 : 72.00
  oracle-gain in this round: 0.10

=== Round 267/300 (MWM_AccDiff) ===
  kd-train: teacher 1 (72.30) -> student 4 (70.42)
  oracle-train: oracle -> student 6 : 72.02
  oracle-gain in this round: 0.10
  kd-train: teacher 3 (72.08) -> student 2 (71.72)
  kd-train: teacher 8 (72.24) -> student 9 (70.30)
  kd-train: teacher 5 (72.10) -> student 7 (70.66)

=== Round 268/300 (MWM_AccDiff) ===
  kd-train: teacher 1 (72.30) -> student 7 (70.90)
  kd-train: teacher 6 (72.12) -> student 4 (71.48)
  kd-train: teacher 8 (72.24) -> student 9 (71.20)
  oracle-train: oracle -> student 5 : 72.10
  oracle-gain in this round: -0.38
  kd-train: teacher 2 (72.10) -> student 3 (72.08)

=== Round 269/300 (MWM_AccDiff) ===
  kd-train: teacher 8 (72.24) -> student 3 (71.00)
  oracle-train: oracle -> student 2 : 72.10
  oracle-gain in this round: -0.20
  kd-train: teacher 6 (72.12) -> student 5 (71.72)
  kd-train: teacher 1 (72.30) -> student 9 (70.16)
  kd-train: teacher 7 (72.38) -> student 4 (70.58)

=== Round 270/300 (MWM_AccDiff) ===
  kd-train: teacher 7 (72.38) -> student 3 (70.50)
  kd-train: teacher 6 (72.12) -> student 2 (71.90)
  kd-train: teacher 8 (72.24) -> student 4 (71.56)
  oracle-train: oracle -> student 5 : 71.88
  oracle-gain in this round: -0.04
  kd-train: teacher 1 (72.30) -> student 9 (71.16)

=== Round 271/300 (MWM_AccDiff) ===
  kd-train: teacher 7 (72.38) -> student 3 (70.42)
  oracle-train: oracle -> student 2 : 72.10
  oracle-gain in this round: 0.26
  kd-train: teacher 6 (72.12) -> student 5 (71.84)
  kd-train: teacher 8 (72.24) -> student 9 (70.84)
  kd-train: teacher 1 (72.30) -> student 4 (69.48)

=== Round 272/300 (MWM_AccDiff) ===
  kd-train: teacher 7 (72.38) -> student 4 (71.54)
  kd-train: teacher 8 (72.24) -> student 5 (71.50)
  kd-train: teacher 1 (72.30) -> student 3 (70.80)
  kd-train: teacher 2 (72.36) -> student 9 (70.54)
  oracle-train: oracle -> student 6 : 72.12
  oracle-gain in this round: 0.02

=== Round 273/300 (MWM_AccDiff) ===
  kd-train: teacher 8 (72.24) -> student 5 (71.82)
  kd-train: teacher 1 (72.30) -> student 3 (71.50)
  kd-train: teacher 2 (72.36) -> student 9 (70.72)
  oracle-train: oracle -> student 6 : 72.14
  oracle-gain in this round: -0.28
  kd-train: teacher 7 (72.38) -> student 4 (70.52)

=== Round 274/300 (MWM_AccDiff) ===
  kd-train: teacher 8 (72.24) -> student 5 (71.74)
  kd-train: teacher 1 (72.30) -> student 3 (71.08)
  kd-train: teacher 2 (72.36) -> student 4 (70.92)
  oracle-train: oracle -> student 6 : 71.86
  oracle-gain in this round: 0.32
  kd-train: teacher 7 (72.38) -> student 9 (71.74)

=== Round 275/300 (MWM_AccDiff) ===
  kd-train: teacher 8 (72.24) -> student 5 (71.80)
  kd-train: teacher 1 (72.30) -> student 3 (71.20)
  kd-train: teacher 2 (72.36) -> student 9 (70.86)
  oracle-train: oracle -> student 6 : 72.18
  oracle-gain in this round: -0.16
  kd-train: teacher 7 (72.38) -> student 4 (70.60)

=== Round 276/300 (MWM_AccDiff) ===
  kd-train: teacher 8 (72.24) -> student 3 (70.68)
  kd-train: teacher 2 (72.36) -> student 4 (71.00)
  kd-train: teacher 7 (72.38) -> student 6 (72.02)
  oracle-train: oracle -> student 5 : 71.98
  oracle-gain in this round: 0.12
  kd-train: teacher 1 (72.30) -> student 9 (71.56)

=== Round 277/300 (MWM_AccDiff) ===
  kd-train: teacher 2 (72.36) -> student 6 (70.26)
  kd-train: teacher 7 (72.38) -> student 3 (70.08)
  kd-train: teacher 8 (72.24) -> student 9 (71.12)
  oracle-train: oracle -> student 5 : 72.10
  oracle-gain in this round: -0.06
  kd-train: teacher 1 (72.30) -> student 4 (70.80)

=== Round 278/300 (MWM_AccDiff) ===
  kd-train: teacher 2 (72.36) -> student 6 (70.58)
  kd-train: teacher 7 (72.38) -> student 3 (71.04)
  kd-train: teacher 8 (72.24) -> student 4 (71.60)
  oracle-train: oracle -> student 5 : 72.04
  oracle-gain in this round: 0.08
  kd-train: teacher 1 (72.30) -> student 9 (71.38)

=== Round 279/300 (MWM_AccDiff) ===
  kd-train: teacher 7 (72.38) -> student 4 (70.92)
  kd-train: teacher 1 (72.30) -> student 6 (69.82)
  kd-train: teacher 8 (72.24) -> student 9 (71.38)
  oracle-train: oracle -> student 5 : 72.12
  oracle-gain in this round: -0.02
  kd-train: teacher 2 (72.36) -> student 3 (70.92)

=== Round 280/300 (MWM_AccDiff) ===
  kd-train: teacher 2 (72.36) -> student 6 (71.10)
  kd-train: teacher 1 (72.30) -> student 3 (71.28)
  kd-train: teacher 8 (72.24) -> student 9 (71.54)
  oracle-train: oracle -> student 5 : 72.10
  oracle-gain in this round: -0.10
  kd-train: teacher 7 (72.38) -> student 4 (70.14)

=== Round 281/300 (MWM_AccDiff) ===
  kd-train: teacher 7 (72.38) -> student 3 (70.20)
  kd-train: teacher 8 (72.24) -> student 6 (71.38)
  kd-train: teacher 2 (72.36) -> student 9 (69.98)
  oracle-train: oracle -> student 5 : 72.00
  oracle-gain in this round: 0.10
  kd-train: teacher 1 (72.30) -> student 4 (71.16)

=== Round 282/300 (MWM_AccDiff) ===
  kd-train: teacher 1 (72.30) -> student 3 (70.76)
  kd-train: teacher 2 (72.36) -> student 9 (68.82)
  kd-train: teacher 7 (72.38) -> student 6 (69.08)
  kd-train: teacher 8 (72.24) -> student 4 (71.94)
  oracle-train: oracle -> student 5 : 72.10
  oracle-gain in this round: -0.04

=== Round 283/300 (MWM_AccDiff) ===
  kd-train: teacher 2 (72.36) -> student 6 (69.72)
  kd-train: teacher 7 (72.38) -> student 3 (70.70)
  kd-train: teacher 8 (72.24) -> student 9 (71.26)
  oracle-train: oracle -> student 5 : 72.06
  oracle-gain in this round: 0.02
  kd-train: teacher 1 (72.30) -> student 4 (71.00)

=== Round 284/300 (MWM_AccDiff) ===
  kd-train: teacher 2 (72.36) -> student 6 (70.48)
  kd-train: teacher 7 (72.38) -> student 3 (68.78)
  kd-train: teacher 8 (72.24) -> student 9 (71.48)
  oracle-train: oracle -> student 5 : 72.08
  oracle-gain in this round: -0.06
  kd-train: teacher 1 (72.30) -> student 4 (70.62)

=== Round 285/300 (MWM_AccDiff) ===
  oracle-train: oracle -> student 4 : 72.22
  oracle-gain in this round: -5.18
  kd-train: teacher 8 (72.24) -> student 5 (72.02)
  kd-train: teacher 1 (72.30) -> student 3 (71.66)
  kd-train: teacher 2 (72.36) -> student 9 (71.38)
  kd-train: teacher 7 (72.38) -> student 6 (70.70)

=== Round 286/300 (MWM_AccDiff) ===
  kd-train: teacher 1 (72.30) -> student 3 (71.08)
  kd-train: teacher 8 (72.24) -> student 6 (71.28)
  kd-train: teacher 2 (72.36) -> student 9 (70.64)
  oracle-train: oracle -> student 5 : 72.06
  oracle-gain in this round: -0.04
  kd-train: teacher 7 (72.38) -> student 4 (67.04)

=== Round 287/300 (MWM_AccDiff) ===
  kd-train: teacher 2 (72.36) -> student 6 (71.08)
  oracle-train: oracle -> student 4 : 72.10
  oracle-gain in this round: 0.04
  kd-train: teacher 8 (72.24) -> student 5 (72.02)
  kd-train: teacher 7 (72.38) -> student 3 (71.28)
  kd-train: teacher 1 (72.30) -> student 9 (71.38)

=== Round 288/300 (MWM_AccDiff) ===
  kd-train: teacher 2 (72.36) -> student 9 (71.52)
  kd-train: teacher 7 (72.38) -> student 6 (70.92)
  oracle-train: oracle -> student 8 : 72.24
  oracle-gain in this round: -0.30
  kd-train: teacher 1 (72.30) -> student 4 (72.14)
  kd-train: teacher 5 (72.50) -> student 3 (71.00)

=== Round 289/300 (MWM_AccDiff) ===
  oracle-train: oracle -> student 1 : 72.30
  oracle-gain in this round: 0.22
  kd-train: teacher 4 (72.36) -> student 6 (71.12)
  kd-train: teacher 2 (72.36) -> student 8 (71.94)
  kd-train: teacher 7 (72.38) -> student 9 (70.64)
  kd-train: teacher 5 (72.50) -> student 3 (70.58)

=== Round 290/300 (MWM_AccDiff) ===
  kd-train: teacher 4 (72.36) -> student 8 (71.64)
  kd-train: teacher 1 (72.52) -> student 6 (70.30)
  kd-train: teacher 7 (72.38) -> student 3 (70.50)
  kd-train: teacher 5 (72.50) -> student 9 (70.40)
  oracle-train: oracle -> student 2 : 72.36
  oracle-gain in this round: -0.34

=== Round 291/300 (MWM_AccDiff) ===
  kd-train: teacher 7 (72.38) -> student 8 (71.42)
  kd-train: teacher 4 (72.36) -> student 6 (71.80)
  kd-train: teacher 5 (72.50) -> student 9 (71.06)
  oracle-train: oracle -> student 2 : 72.02
  oracle-gain in this round: 0.22
  kd-train: teacher 1 (72.52) -> student 3 (71.14)

=== Round 292/300 (MWM_AccDiff) ===
  kd-train: teacher 4 (72.36) -> student 2 (72.24)
  kd-train: teacher 7 (72.38) -> student 3 (72.22)
  kd-train: teacher 5 (72.50) -> student 9 (70.72)
  kd-train: teacher 1 (72.52) -> student 6 (71.86)
  oracle-train: oracle -> student 8 : 72.18
  oracle-gain in this round: -0.44

=== Round 293/300 (MWM_AccDiff) ===
  kd-train: teacher 4 (72.36) -> student 8 (71.74)
  kd-train: teacher 7 (72.38) -> student 2 (71.60)
  oracle-train: oracle -> student 6 : 71.76
  oracle-gain in this round: -0.16
  kd-train: teacher 5 (72.50) -> student 9 (69.82)
  kd-train: teacher 1 (72.52) -> student 3 (71.08)

=== Round 294/300 (MWM_AccDiff) ===
  kd-train: teacher 7 (72.38) -> student 3 (71.68)
  kd-train: teacher 1 (72.52) -> student 8 (71.48)
  kd-train: teacher 4 (72.36) -> student 6 (71.60)
  kd-train: teacher 5 (72.50) -> student 9 (70.86)
  oracle-train: oracle -> student 2 : 72.02
  oracle-gain in this round: -0.16

=== Round 295/300 (MWM_AccDiff) ===
  kd-train: teacher 7 (72.38) -> student 2 (71.86)
  kd-train: teacher 8 (72.76) -> student 6 (70.30)
  oracle-train: oracle -> student 3 : 72.32
  oracle-gain in this round: -0.08
  kd-train: teacher 5 (72.50) -> student 4 (72.36)
  kd-train: teacher 1 (72.52) -> student 9 (70.78)

=== Round 296/300 (MWM_AccDiff) ===
  kd-train: teacher 7 (72.38) -> student 2 (72.18)
  kd-train: teacher 8 (72.76) -> student 6 (71.84)
  oracle-train: oracle -> student 3 : 72.24
  oracle-gain in this round: -0.10
  kd-train: teacher 1 (72.52) -> student 4 (72.10)
  kd-train: teacher 5 (72.50) -> student 9 (71.96)

=== Round 297/300 (MWM_AccDiff) ===
  kd-train: teacher 7 (72.38) -> student 2 (72.00)
  kd-train: teacher 8 (72.76) -> student 6 (71.44)
  kd-train: teacher 5 (72.50) -> student 4 (72.18)
  oracle-train: oracle -> student 3 : 72.14
  oracle-gain in this round: 0.00
  kd-train: teacher 1 (72.52) -> student 9 (71.26)

=== Round 298/300 (MWM_AccDiff) ===
  kd-train: teacher 7 (72.38) -> student 2 (72.14)
  kd-train: teacher 1 (72.52) -> student 6 (71.18)
  oracle-train: oracle -> student 3 : 72.14
  oracle-gain in this round: -0.20
  kd-train: teacher 5 (72.50) -> student 9 (71.70)
  kd-train: teacher 8 (72.76) -> student 4 (71.28)

=== Round 299/300 (MWM_AccDiff) ===
  kd-train: teacher 1 (72.52) -> student 4 (71.80)
  oracle-train: oracle -> student 2 : 72.16
  oracle-gain in this round: -0.02
  kd-train: teacher 8 (72.76) -> student 6 (71.92)
  kd-train: teacher 7 (72.38) -> student 9 (71.62)
  kd-train: teacher 5 (72.50) -> student 3 (71.94)

=== Round 300/300 (MWM_AccDiff) ===
  kd-train: teacher 7 (72.38) -> student 2 (72.14)
  kd-train: teacher 1 (72.52) -> student 6 (71.16)
  oracle-train: oracle -> student 9 : 72.20
  oracle-gain in this round: 0.38
  kd-train: teacher 8 (72.76) -> student 4 (71.28)
  kd-train: teacher 5 (72.50) -> student 3 (72.22)
M0: oracle_total_gain=0.00, non_oracle_total_gain=0.00
M1: oracle_total_gain=31.90, non_oracle_total_gain=31.06
M2: oracle_total_gain=-3.42, non_oracle_total_gain=64.70
M3: oracle_total_gain=-2.26, non_oracle_total_gain=64.82
M4: oracle_total_gain=-1.80, non_oracle_total_gain=59.40
M5: oracle_total_gain=1.60, non_oracle_total_gain=60.28
M6: oracle_total_gain=11.12, non_oracle_total_gain=50.50
M7: oracle_total_gain=-0.96, non_oracle_total_gain=63.34
M8: oracle_total_gain=1.26, non_oracle_total_gain=60.92
M9: oracle_total_gain=8.30, non_oracle_total_gain=56.86
End time: 2026-04-23 12:02:28
Duration: 4:55:58.564774
avg_ens_acc = 72.81
avg_learner_acc = 72.1
avg_ens_conf = 0.75
Mean pairwise 0/1 disagreement: 0.089
M1_acc= 73.09
M2_acc= 71.88
M3_acc= 72.46
M4_acc= 70.97
M5_acc= 72.13
M6_acc= 71.86
M7_acc= 71.86
M8_acc= 72.87
M9_acc= 71.79
std_dev= 0.6
acc_var= 0.36

