Files already downloaded and verified
Files already downloaded and verified
Files already downloaded and verified
Start time: 2026-03-24 21:50:29

=== Round 1/100 (mwm_classAcc) ===
  kd-train: teacher 2 (11.10) -> student 6 (10.10)
  kd-train: teacher 7 (10.00) -> student 1 (9.56)
  oracle-train: oracle -> student 9
  kd-train: teacher 4 (13.66) -> student 8 (10.58)
  kd-train: teacher 5 (10.62) -> student 3 (9.94)

=== Round 2/100 (mwm_classAcc) ===
  kd-train: teacher 8 (15.02) -> student 7 (10.00)
  oracle-train: oracle -> student 3
  kd-train: teacher 4 (13.66) -> student 1 (10.02)
  kd-train: teacher 9 (31.28) -> student 6 (9.98)
  kd-train: teacher 2 (11.10) -> student 5 (10.62)

=== Round 3/100 (mwm_classAcc) ===
  oracle-train: oracle -> student 7
  kd-train: teacher 3 (29.92) -> student 1 (15.32)
  kd-train: teacher 6 (29.22) -> student 5 (9.50)
  kd-train: teacher 8 (15.02) -> student 2 (11.10)
  kd-train: teacher 9 (31.28) -> student 4 (13.66)

=== Round 4/100 (mwm_classAcc) ===
  kd-train: teacher 7 (31.84) -> student 4 (29.68)
  kd-train: teacher 3 (29.92) -> student 8 (15.02)
  kd-train: teacher 5 (28.98) -> student 1 (25.18)
  oracle-train: oracle -> student 6
  kd-train: teacher 9 (31.28) -> student 2 (10.94)

=== Round 5/100 (mwm_classAcc) ===
  kd-train: teacher 4 (31.66) -> student 2 (28.70)
  kd-train: teacher 7 (31.84) -> student 8 (27.76)
  oracle-train: oracle -> student 1
  kd-train: teacher 6 (47.92) -> student 9 (31.28)
  kd-train: teacher 3 (29.92) -> student 5 (28.98)

=== Round 6/100 (mwm_classAcc) ===
  kd-train: teacher 1 (44.30) -> student 3 (29.92)
  kd-train: teacher 4 (31.66) -> student 5 (29.58)
  oracle-train: oracle -> student 2
  kd-train: teacher 9 (43.42) -> student 8 (30.26)
  kd-train: teacher 6 (47.92) -> student 7 (31.84)

=== Round 7/100 (mwm_classAcc) ===
  kd-train: teacher 8 (40.64) -> student 5 (32.02)
  kd-train: teacher 6 (47.92) -> student 4 (31.66)
  oracle-train: oracle -> student 3
  kd-train: teacher 2 (44.18) -> student 9 (43.42)
  kd-train: teacher 7 (45.24) -> student 1 (44.30)

=== Round 8/100 (mwm_classAcc) ===
  oracle-train: oracle -> student 4
  kd-train: teacher 3 (46.58) -> student 7 (45.24)
  kd-train: teacher 6 (47.92) -> student 5 (40.90)
  kd-train: teacher 1 (45.46) -> student 9 (38.08)
  kd-train: teacher 2 (44.18) -> student 8 (40.64)

=== Round 9/100 (mwm_classAcc) ===
  kd-train: teacher 4 (50.46) -> student 3 (46.58)
  kd-train: teacher 1 (45.46) -> student 8 (42.92)
  kd-train: teacher 9 (44.36) -> student 2 (44.18)
  kd-train: teacher 6 (47.92) -> student 7 (43.94)
  oracle-train: oracle -> student 5

=== Round 10/100 (mwm_classAcc) ===
  kd-train: teacher 4 (50.46) -> student 8 (44.66)
  kd-train: teacher 7 (47.20) -> student 2 (44.38)
  oracle-train: oracle -> student 9
  kd-train: teacher 5 (49.70) -> student 1 (45.46)
  kd-train: teacher 3 (48.98) -> student 6 (47.92)

=== Round 11/100 (mwm_classAcc) ===
  kd-train: teacher 4 (50.46) -> student 2 (44.74)
  kd-train: teacher 1 (48.04) -> student 8 (45.24)
  kd-train: teacher 3 (48.98) -> student 7 (47.20)
  oracle-train: oracle -> student 6
  kd-train: teacher 5 (49.70) -> student 9 (48.26)

=== Round 12/100 (mwm_classAcc) ===
  kd-train: teacher 1 (48.04) -> student 2 (45.84)
  kd-train: teacher 4 (50.46) -> student 9 (48.86)
  kd-train: teacher 3 (48.98) -> student 8 (46.32)
  kd-train: teacher 6 (55.98) -> student 7 (46.30)
  oracle-train: oracle -> student 5

=== Round 13/100 (mwm_classAcc) ===
  kd-train: teacher 7 (54.58) -> student 2 (47.58)
  kd-train: teacher 6 (55.98) -> student 4 (50.46)
  kd-train: teacher 5 (58.10) -> student 9 (49.56)
  oracle-train: oracle -> student 8
  kd-train: teacher 3 (48.98) -> student 1 (48.04)

=== Round 14/100 (mwm_classAcc) ===
  kd-train: teacher 5 (58.10) -> student 1 (47.08)
  oracle-train: oracle -> student 2
  kd-train: teacher 6 (55.98) -> student 3 (48.98)
  kd-train: teacher 8 (59.14) -> student 7 (54.58)
  kd-train: teacher 4 (55.62) -> student 9 (54.76)

=== Round 15/100 (mwm_classAcc) ===
  kd-train: teacher 8 (59.14) -> student 6 (55.98)
  oracle-train: oracle -> student 9
  kd-train: teacher 2 (57.86) -> student 3 (55.24)
  kd-train: teacher 7 (56.40) -> student 1 (55.12)
  kd-train: teacher 5 (58.10) -> student 4 (55.62)

=== Round 16/100 (mwm_classAcc) ===
  oracle-train: oracle -> student 7
  kd-train: teacher 8 (59.14) -> student 3 (57.98)
  kd-train: teacher 5 (58.10) -> student 1 (55.68)
  kd-train: teacher 9 (59.22) -> student 6 (56.42)
  kd-train: teacher 2 (57.86) -> student 4 (53.76)

=== Round 17/100 (mwm_classAcc) ===
  oracle-train: oracle -> student 4
  kd-train: teacher 9 (59.22) -> student 3 (57.22)
  kd-train: teacher 6 (58.42) -> student 1 (55.98)
  kd-train: teacher 8 (59.14) -> student 7 (59.06)
  kd-train: teacher 5 (58.10) -> student 2 (57.86)

=== Round 18/100 (mwm_classAcc) ===
  kd-train: teacher 4 (61.62) -> student 3 (55.72)
  kd-train: teacher 5 (58.10) -> student 1 (56.38)
  kd-train: teacher 9 (59.22) -> student 2 (53.50)
  kd-train: teacher 7 (59.40) -> student 6 (58.42)
  oracle-train: oracle -> student 8

=== Round 19/100 (mwm_classAcc) ===
  oracle-train: oracle -> student 1
  kd-train: teacher 3 (60.14) -> student 9 (59.22)
  kd-train: teacher 8 (60.34) -> student 6 (58.88)
  kd-train: teacher 5 (58.10) -> student 2 (56.94)
  kd-train: teacher 4 (61.62) -> student 7 (59.40)

=== Round 20/100 (mwm_classAcc) ===
  kd-train: teacher 4 (61.62) -> student 2 (56.66)
  kd-train: teacher 8 (60.34) -> student 5 (58.10)
  oracle-train: oracle -> student 3
  kd-train: teacher 1 (60.82) -> student 7 (60.62)
  kd-train: teacher 9 (60.08) -> student 6 (57.08)

=== Round 21/100 (mwm_classAcc) ===
  kd-train: teacher 8 (60.34) -> student 6 (57.78)
  kd-train: teacher 4 (61.62) -> student 1 (60.82)
  kd-train: teacher 5 (59.74) -> student 7 (59.32)
  oracle-train: oracle -> student 2
  kd-train: teacher 3 (62.60) -> student 9 (60.08)

=== Round 22/100 (mwm_classAcc) ===
  oracle-train: oracle -> student 1
  kd-train: teacher 4 (61.62) -> student 8 (60.34)
  kd-train: teacher 9 (60.90) -> student 5 (59.74)
  kd-train: teacher 2 (63.78) -> student 7 (59.28)
  kd-train: teacher 3 (62.60) -> student 6 (59.30)

=== Round 23/100 (mwm_classAcc) ===
  kd-train: teacher 1 (64.10) -> student 4 (61.62)
  kd-train: teacher 2 (63.78) -> student 3 (62.60)
  kd-train: teacher 7 (62.68) -> student 6 (62.56)
  kd-train: teacher 8 (61.40) -> student 9 (60.90)
  oracle-train: oracle -> student 5

=== Round 24/100 (mwm_classAcc) ===
  oracle-train: oracle -> student 4
  kd-train: teacher 5 (63.52) -> student 7 (62.68)
  kd-train: teacher 2 (63.78) -> student 8 (61.40)
  kd-train: teacher 3 (64.02) -> student 6 (61.28)
  kd-train: teacher 1 (64.10) -> student 9 (61.70)

=== Round 25/100 (mwm_classAcc) ===
  oracle-train: oracle -> student 4
  kd-train: teacher 3 (64.02) -> student 9 (61.46)
  kd-train: teacher 1 (64.10) -> student 6 (62.40)
  kd-train: teacher 2 (63.78) -> student 5 (63.52)
  kd-train: teacher 8 (63.06) -> student 7 (62.28)

=== Round 26/100 (mwm_classAcc) ===
  kd-train: teacher 2 (63.78) -> student 6 (62.98)
  kd-train: teacher 5 (65.14) -> student 1 (64.10)
  oracle-train: oracle -> student 9
  kd-train: teacher 3 (64.02) -> student 7 (60.54)
  kd-train: teacher 4 (66.58) -> student 8 (63.06)

=== Round 27/100 (mwm_classAcc) ===
  oracle-train: oracle -> student 3
  kd-train: teacher 4 (66.58) -> student 2 (63.78)
  kd-train: teacher 6 (64.04) -> student 7 (63.74)
  kd-train: teacher 1 (63.78) -> student 9 (63.22)
  kd-train: teacher 5 (65.14) -> student 8 (64.00)

=== Round 28/100 (mwm_classAcc) ===
  oracle-train: oracle -> student 1
  kd-train: teacher 9 (63.46) -> student 7 (62.98)
  kd-train: teacher 4 (66.58) -> student 5 (65.14)
  kd-train: teacher 3 (64.40) -> student 6 (64.04)
  kd-train: teacher 8 (64.82) -> student 2 (63.56)

=== Round 29/100 (mwm_classAcc) ===
  kd-train: teacher 4 (66.58) -> student 7 (62.22)
  kd-train: teacher 1 (65.06) -> student 8 (64.82)
  oracle-train: oracle -> student 6
  kd-train: teacher 2 (64.48) -> student 3 (64.40)
  kd-train: teacher 5 (64.06) -> student 9 (63.46)

=== Round 30/100 (mwm_classAcc) ===
  kd-train: teacher 4 (66.58) -> student 3 (63.38)
  kd-train: teacher 2 (64.48) -> student 7 (62.88)
  oracle-train: oracle -> student 5
  kd-train: teacher 6 (67.42) -> student 8 (64.36)
  kd-train: teacher 1 (65.06) -> student 9 (63.84)

=== Round 31/100 (mwm_classAcc) ===
  kd-train: teacher 4 (66.58) -> student 7 (64.36)
  kd-train: teacher 8 (65.14) -> student 1 (65.06)
  oracle-train: oracle -> student 9
  kd-train: teacher 5 (67.52) -> student 6 (67.42)
  kd-train: teacher 2 (64.48) -> student 3 (64.46)

=== Round 32/100 (mwm_classAcc) ===
  oracle-train: oracle -> student 1
  kd-train: teacher 4 (66.58) -> student 3 (64.58)
  kd-train: teacher 7 (64.84) -> student 2 (64.48)
  kd-train: teacher 5 (67.52) -> student 8 (65.14)
  kd-train: teacher 9 (68.20) -> student 6 (63.14)

=== Round 33/100 (mwm_classAcc) ===
  oracle-train: oracle -> student 2
  kd-train: teacher 4 (66.58) -> student 6 (66.00)
  kd-train: teacher 5 (67.52) -> student 7 (64.84)
  kd-train: teacher 3 (65.04) -> student 8 (64.16)
  kd-train: teacher 9 (68.20) -> student 1 (68.18)

=== Round 34/100 (mwm_classAcc) ===
  kd-train: teacher 2 (68.58) -> student 7 (65.18)
  kd-train: teacher 9 (68.20) -> student 4 (66.58)
  oracle-train: oracle -> student 8
  kd-train: teacher 1 (66.12) -> student 6 (65.96)
  kd-train: teacher 5 (67.52) -> student 3 (65.04)

=== Round 35/100 (mwm_classAcc) ===
  oracle-train: oracle -> student 1
  kd-train: teacher 7 (67.36) -> student 6 (63.24)
  kd-train: teacher 9 (68.20) -> student 3 (66.18)
  kd-train: teacher 8 (68.76) -> student 4 (64.88)
  kd-train: teacher 2 (68.58) -> student 5 (67.52)

=== Round 36/100 (mwm_classAcc) ===
  kd-train: teacher 1 (71.76) -> student 5 (68.46)
  kd-train: teacher 2 (68.58) -> student 4 (67.28)
  oracle-train: oracle -> student 6
  kd-train: teacher 3 (67.96) -> student 7 (67.36)
  kd-train: teacher 8 (68.76) -> student 9 (68.20)

=== Round 37/100 (mwm_classAcc) ===
  oracle-train: oracle -> student 4
  kd-train: teacher 5 (70.00) -> student 6 (67.34)
  kd-train: teacher 1 (71.76) -> student 3 (67.96)
  kd-train: teacher 2 (68.58) -> student 9 (66.82)
  kd-train: teacher 8 (68.76) -> student 7 (67.64)

=== Round 38/100 (mwm_classAcc) ===
  oracle-train: oracle -> student 9
  kd-train: teacher 3 (69.00) -> student 2 (68.58)
  kd-train: teacher 6 (70.50) -> student 8 (68.76)
  kd-train: teacher 5 (70.00) -> student 7 (65.54)
  kd-train: teacher 1 (71.76) -> student 4 (64.58)

=== Round 39/100 (mwm_classAcc) ===
  oracle-train: oracle -> student 7
  kd-train: teacher 4 (72.20) -> student 3 (69.00)
  kd-train: teacher 8 (70.28) -> student 5 (70.00)
  kd-train: teacher 9 (69.52) -> student 2 (67.80)
  kd-train: teacher 1 (71.76) -> student 6 (70.50)

=== Round 40/100 (mwm_classAcc) ===
  kd-train: teacher 4 (72.20) -> student 2 (65.84)
  kd-train: teacher 1 (71.76) -> student 7 (65.92)
  kd-train: teacher 6 (71.10) -> student 8 (70.28)
  kd-train: teacher 9 (69.52) -> student 3 (68.88)
  oracle-train: oracle -> student 5

=== Round 41/100 (mwm_classAcc) ===
  kd-train: teacher 2 (70.10) -> student 7 (69.98)
  kd-train: teacher 1 (71.76) -> student 8 (67.38)
  kd-train: teacher 4 (72.20) -> student 6 (71.10)
  oracle-train: oracle -> student 9
  kd-train: teacher 5 (71.06) -> student 3 (67.22)

=== Round 42/100 (mwm_classAcc) ===
  kd-train: teacher 1 (71.76) -> student 7 (70.28)
  kd-train: teacher 4 (72.20) -> student 3 (68.32)
  kd-train: teacher 9 (72.42) -> student 2 (70.10)
  kd-train: teacher 5 (71.06) -> student 6 (70.18)
  oracle-train: oracle -> student 8

=== Round 43/100 (mwm_classAcc) ===
  oracle-train: oracle -> student 7
  kd-train: teacher 1 (71.76) -> student 3 (69.80)
  kd-train: teacher 4 (72.20) -> student 6 (68.42)
  kd-train: teacher 9 (72.42) -> student 5 (71.06)
  kd-train: teacher 2 (69.62) -> student 8 (67.96)

=== Round 44/100 (mwm_classAcc) ===
  kd-train: teacher 4 (72.20) -> student 8 (70.04)
  kd-train: teacher 1 (71.76) -> student 5 (71.46)
  kd-train: teacher 3 (70.32) -> student 7 (68.52)
  oracle-train: oracle -> student 2
  kd-train: teacher 9 (72.42) -> student 6 (70.92)

=== Round 45/100 (mwm_classAcc) ===
  kd-train: teacher 4 (72.20) -> student 3 (70.32)
  kd-train: teacher 1 (71.76) -> student 8 (70.98)
  kd-train: teacher 9 (72.42) -> student 7 (70.06)
  kd-train: teacher 6 (71.92) -> student 2 (69.56)
  oracle-train: oracle -> student 5

=== Round 46/100 (mwm_classAcc) ===
  oracle-train: oracle -> student 7
  kd-train: teacher 8 (72.54) -> student 3 (69.26)
  kd-train: teacher 1 (71.76) -> student 2 (71.46)
  kd-train: teacher 4 (72.20) -> student 6 (71.92)
  kd-train: teacher 9 (72.42) -> student 5 (71.26)

=== Round 47/100 (mwm_classAcc) ===
  kd-train: teacher 8 (72.54) -> student 6 (69.94)
  oracle-train: oracle -> student 3
  kd-train: teacher 9 (72.42) -> student 7 (69.60)
  kd-train: teacher 4 (72.20) -> student 1 (71.76)
  kd-train: teacher 2 (71.68) -> student 5 (71.48)

=== Round 48/100 (mwm_classAcc) ===
  oracle-train: oracle -> student 1
  kd-train: teacher 8 (72.54) -> student 3 (65.88)
  kd-train: teacher 4 (72.20) -> student 6 (70.40)
  kd-train: teacher 9 (72.42) -> student 5 (72.34)
  kd-train: teacher 7 (72.28) -> student 2 (71.68)

=== Round 49/100 (mwm_classAcc) ===
  kd-train: teacher 5 (72.56) -> student 4 (72.20)
  oracle-train: oracle -> student 3
  kd-train: teacher 7 (72.28) -> student 1 (70.22)
  kd-train: teacher 9 (72.42) -> student 6 (71.08)
  kd-train: teacher 8 (72.54) -> student 2 (70.60)

=== Round 50/100 (mwm_classAcc) ===
  kd-train: teacher 1 (72.68) -> student 4 (69.88)
  kd-train: teacher 9 (72.42) -> student 3 (71.54)
  oracle-train: oracle -> student 6
  kd-train: teacher 5 (72.56) -> student 2 (70.66)
  kd-train: teacher 8 (72.54) -> student 7 (72.28)

=== Round 51/100 (mwm_classAcc) ===
  kd-train: teacher 1 (72.68) -> student 2 (70.64)
  kd-train: teacher 5 (72.56) -> student 8 (72.54)
  kd-train: teacher 3 (72.16) -> student 4 (69.80)
  oracle-train: oracle -> student 9
  kd-train: teacher 7 (72.28) -> student 6 (70.22)

=== Round 52/100 (mwm_classAcc) ===
  kd-train: teacher 7 (72.28) -> student 2 (69.36)
  kd-train: teacher 1 (72.68) -> student 8 (71.26)
  oracle-train: oracle -> student 6
  kd-train: teacher 5 (72.56) -> student 4 (71.20)
  kd-train: teacher 9 (72.78) -> student 3 (72.16)

=== Round 53/100 (mwm_classAcc) ===
  kd-train: teacher 4 (71.86) -> student 6 (70.84)
  oracle-train: oracle -> student 2
  kd-train: teacher 1 (72.68) -> student 7 (72.28)
  kd-train: teacher 9 (72.78) -> student 8 (70.60)
  kd-train: teacher 5 (72.56) -> student 3 (71.34)

=== Round 54/100 (mwm_classAcc) ===
  kd-train: teacher 8 (72.06) -> student 4 (71.86)
  oracle-train: oracle -> student 6
  kd-train: teacher 3 (71.70) -> student 2 (70.84)
  kd-train: teacher 5 (72.56) -> student 7 (71.92)
  kd-train: teacher 9 (72.78) -> student 1 (72.68)

=== Round 55/100 (mwm_classAcc) ===
  kd-train: teacher 5 (72.56) -> student 1 (71.50)
  oracle-train: oracle -> student 3
  kd-train: teacher 8 (72.06) -> student 2 (69.60)
  kd-train: teacher 9 (72.78) -> student 6 (69.26)
  kd-train: teacher 7 (72.72) -> student 4 (68.68)

=== Round 56/100 (mwm_classAcc) ===
  oracle-train: oracle -> student 1
  kd-train: teacher 8 (72.06) -> student 3 (69.24)
  kd-train: teacher 7 (72.72) -> student 2 (71.24)
  kd-train: teacher 9 (72.78) -> student 4 (69.84)
  kd-train: teacher 5 (72.56) -> student 6 (72.52)

=== Round 57/100 (mwm_classAcc) ===
  oracle-train: oracle -> student 4
  kd-train: teacher 6 (72.64) -> student 3 (71.00)
  kd-train: teacher 9 (72.78) -> student 1 (70.96)
  kd-train: teacher 7 (72.72) -> student 8 (72.06)
  kd-train: teacher 5 (72.56) -> student 2 (71.02)

=== Round 58/100 (mwm_classAcc) ===
  oracle-train: oracle -> student 2
  kd-train: teacher 1 (72.40) -> student 4 (71.94)
  kd-train: teacher 7 (72.72) -> student 6 (72.64)
  kd-train: teacher 9 (72.78) -> student 8 (71.90)
  kd-train: teacher 5 (72.56) -> student 3 (72.28)

=== Round 59/100 (mwm_classAcc) ===
  kd-train: teacher 4 (71.96) -> student 3 (71.82)
  kd-train: teacher 1 (72.40) -> student 2 (70.84)
  kd-train: teacher 6 (72.18) -> student 8 (71.72)
  oracle-train: oracle -> student 5
  kd-train: teacher 9 (72.78) -> student 7 (72.72)

=== Round 60/100 (mwm_classAcc) ===
  oracle-train: oracle -> student 7
  kd-train: teacher 4 (71.96) -> student 8 (70.52)
  kd-train: teacher 1 (72.40) -> student 5 (66.18)
  kd-train: teacher 9 (72.78) -> student 2 (70.88)
  kd-train: teacher 6 (72.18) -> student 3 (71.42)

=== Round 61/100 (mwm_classAcc) ===
  oracle-train: oracle -> student 1
  kd-train: teacher 6 (72.18) -> student 4 (71.96)
  kd-train: teacher 7 (73.08) -> student 5 (71.58)
  kd-train: teacher 9 (72.78) -> student 3 (69.96)
  kd-train: teacher 2 (72.96) -> student 8 (71.76)

=== Round 62/100 (mwm_classAcc) ===
  kd-train: teacher 3 (71.70) -> student 4 (70.88)
  kd-train: teacher 1 (73.90) -> student 5 (70.88)
  oracle-train: oracle -> student 8
  kd-train: teacher 7 (73.08) -> student 2 (72.96)
  kd-train: teacher 9 (72.78) -> student 6 (72.18)

=== Round 63/100 (mwm_classAcc) ===
  oracle-train: oracle -> student 4
  kd-train: teacher 1 (73.90) -> student 2 (69.90)
  kd-train: teacher 7 (73.08) -> student 5 (71.14)
  kd-train: teacher 9 (72.78) -> student 8 (71.26)
  kd-train: teacher 3 (71.70) -> student 6 (69.48)

=== Round 64/100 (mwm_classAcc) ===
  kd-train: teacher 2 (72.76) -> student 6 (71.32)
  kd-train: teacher 5 (71.78) -> student 8 (71.48)
  kd-train: teacher 1 (73.90) -> student 4 (71.48)
  oracle-train: oracle -> student 3
  kd-train: teacher 7 (73.08) -> student 9 (72.78)

=== Round 65/100 (mwm_classAcc) ===
  kd-train: teacher 3 (73.42) -> student 4 (73.02)
  kd-train: teacher 6 (72.48) -> student 5 (71.78)
  kd-train: teacher 9 (72.80) -> student 2 (72.76)
  kd-train: teacher 1 (73.90) -> student 7 (73.08)
  oracle-train: oracle -> student 8

=== Round 66/100 (mwm_classAcc) ===
  oracle-train: oracle -> student 6
  kd-train: teacher 5 (73.34) -> student 9 (72.80)
  kd-train: teacher 2 (70.34) -> student 8 (68.68)
  kd-train: teacher 1 (73.90) -> student 3 (73.42)
  kd-train: teacher 4 (73.44) -> student 7 (72.68)

=== Round 67/100 (mwm_classAcc) ===
  kd-train: teacher 8 (71.84) -> student 6 (68.86)
  kd-train: teacher 1 (73.90) -> student 4 (73.44)
  kd-train: teacher 3 (73.66) -> student 7 (71.98)
  kd-train: teacher 9 (73.42) -> student 2 (70.34)
  oracle-train: oracle -> student 5

=== Round 68/100 (mwm_classAcc) ===
  oracle-train: oracle -> student 7
  kd-train: teacher 4 (71.88) -> student 5 (71.80)
  kd-train: teacher 1 (73.90) -> student 9 (73.42)
  kd-train: teacher 3 (73.66) -> student 6 (72.16)
  kd-train: teacher 8 (71.84) -> student 2 (71.46)

=== Round 69/100 (mwm_classAcc) ===
  kd-train: teacher 1 (73.90) -> student 7 (70.62)
  kd-train: teacher 3 (73.66) -> student 4 (71.88)
  kd-train: teacher 8 (71.84) -> student 5 (71.36)
  oracle-train: oracle -> student 9
  kd-train: teacher 6 (73.58) -> student 2 (68.88)

=== Round 70/100 (mwm_classAcc) ===
  oracle-train: oracle -> student 4
  kd-train: teacher 7 (73.30) -> student 2 (71.44)
  kd-train: teacher 6 (73.58) -> student 8 (71.84)
  kd-train: teacher 3 (73.66) -> student 5 (69.88)
  kd-train: teacher 1 (73.90) -> student 9 (72.98)

=== Round 71/100 (mwm_classAcc) ===
  oracle-train: oracle -> student 6
  kd-train: teacher 3 (73.66) -> student 2 (71.80)
  kd-train: teacher 9 (74.84) -> student 5 (72.34)
  kd-train: teacher 1 (73.90) -> student 4 (72.40)
  kd-train: teacher 7 (73.30) -> student 8 (73.20)

=== Round 72/100 (mwm_classAcc) ===
  kd-train: teacher 1 (73.90) -> student 6 (72.72)
  oracle-train: oracle -> student 2
  kd-train: teacher 9 (74.84) -> student 8 (72.58)
  kd-train: teacher 3 (73.66) -> student 5 (73.36)
  kd-train: teacher 4 (73.46) -> student 7 (73.30)

=== Round 73/100 (mwm_classAcc) ===
  oracle-train: oracle -> student 1
  kd-train: teacher 4 (73.46) -> student 2 (72.38)
  kd-train: teacher 3 (73.66) -> student 6 (73.48)
  kd-train: teacher 9 (74.84) -> student 5 (72.80)
  kd-train: teacher 8 (73.92) -> student 7 (72.88)

=== Round 74/100 (mwm_classAcc) ===
  kd-train: teacher 8 (73.92) -> student 4 (73.46)
  kd-train: teacher 7 (72.88) -> student 2 (71.84)
  kd-train: teacher 5 (73.18) -> student 1 (73.10)
  oracle-train: oracle -> student 3
  kd-train: teacher 9 (74.84) -> student 6 (72.48)

=== Round 75/100 (mwm_classAcc) ===
  kd-train: teacher 9 (74.84) -> student 4 (73.08)
  kd-train: teacher 8 (73.92) -> student 6 (73.36)
  kd-train: teacher 1 (73.26) -> student 7 (72.88)
  oracle-train: oracle -> student 2
  kd-train: teacher 3 (73.94) -> student 5 (73.18)

=== Round 76/100 (mwm_classAcc) ===
  kd-train: teacher 1 (73.26) -> student 2 (70.96)
  oracle-train: oracle -> student 6
  kd-train: teacher 9 (74.84) -> student 3 (73.94)
  kd-train: teacher 8 (73.92) -> student 4 (73.46)
  kd-train: teacher 5 (73.16) -> student 7 (72.16)

=== Round 77/100 (mwm_classAcc) ===
  kd-train: teacher 3 (74.00) -> student 8 (73.92)
  kd-train: teacher 1 (73.26) -> student 7 (72.24)
  oracle-train: oracle -> student 4
  kd-train: teacher 2 (73.50) -> student 5 (73.16)
  kd-train: teacher 9 (74.84) -> student 6 (71.14)

=== Round 78/100 (mwm_classAcc) ===
  kd-train: teacher 8 (73.32) -> student 5 (72.08)
  kd-train: teacher 2 (73.50) -> student 4 (71.30)
  kd-train: teacher 3 (74.00) -> student 7 (71.24)
  oracle-train: oracle -> student 6
  kd-train: teacher 9 (74.84) -> student 1 (73.26)

=== Round 79/100 (mwm_classAcc) ===
  kd-train: teacher 1 (73.78) -> student 2 (73.50)
  kd-train: teacher 6 (80.18) -> student 5 (73.08)
  oracle-train: oracle -> student 3
  kd-train: teacher 9 (74.84) -> student 8 (73.32)
  kd-train: teacher 7 (72.92) -> student 4 (71.26)

=== Round 80/100 (mwm_classAcc) ===
  oracle-train: oracle -> student 1
  kd-train: teacher 3 (75.72) -> student 7 (72.92)
  kd-train: teacher 5 (76.86) -> student 4 (73.42)
  kd-train: teacher 9 (74.84) -> student 2 (73.28)
  kd-train: teacher 6 (80.18) -> student 8 (72.96)

=== Round 81/100 (mwm_classAcc) ===
  kd-train: teacher 3 (75.72) -> student 4 (74.84)
  kd-train: teacher 8 (75.62) -> student 1 (72.66)
  oracle-train: oracle -> student 7
  kd-train: teacher 6 (80.18) -> student 2 (73.58)
  kd-train: teacher 5 (76.86) -> student 9 (74.84)

=== Round 82/100 (mwm_classAcc) ===
  oracle-train: oracle -> student 4
  kd-train: teacher 2 (77.78) -> student 9 (75.60)
  kd-train: teacher 6 (80.18) -> student 7 (71.12)
  kd-train: teacher 3 (75.72) -> student 1 (74.84)
  kd-train: teacher 5 (76.86) -> student 8 (75.62)

=== Round 83/100 (mwm_classAcc) ===
  kd-train: teacher 2 (77.78) -> student 4 (73.88)
  kd-train: teacher 7 (76.14) -> student 9 (76.00)
  kd-train: teacher 6 (80.18) -> student 8 (75.28)
  oracle-train: oracle -> student 1
  kd-train: teacher 5 (76.86) -> student 3 (75.72)

=== Round 84/100 (mwm_classAcc) ===
  kd-train: teacher 8 (77.56) -> student 9 (74.30)
  oracle-train: oracle -> student 5
  kd-train: teacher 6 (80.18) -> student 1 (74.08)
  kd-train: teacher 2 (77.78) -> student 3 (75.54)
  kd-train: teacher 7 (76.14) -> student 4 (75.96)

=== Round 85/100 (mwm_classAcc) ===
  kd-train: teacher 7 (76.14) -> student 3 (75.12)
  oracle-train: oracle -> student 2
  kd-train: teacher 6 (80.18) -> student 5 (69.26)
  kd-train: teacher 8 (77.56) -> student 4 (75.72)
  kd-train: teacher 1 (79.22) -> student 9 (75.98)

=== Round 86/100 (mwm_classAcc) ===
  kd-train: teacher 1 (79.22) -> student 7 (76.14)
  kd-train: teacher 2 (80.08) -> student 4 (76.02)
  kd-train: teacher 5 (79.22) -> student 9 (76.00)
  kd-train: teacher 6 (80.18) -> student 3 (74.38)
  oracle-train: oracle -> student 8

=== Round 87/100 (mwm_classAcc) ===
  kd-train: teacher 1 (79.22) -> student 8 (71.92)
  kd-train: teacher 6 (80.18) -> student 4 (77.44)
  oracle-train: oracle -> student 9
  kd-train: teacher 5 (79.22) -> student 7 (78.90)
  kd-train: teacher 2 (80.08) -> student 3 (78.16)

=== Round 88/100 (mwm_classAcc) ===
  kd-train: teacher 7 (79.18) -> student 4 (78.50)
  kd-train: teacher 2 (80.08) -> student 5 (79.22)
  kd-train: teacher 6 (80.18) -> student 3 (77.88)
  oracle-train: oracle -> student 8
  kd-train: teacher 1 (79.22) -> student 9 (71.28)

=== Round 89/100 (mwm_classAcc) ===
  oracle-train: oracle -> student 9
  kd-train: teacher 2 (80.08) -> student 4 (77.62)
  kd-train: teacher 7 (79.18) -> student 5 (77.98)
  kd-train: teacher 6 (80.18) -> student 8 (72.32)
  kd-train: teacher 1 (79.22) -> student 3 (78.66)

=== Round 90/100 (mwm_classAcc) ===
  oracle-train: oracle -> student 1
  kd-train: teacher 7 (79.18) -> student 3 (77.68)
  kd-train: teacher 6 (80.18) -> student 4 (75.88)
  kd-train: teacher 8 (78.46) -> student 9 (72.64)
  kd-train: teacher 2 (80.08) -> student 5 (77.74)

=== Round 91/100 (mwm_classAcc) ===
  kd-train: teacher 2 (80.08) -> student 4 (78.30)
  kd-train: teacher 5 (77.60) -> student 9 (77.48)
  kd-train: teacher 7 (79.18) -> student 1 (70.94)
  kd-train: teacher 6 (80.18) -> student 3 (76.88)
  oracle-train: oracle -> student 8

=== Round 92/100 (mwm_classAcc) ===
  kd-train: teacher 2 (80.08) -> student 1 (77.48)
  oracle-train: oracle -> student 4
  kd-train: teacher 3 (78.26) -> student 9 (77.58)
  kd-train: teacher 6 (80.18) -> student 8 (73.44)
  kd-train: teacher 7 (79.18) -> student 5 (77.60)

=== Round 93/100 (mwm_classAcc) ===
  oracle-train: oracle -> student 3
  kd-train: teacher 8 (80.10) -> student 4 (67.98)
  kd-train: teacher 6 (80.18) -> student 1 (77.30)
  kd-train: teacher 7 (79.18) -> student 9 (76.92)
  kd-train: teacher 2 (80.08) -> student 5 (77.32)

=== Round 94/100 (mwm_classAcc) ===
  kd-train: teacher 2 (80.08) -> student 4 (77.54)
  kd-train: teacher 1 (78.68) -> student 5 (78.20)
  oracle-train: oracle -> student 3
  kd-train: teacher 6 (80.18) -> student 9 (77.80)
  kd-train: teacher 8 (80.10) -> student 7 (79.18)

=== Round 95/100 (mwm_classAcc) ===
  oracle-train: oracle -> student 7
  kd-train: teacher 2 (80.08) -> student 9 (78.54)
  kd-train: teacher 6 (80.18) -> student 5 (77.14)
  kd-train: teacher 8 (80.10) -> student 4 (78.96)
  kd-train: teacher 3 (79.94) -> student 1 (78.68)

=== Round 96/100 (mwm_classAcc) ===
  oracle-train: oracle -> student 4
  kd-train: teacher 6 (80.18) -> student 9 (76.76)
  kd-train: teacher 7 (80.28) -> student 1 (77.58)
  kd-train: teacher 3 (79.94) -> student 5 (77.96)
  kd-train: teacher 8 (80.10) -> student 2 (80.08)

=== Round 97/100 (mwm_classAcc) ===
  kd-train: teacher 3 (79.94) -> student 9 (77.30)
  kd-train: teacher 4 (80.52) -> student 6 (80.18)
  kd-train: teacher 8 (80.10) -> student 1 (78.40)
  oracle-train: oracle -> student 5
  kd-train: teacher 7 (80.28) -> student 2 (79.48)

=== Round 98/100 (mwm_classAcc) ===
  oracle-train: oracle -> student 7
  kd-train: teacher 8 (80.10) -> student 5 (74.38)
  kd-train: teacher 6 (80.44) -> student 1 (78.06)
  kd-train: teacher 2 (80.06) -> student 3 (79.94)
  kd-train: teacher 4 (80.52) -> student 9 (75.88)

=== Round 99/100 (mwm_classAcc) ===
  kd-train: teacher 3 (80.22) -> student 8 (80.10)
  oracle-train: oracle -> student 9
  kd-train: teacher 2 (80.06) -> student 1 (78.30)
  kd-train: teacher 4 (80.52) -> student 5 (78.98)
  kd-train: teacher 7 (81.40) -> student 6 (80.44)

=== Round 100/100 (mwm_classAcc) ===
  kd-train: teacher 3 (80.22) -> student 9 (74.60)
  kd-train: teacher 6 (80.76) -> student 8 (78.68)
  kd-train: teacher 7 (81.40) -> student 5 (77.76)
  kd-train: teacher 4 (80.52) -> student 1 (78.20)
  oracle-train: oracle -> student 2
End time: 2026-03-24 23:25:31
Duration: 1:35:01.864759
avg_ens_acc = 81.44
avg_ens_conf = 0.8
Mean pairwise 0/1 disagreement: 0.1144

===== Distilling Ensemble → Single Model =====
[Distill Epoch 1/50] Loss=2.1526 ValAcc=54.56
[Distill Epoch 2/50] Loss=1.3939 ValAcc=60.78
[Distill Epoch 3/50] Loss=0.9130 ValAcc=68.28
[Distill Epoch 4/50] Loss=0.6861 ValAcc=70.34
[Distill Epoch 5/50] Loss=0.5636 ValAcc=72.28
[Distill Epoch 6/50] Loss=0.4911 ValAcc=73.86
[Distill Epoch 7/50] Loss=0.4243 ValAcc=74.76
[Distill Epoch 8/50] Loss=0.3841 ValAcc=75.92
[Distill Epoch 9/50] Loss=0.3536 ValAcc=76.74
[Distill Epoch 10/50] Loss=0.3314 ValAcc=78.06
[Distill Epoch 11/50] Loss=0.3134 ValAcc=77.96
[Distill Epoch 12/50] Loss=0.3031 ValAcc=77.56
[Distill Epoch 13/50] Loss=0.2856 ValAcc=78.74
[Distill Epoch 14/50] Loss=0.2774 ValAcc=78.72
[Distill Epoch 15/50] Loss=0.2712 ValAcc=79.32
[Distill Epoch 16/50] Loss=0.2629 ValAcc=79.28
[Distill Epoch 17/50] Loss=0.2572 ValAcc=79.34
[Distill Epoch 18/50] Loss=0.2483 ValAcc=79.38
[Distill Epoch 19/50] Loss=0.2468 ValAcc=80.16
[Distill Epoch 20/50] Loss=0.2408 ValAcc=79.88
[Distill Epoch 21/50] Loss=0.2354 ValAcc=79.66
[Distill Epoch 22/50] Loss=0.2306 ValAcc=80.38
[Distill Epoch 23/50] Loss=0.2279 ValAcc=80.52
[Distill Epoch 24/50] Loss=0.2267 ValAcc=80.82
[Distill Epoch 25/50] Loss=0.2210 ValAcc=80.88
[Distill Epoch 26/50] Loss=0.2188 ValAcc=81.12
[Distill Epoch 27/50] Loss=0.2178 ValAcc=80.78
[Distill Epoch 28/50] Loss=0.2130 ValAcc=80.60
[Distill Epoch 29/50] Loss=0.2114 ValAcc=81.38
[Distill Epoch 30/50] Loss=0.2096 ValAcc=81.40
[Distill Epoch 31/50] Loss=0.2062 ValAcc=81.92
[Distill Epoch 32/50] Loss=0.2061 ValAcc=81.02
[Distill Epoch 33/50] Loss=0.2048 ValAcc=81.42
[Distill Epoch 34/50] Loss=0.2027 ValAcc=81.22
[Distill Epoch 35/50] Loss=0.2001 ValAcc=81.44
[Distill Epoch 36/50] Loss=0.2001 ValAcc=81.92
[Distill Epoch 37/50] Loss=0.1971 ValAcc=81.44
[Distill Epoch 38/50] Loss=0.1969 ValAcc=81.52
[Distill Epoch 39/50] Loss=0.1943 ValAcc=81.82
[Distill Epoch 40/50] Loss=0.1927 ValAcc=81.68
[Distill Epoch 41/50] Loss=0.1917 ValAcc=81.88
[Distill Epoch 42/50] Loss=0.1919 ValAcc=81.68
[Distill Epoch 43/50] Loss=0.1886 ValAcc=81.70
[Distill Epoch 44/50] Loss=0.1885 ValAcc=82.00
[Distill Epoch 45/50] Loss=0.1880 ValAcc=82.08
[Distill Epoch 46/50] Loss=0.1859 ValAcc=82.02
[Distill Epoch 47/50] Loss=0.1856 ValAcc=81.94
[Distill Epoch 48/50] Loss=0.1849 ValAcc=81.66
[Distill Epoch 49/50] Loss=0.1835 ValAcc=82.64
[Distill Epoch 50/50] Loss=0.1830 ValAcc=82.52

Distilled Student Test Accuracy: 81.78
M1_acc= 78.69
M2_acc= 80.61
M3_acc= 80.45
M4_acc= 80.49
M5_acc= 78.27
M6_acc= 80.39
M7_acc= 80.78
M8_acc= 80.24
M9_acc= 78.96
std_dev= 0.9
acc_var= 0.8093

